<?xml version="1.0" encoding="UTF-8"?>
<!--
-->
<character>
	<export>
		<date>X</date>
		<time>X</time>
		<version>6.09.08.RC1</version>
		<paperinfo>
			<name>A4</name>
			<height>297mm</height>
			<width>210mm</width>
			<margins>
				<top>10mm</top>
				<bottom>15mm</bottom>
				<left>10mm</left>
				<right>10mm</right>
			</margins>
		</paperinfo>
		<directories>
			<pcgen>X</pcgen>
			<templates>X</templates>
			<pcg>X</pcg>
			<html>X</html>
			<temp>X</temp>
		</directories>
		<invalidtext>
			<tohit>N/A</tohit>
			<damage>N/A</damage>
		</invalidtext>
	</export>
	<unit_set>
		<name>Imperial</name>
		<height_unit>ftin</height_unit>
		<distance_unit> ft.</distance_unit>
		<weight_unit> lbs.</weight_unit>
	</unit_set>
	<!--
	  ====================================
	  ====================================
			BIO
	  ====================================
	  ====================================-->
	<basics>
		<bonuses></bonuses>
		<bonuses></bonuses>
		<bonuses></bonuses>
		<bonuses></bonuses>
		<name>Corpus Fighter6</name>
		<followerof></followerof>
		<playername></playername>
		<charactertype>PC</charactertype>
		<hero_points>0</hero_points>
		<age>0</age>
		<alignment>
			<long>None</long>
			<short>None</short>
		</alignment>
		<archetypes>
		</archetypes>
		<bab>+6</bab>
		<bio></bio>
		<birthday></birthday>
		<birthplace></birthplace>
		<catchphrase></catchphrase>
		<classes>
			<class>
				<name>Fighter</name>
				<abbreviation>Ftr</abbreviation>
				<level>6</level>
				<bonuslist>Fighter</bonuslist>
				<sequence>0</sequence>
				<sequence_shortform>Ftr6</sequence_shortform>
			</class>
			<levels_total>6</levels_total>
			<levels_ecl>6</levels_ecl>
			<!-- shortform below should be removed - it can be derived from class info above -->
			<shortform>Ftr6</shortform>
			<!-- CLASSLIST is not extracted because we can derive it from the information above -->
		</classes>
		<deity>
			<name>None</name>
			<alignment></alignment>
			<description>None</description>
			<domainlist>Aeon Subdomain, Agathion Subdomain, Air, Ancestors Subdomain, Animal, Aquatic, Arcane Subdomain, Archon Subdomain (Good), Archon Subdomain (Law), Arctic, Aristocracy Subdomain, Artifice, Ash Subdomain, Azata Subdomain (Chaos), Azata Subdomain (Good), Badlands, Battle (Spirit), Blood Subdomain, Bones (Spirit), Cannibalism Subdomain, Catastrophe Subdomain, Cave, Caves Subdomain, Chaos, Charm, Cloud Subdomain, Community, Construct Subdomain, Cooperation Subdomain, Corruption Subdomain, Crocodile, Curse Subdomain, Daemon Subdomain, Dark Tapestry Subdomain, Darkness, Day Subdomain, Death, Death (Pharasma), Decay Subdomain, Deception Subdomain, Defense Subdomain, Demodand Subdomain (Chaos), Demodand Subdomain (Evil), Demon Subdomain (Chaos), Demon Subdomain (Evil), Desert, Destruction, Devil Subdomain (Evil), Devil Subdomain (Law), Divine Subdomain, Dragon Subdomain, Eagle, Earth, Erosion, Evil, Exploration Subdomain, Family Subdomain, Fate Subdomain, Feather Subdomain, Ferocity Subdomain, Fire, Fist Subdomain, Flame (Spirit), Flowing Subdomain, Freedom Subdomain, Frog, Fur Subdomain, Glory, Good, Greed Subdomain, Growth Subdomain, Hatred Subdomain, Healing, Heavens (Spirit), Heroism Subdomain, Home Subdomain, Honor Subdomain, Ice Subdomain, Imagination Subdomain, Inevitable Subdomain, Innuendo Subdomain, Insanity Subdomain, Isolation Subdomain, Judgment Subdomain, Jungle, Knowledge, Kyton Subdomain (Evil), Kyton Subdomain (Law), Language Subdomain, Law, Leadership Subdomain, Leshy Subdomain, Liberation, Life (Spirit), Light Subdomain, Lore (Spirit), Loss Subdomain, Love Subdomain, Luck, Lust Subdomain, Madness, Magic, Martyr Subdomain, Memory Subdomain, Metal Subdomain, Monkey, Mountain, Murder Subdomain, Nature (Spirit), Night Subdomain, Nightmare Subdomain, Nobility, Oceans Subdomain, Panther, Plains, Plant, Protean Subdomain, Protection, Psychopomp Subdomain (Death), Psychopomp Subdomain (Repose), Purity Subdomain, Rage Subdomain, Redemption Subdomain, Repose, Resolve Subdomain, Restoration Subdomain, Resurrection Subdomain, Revelation Subdomain, Revelry Subdomain, Revolution Subdomain, Rune, Saurian Subdomain, Scalykind, Seasons Subdomain, Serpent, Shadow Subdomain (Darkness), Shadow Subdomain (Death), Smoke Subdomain, Solitude Subdomain, Souls (Pharasma) Subdomain, Souls Subdomain, Stars Subdomain, Stone (Spirit), Storms Subdomain, Strength, Sun, Swamp, Tactics Subdomain, Thievery Subdomain, Thought Subdomain, Toil Subdomain, Trade Subdomain, Travel, Trickery, Undead Subdomain, Venom Subdomain, Vermin, Void, Vulture, War, Wards Subdomain, Water, Waves (Spirit), Weather, Wind (Spirit), Wind Subdomain, Wolf</domainlist>
			<favoredweapon></favoredweapon>
			<holyitem>None</holyitem>
			<pantheonlist></pantheonlist>
			<source>Paizo Inc. - Core Rulebook</source>
			<special_abilities></special_abilities>
			<appearance></appearance>
			<title></title>
			<worshippers></worshippers>
		</deity>
		<description></description>
		<experience>
			<current>23000</current>
			<next_level>35000</next_level>
			<factor>100%</factor>
			<penalty>0%</penalty>
		</experience>
		<eyes>
			<color></color>
		</eyes>
		<hair>
			<color></color>
			<length></length>
		</hair>
		<skin>
			<color></color>
		</skin>
		<cr>5</cr>
		<face>
			<face>5 ft. by 5 ft.</face>
			<short>5 ft.</short>
			<squares>1 x 1</squares>
		</face>
		<favoredlist></favoredlist>
		<followerlist></followerlist>
		<gender>
			<long>Male</long>
			<short>Male</short>
		</gender>
		<handed>Right</handed>
		<height>
			<total>0&#39; 0&quot;</total>
			<feet>0</feet>
			<inches>0</inches>
		</height>
		<hitdice>(6d10)+24</hitdice>
		<image>file:C:\Users\USER\Documents\PCGen\characters/Corpus Fighter6.jpg</image>
		<interests></interests>
		<languages>
			<language>Common</language>
			<language>Dwarven</language>
			<language></language>
			<all>Common, Dwarven</all>
		</languages>
		<location></location>
		<move>
			<move>
				<name>Walk</name>
				<rate>20 ft.</rate>
				<squares>4</squares>
			</move>
			<all>Walk 20 ft.</all>
		</move>
		<personality>
			<trait></trait>
			<trait></trait>
		</personality>
		<portrait>
			<portrait></portrait>
			<portrait_thumb></portrait_thumb>
		</portrait>
		<phobias></phobias>
			<race>Dwarf</race>
		<race>
			<racetype>Humanoid</racetype>
		</race>
		<reach>
			<reach>5 ft.</reach>
			<squares>1</squares>
		</reach>
		<region>Absalom</region>
		<reputation>0</reputation>
		<residence></residence>
		<size>
			<long>Medium</long>
			<short>M</short>
		</size>
		<speechtendency></speechtendency>
		<type>Humanoid</type>
		<vision>
			<vision>Darkvision (60 ft.)</vision>
			<all>Darkvision (60 ft.)</all>
		</vision>
		<wealth>0</wealth>
		<gold>4,740</gold>
		<weight>
			<weight_unit>0 lbs.</weight_unit>
			<weight_nounit>0</weight_nounit>
		</weight>
		<poolpoints>
			<cost>0</cost>
			<current>0</current>
		</poolpoints>
		<notes>
		</notes>
	</basics>

	<!-- Use ASPECT.NotesSection.x and ASPECT.Notes.y	-->
	<!--
	  ====================================
	  ====================================
			ABILITIES
	  ====================================
	  ====================================-->
	<abilities>
		<ability>
			<name>
				<long>Strength</long>
				<short>STR</short>
			</name>
			<score>18</score>
			<modifier>+4</modifier>
		<!--
		Old BASE tag does not give stats with racial, and other permentant adjustments.
		Use NOTEMP.NOEQUIP instead of BASE gives the correct results.

			<base>18</base>
			<basemod>+4</basemod>
		-->
			<base>18</base>
			<basemod>+4</basemod>

			<noequip>18</noequip>
			<noequip_mod>+4</noequip_mod>
			<no_temp_score>18</no_temp_score>
			<no_temp_modifier>+4</no_temp_modifier>
		</ability>
		<ability>
			<name>
				<long>Dexterity</long>
				<short>DEX</short>
			</name>
			<score>12</score>
			<modifier>+1</modifier>
		<!--
		Old BASE tag does not give stats with racial, and other permentant adjustments.
		Use NOTEMP.NOEQUIP instead of BASE gives the correct results.

			<base>12</base>
			<basemod>+1</basemod>
		-->
			<base>12</base>
			<basemod>+1</basemod>

			<noequip>12</noequip>
			<noequip_mod>+1</noequip_mod>
			<no_temp_score>12</no_temp_score>
			<no_temp_modifier>+1</no_temp_modifier>
		</ability>
		<ability>
			<name>
				<long>Constitution</long>
				<short>CON</short>
			</name>
			<score>18</score>
			<modifier>+4</modifier>
		<!--
		Old BASE tag does not give stats with racial, and other permentant adjustments.
		Use NOTEMP.NOEQUIP instead of BASE gives the correct results.

			<base>16</base>
			<basemod>+3</basemod>
		-->
			<base>18</base>
			<basemod>+4</basemod>

			<noequip>18</noequip>
			<noequip_mod>+4</noequip_mod>
			<no_temp_score>18</no_temp_score>
			<no_temp_modifier>+4</no_temp_modifier>
		</ability>
		<ability>
			<name>
				<long>Intelligence</long>
				<short>INT</short>
			</name>
			<score>10</score>
			<modifier>+0</modifier>
		<!--
		Old BASE tag does not give stats with racial, and other permentant adjustments.
		Use NOTEMP.NOEQUIP instead of BASE gives the correct results.

			<base>10</base>
			<basemod>+0</basemod>
		-->
			<base>10</base>
			<basemod>+0</basemod>

			<noequip>10</noequip>
			<noequip_mod>+0</noequip_mod>
			<no_temp_score>10</no_temp_score>
			<no_temp_modifier>+0</no_temp_modifier>
		</ability>
		<ability>
			<name>
				<long>Wisdom</long>
				<short>WIS</short>
			</name>
			<score>14</score>
			<modifier>+2</modifier>
		<!--
		Old BASE tag does not give stats with racial, and other permentant adjustments.
		Use NOTEMP.NOEQUIP instead of BASE gives the correct results.

			<base>12</base>
			<basemod>+1</basemod>
		-->
			<base>14</base>
			<basemod>+2</basemod>

			<noequip>14</noequip>
			<noequip_mod>+2</noequip_mod>
			<no_temp_score>14</no_temp_score>
			<no_temp_modifier>+2</no_temp_modifier>
		</ability>
		<ability>
			<name>
				<long>Charisma</long>
				<short>CHA</short>
			</name>
			<score>6</score>
			<modifier>-2</modifier>
		<!--
		Old BASE tag does not give stats with racial, and other permentant adjustments.
		Use NOTEMP.NOEQUIP instead of BASE gives the correct results.

			<base>8</base>
			<basemod>-1</basemod>
		-->
			<base>6</base>
			<basemod>-2</basemod>

			<noequip>6</noequip>
			<noequip_mod>-2</noequip_mod>
			<no_temp_score>6</no_temp_score>
			<no_temp_modifier>-2</no_temp_modifier>
		</ability>
	</abilities>
	<!--
	  ====================================
	  ====================================
			HIT POINTS
	  ====================================
	  ====================================-->
	<hit_points>
		<usealternatedamage>0</usealternatedamage>
		<points>61</points>
		<alternate>36</alternate>
		<die>(6d10)+24</die>
		<die_short>6</die_short>
		<current/>
		<subdual/>
		<damage_reduction></damage_reduction>
		<damage_threshold>0</damage_threshold>
		<history>
			<roll>
				<level>1</level>
				<roll>10</roll>
				<stat>4</stat>
				<total>14</total>
			</roll>
			<roll>
				<level>2</level>
				<roll>9</roll>
				<stat>4</stat>
				<total>13</total>
			</roll>
			<roll>
				<level>3</level>
				<roll>8</roll>
				<stat>4</stat>
				<total>12</total>
			</roll>
			<roll>
				<level>4</level>
				<roll>1</roll>
				<stat>4</stat>
				<total>5</total>
			</roll>
			<roll>
				<level>5</level>
				<roll>3</roll>
				<stat>4</stat>
				<total>7</total>
			</roll>
			<roll>
				<level>6</level>
				<roll>6</roll>
				<stat>4</stat>
				<total>10</total>
			</roll>
		</history>
	</hit_points>
	<!--
	  ====================================
	  ====================================
			ARMOR CLASS
	  ====================================
	  ====================================-->
	<armor_class>
		<total>19</total>
		<listing>ABILITY +1, ARMOR +6, BASE +10, SHIELD +2</listing>
		<flat>18</flat>
		<touch>11</touch>
		<base>10</base>
		<armor_bonus>6</armor_bonus>
		<shield_bonus>2</shield_bonus>
		<stat_mod>1</stat_mod>
		<size_mod>0</size_mod>
		<natural>0</natural>
		<deflection>0</deflection>
		<dodge>0</dodge>
		<dodge_bonus>0</dodge_bonus>
		<class_bonus>0</class_bonus>
		<misc>0</misc>
		<insight>0</insight>
		<morale>0</morale>
		<sacred>0</sacred>
		<profane>0</profane>
		<miss_chance/>
		<max_dex>+3</max_dex>
		<spell_failure>45</spell_failure>
		<check_penalty>-6</check_penalty>
		<spell_resistance>0</spell_resistance>
	</armor_class>
	<!--
	  ====================================
	  ====================================
			INITIATIVE
	  ====================================
	  ====================================-->
	<initiative>
		<total>+1</total>
		<dex_mod>+1</dex_mod>
		<misc_mod>+0</misc_mod>
		<spell_failure>45</spell_failure>
		<check_penalty>-6</check_penalty>
		<spell_resistance>0</spell_resistance>
		<hero_points>0</hero_points>
	</initiative>
	<!--
	  ====================================
	  ====================================
			SKILLS
	  ====================================
	  ====================================-->
	<skillinfo>
		<conditional_modifiers>
			<skillbonus>
				<description>+2 bonus on Perception skill checks to notice unusual stonework, such as traps and hidden doors located in stone walls or floors.</description>
			</skillbonus>
		</conditional_modifiers>
	</skillinfo>
	<skills>
		<conditional_modifiers>
			<skillbonus>
				<description>+2 bonus on Perception skill checks to notice unusual stonework, such as traps and hidden doors located in stone walls or floors.</description>
			</skillbonus>
		</conditional_modifiers>
		<skillpoints>
			<total>12</total>
			<used>12</used>
			<unused>0</unused>
			<eclipse_total>0</eclipse_total>
		</skillpoints>
		<list_mods>Climb +7, Craft (Alchemy) +9</list_mods>
			<max_class_skill_level>6</max_class_skill_level>
		<max_cross_class_skill_level>6.0</max_cross_class_skill_level>
		<skill>
			<name>Acrobatics</name>
			<ranks>0.0</ranks>
			<mod>-3<!-- Mods from abilities, equipment, etc -->
			</mod>
			<skill_mod>-3</skill_mod>
			<ability_mod>1<!-- Mod from the key ability -->
			</ability_mod>
			<misc_mod>-4<!-- This is a calc value of TOTAL-RANK-ABMOD -->
			</misc_mod>
			<ability>DEX</ability>
			<synergy>Acrobatics</synergy>
			<untrained>Y</untrained>
			<exclusive>N</exclusive>
			<trained_total>-3</trained_total>
			<exclusive_total>-3</exclusive_total>
			<classes></classes>
			<type>Dexterity.ACHECK.Base</type>
		</skill>
		<skill>
			<name>Acrobatics (When Jumping)</name>
			<ranks>0.0</ranks>
			<mod>-7<!-- Mods from abilities, equipment, etc -->
			</mod>
			<skill_mod>-7</skill_mod>
			<ability_mod>1<!-- Mod from the key ability -->
			</ability_mod>
			<misc_mod>-8<!-- This is a calc value of TOTAL-RANK-ABMOD -->
			</misc_mod>
			<ability>DEX</ability>
			<synergy>Acrobatics (When Jumping)</synergy>
			<untrained>Y</untrained>
			<exclusive>N</exclusive>
			<trained_total>-7</trained_total>
			<exclusive_total>-7</exclusive_total>
			<classes></classes>
			<type>Dexterity.ACHECK.Base</type>
		</skill>
		<skill>
			<name>Appraise</name>
			<ranks>0.0</ranks>
			<mod>0<!-- Mods from abilities, equipment, etc -->
			</mod>
			<skill_mod>0</skill_mod>
			<ability_mod>0<!-- Mod from the key ability -->
			</ability_mod>
			<misc_mod>0<!-- This is a calc value of TOTAL-RANK-ABMOD -->
			</misc_mod>
			<ability>INT</ability>
			<synergy>Appraise</synergy>
			<untrained>Y</untrained>
			<exclusive>N</exclusive>
			<trained_total>0</trained_total>
			<exclusive_total>0</exclusive_total>
			<classes></classes>
			<type>Intelligence.Base.Background</type>
		</skill>
		<skill>
			<name>Appraise (to assess nonmagical metals or gemstones)</name>
			<ranks>0.0</ranks>
			<mod>2<!-- Mods from abilities, equipment, etc -->
			</mod>
			<skill_mod>2</skill_mod>
			<ability_mod>0<!-- Mod from the key ability -->
			</ability_mod>
			<misc_mod>2<!-- This is a calc value of TOTAL-RANK-ABMOD -->
			</misc_mod>
			<ability>INT</ability>
			<synergy>Appraise (to assess nonmagical metals or gemstones)</synergy>
			<untrained>Y</untrained>
			<exclusive>N</exclusive>
			<trained_total>2</trained_total>
			<exclusive_total>2</exclusive_total>
			<classes></classes>
			<type>Intelligence.Base.Background</type>
		</skill>
		<skill>
			<name>Bluff</name>
			<ranks>0.0</ranks>
			<mod>-2<!-- Mods from abilities, equipment, etc -->
			</mod>
			<skill_mod>-2</skill_mod>
			<ability_mod>-2<!-- Mod from the key ability -->
			</ability_mod>
			<misc_mod>0<!-- This is a calc value of TOTAL-RANK-ABMOD -->
			</misc_mod>
			<ability>CHA</ability>
			<synergy>Bluff</synergy>
			<untrained>Y</untrained>
			<exclusive>N</exclusive>
			<trained_total>-2</trained_total>
			<exclusive_total>-2</exclusive_total>
			<classes></classes>
			<type>Charisma.Base</type>
		</skill>
		<skill>
			<name>Climb</name>
			<ranks>6.0</ranks>
			<mod>1<!-- Mods from abilities, equipment, etc -->
			</mod>
			<skill_mod>7</skill_mod>
			<ability_mod>4<!-- Mod from the key ability -->
			</ability_mod>
			<misc_mod>-3<!-- This is a calc value of TOTAL-RANK-ABMOD -->
			</misc_mod>
			<ability>STR</ability>
			<synergy>Climb</synergy>
			<untrained>Y</untrained>
			<exclusive>N</exclusive>
			<trained_total>7</trained_total>
			<exclusive_total>7</exclusive_total>
			<classes>Fighter</classes>
			<type>Strength.ACHECK.Base</type>
		</skill>
		<skill>
			<name>Craft (Alchemy)</name>
			<ranks>6.0</ranks>
			<mod>3<!-- Mods from abilities, equipment, etc -->
			</mod>
			<skill_mod>9</skill_mod>
			<ability_mod>0<!-- Mod from the key ability -->
			</ability_mod>
			<misc_mod>3<!-- This is a calc value of TOTAL-RANK-ABMOD -->
			</misc_mod>
			<ability>INT</ability>
			<synergy>Craft (Alchemy)</synergy>
			<untrained>NO</untrained>
			<exclusive>N</exclusive>
			<trained_total>9</trained_total>
			<exclusive_total>9</exclusive_total>
			<classes>Fighter</classes>
			<type>Intelligence.Craft.Base.Background</type>
		</skill>
		<skill>
			<name>Craft (Untrained)</name>
			<ranks>0.0</ranks>
			<mod>0<!-- Mods from abilities, equipment, etc -->
			</mod>
			<skill_mod>0</skill_mod>
			<ability_mod>0<!-- Mod from the key ability -->
			</ability_mod>
			<misc_mod>0<!-- This is a calc value of TOTAL-RANK-ABMOD -->
			</misc_mod>
			<ability>INT</ability>
			<synergy>Craft (Untrained)</synergy>
			<untrained>Y</untrained>
			<exclusive>N</exclusive>
			<trained_total>0</trained_total>
			<exclusive_total>0</exclusive_total>
			<classes>Fighter</classes>
			<type>Intelligence.Craft</type>
		</skill>
		<skill>
			<name>Diplomacy</name>
			<ranks>0.0</ranks>
			<mod>-2<!-- Mods from abilities, equipment, etc -->
			</mod>
			<skill_mod>-2</skill_mod>
			<ability_mod>-2<!-- Mod from the key ability -->
			</ability_mod>
			<misc_mod>0<!-- This is a calc value of TOTAL-RANK-ABMOD -->
			</misc_mod>
			<ability>CHA</ability>
			<synergy>Diplomacy</synergy>
			<untrained>Y</untrained>
			<exclusive>N</exclusive>
			<trained_total>-2</trained_total>
			<exclusive_total>-2</exclusive_total>
			<classes></classes>
			<type>Charisma.Base</type>
		</skill>
		<skill>
			<name>Disguise</name>
			<ranks>0.0</ranks>
			<mod>-2<!-- Mods from abilities, equipment, etc -->
			</mod>
			<skill_mod>-2</skill_mod>
			<ability_mod>-2<!-- Mod from the key ability -->
			</ability_mod>
			<misc_mod>0<!-- This is a calc value of TOTAL-RANK-ABMOD -->
			</misc_mod>
			<ability>CHA</ability>
			<synergy>Disguise</synergy>
			<untrained>Y</untrained>
			<exclusive>N</exclusive>
			<trained_total>-2</trained_total>
			<exclusive_total>-2</exclusive_total>
			<classes></classes>
			<type>Charisma.Base</type>
		</skill>
		<skill>
			<name>Escape Artist</name>
			<ranks>0.0</ranks>
			<mod>-5<!-- Mods from abilities, equipment, etc -->
			</mod>
			<skill_mod>-5</skill_mod>
			<ability_mod>1<!-- Mod from the key ability -->
			</ability_mod>
			<misc_mod>-6<!-- This is a calc value of TOTAL-RANK-ABMOD -->
			</misc_mod>
			<ability>DEX</ability>
			<synergy>Escape Artist</synergy>
			<untrained>Y</untrained>
			<exclusive>N</exclusive>
			<trained_total>-5</trained_total>
			<exclusive_total>-5</exclusive_total>
			<classes></classes>
			<type>Dexterity.ACHECK.Base</type>
		</skill>
		<skill>
			<name>Fly</name>
			<ranks>0.0</ranks>
			<mod>-3<!-- Mods from abilities, equipment, etc -->
			</mod>
			<skill_mod>-3</skill_mod>
			<ability_mod>1<!-- Mod from the key ability -->
			</ability_mod>
			<misc_mod>-4<!-- This is a calc value of TOTAL-RANK-ABMOD -->
			</misc_mod>
			<ability>DEX</ability>
			<synergy>Fly</synergy>
			<untrained>Y</untrained>
			<exclusive>N</exclusive>
			<trained_total>-3</trained_total>
			<exclusive_total>-3</exclusive_total>
			<classes></classes>
			<type>Dexterity.ACHECK.Base</type>
		</skill>
		<skill>
			<name>Heal</name>
			<ranks>0.0</ranks>
			<mod>2<!-- Mods from abilities, equipment, etc -->
			</mod>
			<skill_mod>2</skill_mod>
			<ability_mod>2<!-- Mod from the key ability -->
			</ability_mod>
			<misc_mod>0<!-- This is a calc value of TOTAL-RANK-ABMOD -->
			</misc_mod>
			<ability>WIS</ability>
			<synergy>Heal</synergy>
			<untrained>Y</untrained>
			<exclusive>N</exclusive>
			<trained_total>2</trained_total>
			<exclusive_total>2</exclusive_total>
			<classes></classes>
			<type>Wisdom.Base</type>
		</skill>
		<skill>
			<name>Intimidate</name>
			<ranks>0.0</ranks>
			<mod>-2<!-- Mods from abilities, equipment, etc -->
			</mod>
			<skill_mod>-2</skill_mod>
			<ability_mod>-2<!-- Mod from the key ability -->
			</ability_mod>
			<misc_mod>0<!-- This is a calc value of TOTAL-RANK-ABMOD -->
			</misc_mod>
			<ability>CHA</ability>
			<synergy>Intimidate</synergy>
			<untrained>Y</untrained>
			<exclusive>N</exclusive>
			<trained_total>-2</trained_total>
			<exclusive_total>-2</exclusive_total>
			<classes>Fighter</classes>
			<type>Charisma.Base</type>
		</skill>
		<skill>
			<name>Perception</name>
			<ranks>0.0</ranks>
			<mod>2<!-- Mods from abilities, equipment, etc -->
			</mod>
			<skill_mod>2</skill_mod>
			<ability_mod>2<!-- Mod from the key ability -->
			</ability_mod>
			<misc_mod>0<!-- This is a calc value of TOTAL-RANK-ABMOD -->
			</misc_mod>
			<ability>WIS</ability>
			<synergy>Perception</synergy>
			<untrained>Y</untrained>
			<exclusive>N</exclusive>
			<trained_total>2</trained_total>
			<exclusive_total>2</exclusive_total>
			<classes></classes>
			<type>Wisdom.Base</type>
		</skill>
		<skill>
			<name>Perception (to notice unusual stonework)</name>
			<ranks>0.0</ranks>
			<mod>4<!-- Mods from abilities, equipment, etc -->
			</mod>
			<skill_mod>4</skill_mod>
			<ability_mod>2<!-- Mod from the key ability -->
			</ability_mod>
			<misc_mod>2<!-- This is a calc value of TOTAL-RANK-ABMOD -->
			</misc_mod>
			<ability>WIS</ability>
			<synergy>Perception (to notice unusual stonework)</synergy>
			<untrained>Y</untrained>
			<exclusive>N</exclusive>
			<trained_total>4</trained_total>
			<exclusive_total>4</exclusive_total>
			<classes></classes>
			<type>Wisdom.Base</type>
		</skill>
		<skill>
			<name>Perform (Untrained)</name>
			<ranks>0.0</ranks>
			<mod>-2<!-- Mods from abilities, equipment, etc -->
			</mod>
			<skill_mod>-2</skill_mod>
			<ability_mod>-2<!-- Mod from the key ability -->
			</ability_mod>
			<misc_mod>0<!-- This is a calc value of TOTAL-RANK-ABMOD -->
			</misc_mod>
			<ability>CHA</ability>
			<synergy>Perform (Untrained)</synergy>
			<untrained>Y</untrained>
			<exclusive>N</exclusive>
			<trained_total>-2</trained_total>
			<exclusive_total>-2</exclusive_total>
			<classes></classes>
			<type>Charisma.Perform.Background</type>
		</skill>
		<skill>
			<name>Ride</name>
			<ranks>0.0</ranks>
			<mod>-5<!-- Mods from abilities, equipment, etc -->
			</mod>
			<skill_mod>-5</skill_mod>
			<ability_mod>1<!-- Mod from the key ability -->
			</ability_mod>
			<misc_mod>-6<!-- This is a calc value of TOTAL-RANK-ABMOD -->
			</misc_mod>
			<ability>DEX</ability>
			<synergy>Ride</synergy>
			<untrained>Y</untrained>
			<exclusive>N</exclusive>
			<trained_total>-5</trained_total>
			<exclusive_total>-5</exclusive_total>
			<classes>Fighter</classes>
			<type>Dexterity.ACHECK.Base</type>
		</skill>
		<skill>
			<name>Sense Motive</name>
			<ranks>0.0</ranks>
			<mod>2<!-- Mods from abilities, equipment, etc -->
			</mod>
			<skill_mod>2</skill_mod>
			<ability_mod>2<!-- Mod from the key ability -->
			</ability_mod>
			<misc_mod>0<!-- This is a calc value of TOTAL-RANK-ABMOD -->
			</misc_mod>
			<ability>WIS</ability>
			<synergy>Sense Motive</synergy>
			<untrained>Y</untrained>
			<exclusive>N</exclusive>
			<trained_total>2</trained_total>
			<exclusive_total>2</exclusive_total>
			<classes></classes>
			<type>Wisdom.Base</type>
		</skill>
		<skill>
			<name>Stealth</name>
			<ranks>0.0</ranks>
			<mod>-5<!-- Mods from abilities, equipment, etc -->
			</mod>
			<skill_mod>-5</skill_mod>
			<ability_mod>1<!-- Mod from the key ability -->
			</ability_mod>
			<misc_mod>-6<!-- This is a calc value of TOTAL-RANK-ABMOD -->
			</misc_mod>
			<ability>DEX</ability>
			<synergy>Stealth</synergy>
			<untrained>Y</untrained>
			<exclusive>N</exclusive>
			<trained_total>-5</trained_total>
			<exclusive_total>-5</exclusive_total>
			<classes></classes>
			<type>Dexterity.ACHECK.Base</type>
		</skill>
		<skill>
			<name>Survival</name>
			<ranks>0.0</ranks>
			<mod>2<!-- Mods from abilities, equipment, etc -->
			</mod>
			<skill_mod>2</skill_mod>
			<ability_mod>2<!-- Mod from the key ability -->
			</ability_mod>
			<misc_mod>0<!-- This is a calc value of TOTAL-RANK-ABMOD -->
			</misc_mod>
			<ability>WIS</ability>
			<synergy>Survival</synergy>
			<untrained>Y</untrained>
			<exclusive>N</exclusive>
			<trained_total>2</trained_total>
			<exclusive_total>2</exclusive_total>
			<classes>Fighter</classes>
			<type>Wisdom.Base</type>
		</skill>
		<skill>
			<name>Swim</name>
			<ranks>0.0</ranks>
			<mod>-2<!-- Mods from abilities, equipment, etc -->
			</mod>
			<skill_mod>-2</skill_mod>
			<ability_mod>4<!-- Mod from the key ability -->
			</ability_mod>
			<misc_mod>-6<!-- This is a calc value of TOTAL-RANK-ABMOD -->
			</misc_mod>
			<ability>STR</ability>
			<synergy>Swim</synergy>
			<untrained>Y</untrained>
			<exclusive>N</exclusive>
			<trained_total>-2</trained_total>
			<exclusive_total>-2</exclusive_total>
			<classes>Fighter</classes>
			<type>Strength.ACHECK.Base</type>
		</skill>

	<!-- Skills -->
	</skills>
	<!--
	  ====================================
	  ====================================
			SAVING THROWS
	  ====================================
	  ====================================-->
	<saving_throws>
		<conditional_modifiers>
			<savebonus>
				<description>+2 Will vs. fear</description>
			</savebonus>
			<savebonus>
				<description>+2 racial bonus on saving throws against poison, spells, and spell-like abilities.</description>
			</savebonus>
		</conditional_modifiers>
		<saving_throw>
			<name>
				<long>fortitude</long>
				<short>fort</short>
			</name>
				<ability>constitution</ability>
			<total>+9</total>
			<base>+5</base>
			<abil_mod>+4</abil_mod>
			<feats>+0</feats>
			<magic_mod>+0</magic_mod>
			<misc_mod>+0</misc_mod>
			<misc_w_magic_mod>+0</misc_w_magic_mod>
			<race>+0</race>
			<epic_mod>+0</epic_mod>
			<temp_mod/>
		</saving_throw>
		<saving_throw>
			<name>
				<long>reflex</long>
				<short>ref</short>
			</name>
				<ability>dexterity</ability>
			<total>+3</total>
			<base>+2</base>
			<abil_mod>+1</abil_mod>
			<feats>+0</feats>
			<magic_mod>+0</magic_mod>
			<misc_mod>+0</misc_mod>
			<misc_w_magic_mod>+0</misc_w_magic_mod>
			<race>+0</race>
			<epic_mod>+0</epic_mod>
			<temp_mod/>
		</saving_throw>
		<saving_throw>
			<name>
				<long>will</long>
				<short>will</short>
			</name>
				<ability>wisdom</ability>
			<total>+4</total>
			<base>+2</base>
			<abil_mod>+2</abil_mod>
			<feats>+0</feats>
			<magic_mod>+0</magic_mod>
			<misc_mod>+0</misc_mod>
			<misc_w_magic_mod>+0</misc_w_magic_mod>
			<race>+0</race>
			<epic_mod>+0</epic_mod>
			<temp_mod/>
		</saving_throw>
	</saving_throws>
	<!--
	  ====================================
	  ====================================
			ATTACK
	  ====================================
	  ====================================-->
	<attack>
			<conditional_modifiers>
				<combatbonus>
					<description>+4 dodge bonus to AC against monsters of the giant subtype.</description>
				</combatbonus>
				<combatbonus>
					<description>+1 bonus on attack rolls against humanoid creatures of the orc and goblinoid subtypes due to special training against these hated foes.</description>
				</combatbonus>
				<combatbonus>
					<description>+4 bonus to their Combat Maneuver Defense when resisting a bull rush or trip attempt while standing on the ground.</description>
				</combatbonus>
				<savebonus>
				<description>+2 Will vs. fear</description>
				</savebonus>
				<savebonus>
				<description>+2 racial bonus on saving throws against poison, spells, and spell-like abilities.</description>
				</savebonus>
			</conditional_modifiers>

		<melee>
			<total>+10/+5</total>
			<total_short>+10</total_short>
			<bab>+6</bab>
			<!-- +6 -->
			<base_attack_bonus>+6/+1</base_attack_bonus>
			<stat_mod>+4</stat_mod>
			<size_mod>+0</size_mod>
			<misc_mod>+0</misc_mod>
			<epic_mod>0</epic_mod>
			<!-- +0 -->
			<temp_mod/>
		</melee>
		<ranged>
			<total>+7/+2</total>
			<bab>+6</bab>
			<!-- +6 -->
			<base_attack_bonus>+6/+1</base_attack_bonus>
			<stat_mod>+1</stat_mod>
			<size_mod>+0</size_mod>
			<misc_mod>+0</misc_mod>
			<epic_mod>0</epic_mod>
			<!-- +0 -->
			<temp_mod/>
		</ranged>
			<!-- Either CMB block, or Grapple Block -->
			<cmb>
				<!-- Base stuff for standard block -->
				<title>CMB</title>
				<total>+7</total>
				<bab>+6</bab>
				<base_attack_bonus>+6/+1</base_attack_bonus>
				<stat_mod>+1</stat_mod>
				<size_mod>+0</size_mod>
				<misc_mod></misc_mod>	
				<epic_mod/>
				<temp_mod/>
				<!-- Base values (not yet used) -->
				<grapple_base>+7</grapple_base>
				<trip_base>+7</trip_base>
				<disarm_base>+7</disarm_base>
				<sunder_base>+7</sunder_base>
				<bullrush_base>+0</bullrush_base>
				<overrun_base>+7</overrun_base>
				<!-- Defense values -->
				<!-- Pathfinder (final release) -->
				<!-- Attack values -->
				<grapple_attack>+7</grapple_attack>
				<trip_attack>+7</trip_attack>
				<disarm_attack>+7</disarm_attack>
				<sunder_attack>+7</sunder_attack>
				<bullrush_attack>+7</bullrush_attack>
				<overrun_attack>+7</overrun_attack>
				<!-- Defense values -->
				<defense>21</defense>
				<grapple_defense>21</grapple_defense>
				<trip_defense>
				25
				</trip_defense>
				<disarm_defense>21</disarm_defense>
				<sunder_defense>21</sunder_defense>
				<bullrush_defense>25</bullrush_defense>
				<overrun_defense>21</overrun_defense>

			</cmb>
		<!-- End CMB / Grapple Block -->
	</attack>
	<!--
	  ====================================
	  ====================================
			WEAPONS
	  ====================================
	  ====================================-->

	<weapons>
		<unarmed>
			<total>+10/+5</total>
			<damage>1d3+4</damage>
			<critical>20/x2</critical>
			<!-- Should be changed to a variable due to improved crit -->
			<reach>5 ft.</reach>
						<!-- Commenting this out (will need a test as well)
			3.0 uses "Subdual", 3.5 uses "nonlethal".  We'll need a separate node for both.	-->
			<type>(nonlethal only)</type>
		</unarmed>
		<!-- Spirit Weapon - Melee -->

		<!-- Spirit Weapon - Ranged -->
	<!-- End Spirit Weapon - Ranged -->

	<!-- Blank Natural Attack -->

	<!-- Natural Attack -->

	<!--	Request to remove the Double Weapon Block OS-133		-->
		<weapon>
			<common>
				<name>
					<short>*Longsword</short>
					<long>*Longsword</long>
					<output>*Longsword</output>
				</name>
				<category>Martial-Melee</category>
				<critical>
					<range>19-20</range>
					<multiplier>2</multiplier>
				</critical>
				<to_hit>
					<hit>+4/-1</hit>
					<magic_hit>+0</magic_hit>
					<total_hit>+4/-1</total_hit>
				</to_hit>
				<feat>
					<hit>+0</hit>
					<damage>+0</damage>
				</feat>
				<magic>
					<hit>+0</hit>
					<damage>+0</damage>
				</magic>
				<template>
					<hit>+0</hit>
					<damage>+0</damage>
				</template>
				<hand>Primary</hand>
				<num_attacks>2</num_attacks>
				<reach>5</reach>
				<reachunit> ft.</reachunit>
				<size>M</size>
					<special_properties></special_properties>
				<type>S</type>
				<weight>4</weight>
				<attacks>0</attacks>
				<heft>MEDIUM</heft>
				<range>0 ft.</range>
				<sizemod>+0</sizemod>
				<basehit>+10/+5</basehit>
				<misc>+0</misc>
				<damage>1d8+4</damage>
				<damagebonus>+4</damagebonus>
				<basedamagebonus>+0</basedamagebonus>
				<thdamagebonus>+6</thdamagebonus>
				<ohdamagebonus>+2</ohdamagebonus>
				<rateoffire></rateoffire>
				<islight>FALSE</islight>
				<sequence>0</sequence>
			</common>
			<melee>
				<invalidtext>
					<tohit>N/A</tohit>
					<damage>N/A</damage>
				</invalidtext>
				<hand>Primary</hand>
				<w1_h1_p>
					<!-- One weapon, 1 hand, primary hand -->
					<to_hit>+10/+5</to_hit>
					<damage>1d8+4</damage>
				</w1_h1_p>
				<w1_h1_o>
					<!-- One weapon, 1 handed, offhand -->
					<to_hit>+6/+1</to_hit>
					<damage>1d8+2</damage>
				</w1_h1_o>
				<w1_h2>
					<!-- One weapon, 2 handed -->
					<to_hit>+10/+5</to_hit>
					<damage>1d8+6</damage>
				</w1_h2>
				<w2_p_oh>
					<!-- Two weapons, this weapon in primary hand, other hand with heavy weapon -->
					<to_hit>+4/-1</to_hit>
					<damage>1d8+4</damage>
				</w2_p_oh>
				<w2_p_ol>
					<!-- Two weapons, this weapon in primary hand, other hand with light weapon -->
					<to_hit>+6/+1</to_hit>
					<damage>1d8+4</damage>
				</w2_p_ol>
				<w2_o>
					<!-- Two weapons, this weapon in off-hand -->
					<to_hit>+0</to_hit>
					<damage>1d8+2</damage>
				</w2_o>
			</melee>
		</weapon>
	<!--	Request to remove the Double Weapon Block OS-133		-->
		<weapon>
			<common>
				<name>
					<short>*Shield, Heavy Steel</short>
					<long>*Shield, Heavy Steel</long>
					<output>*Shield, Heavy Steel</output>
				</name>
				<category>Non-Standard-Melee</category>
				<critical>
					<range>20</range>
					<multiplier>2</multiplier>
				</critical>
				<to_hit>
					<hit>+0</hit>
					<magic_hit>+4</magic_hit>
					<total_hit>+0</total_hit>
				</to_hit>
				<feat>
					<hit>+0</hit>
					<damage>+0</damage>
				</feat>
				<magic>
					<hit>+4</hit>
					<damage>+0</damage>
				</magic>
				<template>
					<hit>+0</hit>
					<damage>+0</damage>
				</template>
				<hand>Off-hand</hand>
				<num_attacks>2</num_attacks>
				<reach>5</reach>
				<reachunit> ft.</reachunit>
				<size>M</size>
					<special_properties></special_properties>
				<type></type>
				<weight>15</weight>
				<attacks>0</attacks>
				<heft>MEDIUM</heft>
				<range>0 ft.</range>
				<sizemod>+0</sizemod>
				<basehit>+10</basehit>
				<misc>+0</misc>
				<damage>1d4+2</damage>
				<damagebonus>+2</damagebonus>
				<basedamagebonus>+0</basedamagebonus>
				<thdamagebonus>+6</thdamagebonus>
				<ohdamagebonus>+2</ohdamagebonus>
				<rateoffire></rateoffire>
				<islight>FALSE</islight>
				<sequence>1</sequence>
			</common>
			<simple>
				<to_hit>+0</to_hit>
				<damage>1d4+2</damage>
				<range>0 ft.</range>
				<!-- This is an Addition by Itwally for the Monk Flurry of Blows Fix per DATA-73 -->
				<name>*Shield, Heavy Steel</name>
				<class>Ftr6</class>
		<!-- End DATA-73 Work Around-->
			</simple>
		</weapon>
		<weapon>
			<common>
				<name>
					<short>Longbow</short>
					<long>Longbow</long>
					<output>Longbow</output>
				</name>
				<category>Martial-Ranged</category>
				<critical>
					<range>20</range>
					<multiplier>3</multiplier>
				</critical>
				<to_hit>
					<hit>+7/+2</hit>
					<magic_hit>+0</magic_hit>
					<total_hit>+7/+2</total_hit>
				</to_hit>
				<feat>
					<hit>+0</hit>
					<damage>+0</damage>
				</feat>
				<magic>
					<hit>+0</hit>
					<damage>+0</damage>
				</magic>
				<template>
					<hit>+0</hit>
					<damage>+0</damage>
				</template>
				<hand>Carried</hand>
				<num_attacks>2</num_attacks>
				<reach>5</reach>
				<reachunit> ft.</reachunit>
				<size>M</size>
					<special_properties></special_properties>
				<type>P</type>
				<weight>3</weight>
				<attacks>0</attacks>
				<heft>MEDIUM</heft>
				<range>100 ft.</range>
				<sizemod>+0</sizemod>
				<basehit>+7/+2</basehit>
				<misc>+0</misc>
				<damage>1d8</damage>
				<damagebonus>+0</damagebonus>
				<basedamagebonus>+0</basedamagebonus>
				<thdamagebonus>+0</thdamagebonus>
				<ohdamagebonus>+0</ohdamagebonus>
				<rateoffire></rateoffire>
				<islight>FALSE</islight>
				<sequence>2</sequence>
			</common>
			<ranges>
				<rangetype>Ranged</rangetype><!-- ranged second -->
				<range>
					<distance>30 ft.</distance>
					<to_hit>+7/+2</to_hit>
					<damage>1d8</damage>
					<basehit>+7/+2</basehit>
					<tohit_offhand>+3/-2</tohit_offhand>
					<tohit_twohand>+7/+2</tohit_twohand>
					<tohit_2weap_heavy>+1/-4</tohit_2weap_heavy>
					<tohit_2weap_light>+3/-2</tohit_2weap_light>
					<tohit_2weap_offhand>-3</tohit_2weap_offhand>
				</range>
				<range>
					<distance>100 ft.</distance>
					<to_hit>+7/+2</to_hit>
					<damage>1d8</damage>
					<basehit>+7/+2</basehit>
					<tohit_offhand>+3/-2</tohit_offhand>
					<tohit_twohand>+7/+2</tohit_twohand>
					<tohit_2weap_heavy>+1/-4</tohit_2weap_heavy>
					<tohit_2weap_light>+3/-2</tohit_2weap_light>
					<tohit_2weap_offhand>-3</tohit_2weap_offhand>
				</range>
				<range>
					<distance>200 ft.</distance>
					<to_hit>+5/+0</to_hit>
					<damage>1d8</damage>
					<basehit>+5/+0</basehit>
					<tohit_offhand>+1/-4</tohit_offhand>
					<tohit_twohand>+5/+0</tohit_twohand>
					<tohit_2weap_heavy>-1/-6</tohit_2weap_heavy>
					<tohit_2weap_light>+1/-4</tohit_2weap_light>
					<tohit_2weap_offhand>-5</tohit_2weap_offhand>
				</range>
				<range>
					<distance>300 ft.</distance>
					<to_hit>+3/-2</to_hit>
					<damage>1d8</damage>
					<basehit>+3/-2</basehit>
					<tohit_offhand>-1/-6</tohit_offhand>
					<tohit_twohand>+3/-2</tohit_twohand>
					<tohit_2weap_heavy>-3/-8</tohit_2weap_heavy>
					<tohit_2weap_light>-1/-6</tohit_2weap_light>
					<tohit_2weap_offhand>-7</tohit_2weap_offhand>
				</range>
				<range>
					<distance>400 ft.</distance>
					<to_hit>+1/-4</to_hit>
					<damage>1d8</damage>
					<basehit>+1/-4</basehit>
					<tohit_offhand>-3/-8</tohit_offhand>
					<tohit_twohand>+1/-4</tohit_twohand>
					<tohit_2weap_heavy>-5/-10</tohit_2weap_heavy>
					<tohit_2weap_light>-3/-8</tohit_2weap_light>
					<tohit_2weap_offhand>-9</tohit_2weap_offhand>
				</range>
				<range>
					<distance>500 ft.</distance>
					<to_hit>-1/-6</to_hit>
					<damage>1d8</damage>
					<basehit>-1/-6</basehit>
					<tohit_offhand>-5/-10</tohit_offhand>
					<tohit_twohand>-1/-6</tohit_twohand>
					<tohit_2weap_heavy>-7/-12</tohit_2weap_heavy>
					<tohit_2weap_light>-5/-10</tohit_2weap_light>
					<tohit_2weap_offhand>-11</tohit_2weap_offhand>
				</range>
				<range>
					<distance>600 ft.</distance>
					<to_hit>-3/-8</to_hit>
					<damage>1d8</damage>
					<basehit>-3/-8</basehit>
					<tohit_offhand>-7/-12</tohit_offhand>
					<tohit_twohand>-3/-8</tohit_twohand>
					<tohit_2weap_heavy>-9/-14</tohit_2weap_heavy>
					<tohit_2weap_light>-7/-12</tohit_2weap_light>
					<tohit_2weap_offhand>-13</tohit_2weap_offhand>
				</range>
				<range>
					<distance>700 ft.</distance>
					<to_hit>-5/-10</to_hit>
					<damage>1d8</damage>
					<basehit>-5/-10</basehit>
					<tohit_offhand>-9/-14</tohit_offhand>
					<tohit_twohand>-5/-10</tohit_twohand>
					<tohit_2weap_heavy>-11/-16</tohit_2weap_heavy>
					<tohit_2weap_light>-9/-14</tohit_2weap_light>
					<tohit_2weap_offhand>-15</tohit_2weap_offhand>
				</range>
				<range>
					<distance>800 ft.</distance>
					<to_hit>-7/-12</to_hit>
					<damage>1d8</damage>
					<basehit>-7/-12</basehit>
					<tohit_offhand>-11/-16</tohit_offhand>
					<tohit_twohand>-7/-12</tohit_twohand>
					<tohit_2weap_heavy>-13/-18</tohit_2weap_heavy>
					<tohit_2weap_light>-11/-16</tohit_2weap_light>
					<tohit_2weap_offhand>-17</tohit_2weap_offhand>
				</range>
				<range>
					<distance>900 ft.</distance>
					<to_hit>-9/-14</to_hit>
					<damage>1d8</damage>
					<basehit>-9/-14</basehit>
					<tohit_offhand>-13/-18</tohit_offhand>
					<tohit_twohand>-9/-14</tohit_twohand>
					<tohit_2weap_heavy>-15/-20</tohit_2weap_heavy>
					<tohit_2weap_light>-13/-18</tohit_2weap_light>
					<tohit_2weap_offhand>-19</tohit_2weap_offhand>
				</range>
				<range>
					<distance>1000 ft.</distance>
					<to_hit>-11/-16</to_hit>
					<damage>1d8</damage>
					<basehit>-11/-16</basehit>
					<tohit_offhand>-15/-20</tohit_offhand>
					<tohit_twohand>-11/-16</tohit_twohand>
					<tohit_2weap_heavy>-17/-22</tohit_2weap_heavy>
					<tohit_2weap_light>-15/-20</tohit_2weap_light>
					<tohit_2weap_offhand>-21</tohit_2weap_offhand>
				</range>
			</ranges>
		</weapon>

	</weapons>
	<!--
	  ====================================
	  ====================================
			ARMOR
	  ====================================
	  ====================================-->
	<protection>
		<armor>
			<name>*Chainmail</name>
			<acbonus>+6</acbonus>
			<accheck>-5</accheck>
			<baseac>+6</baseac>
			<edr>+0</edr>
			<maxdex>+2</maxdex>
			<move></move>
			<spellfail>30</spellfail>
			<special_properties></special_properties>
			<totalac>+6</totalac>
			<type>Medium</type>
			<wt>40</wt>
			<fulltype>ARMOR.MEDIUM.ARMORPROFMEDIUM.SUIT.CUSTOM.METAL</fulltype>
			<location>Equipped</location>
		</armor>
		<shield>
			<name>*Shield, Heavy Steel</name>
			<acbonus>+2</acbonus>
			<accheck>-2</accheck>
			<baseac>+2</baseac>
			<edr>+0</edr>
			<maxdex></maxdex>
			<move></move>
			<spellfail>15</spellfail>
			<special_properties></special_properties>
			<totalac>+2</totalac>
			<type>Heavy</type>
			<wt>15</wt>
		</shield>
	</protection>
	<!--
	  ====================================
	  ====================================
			CLASS-DEPENDANT FEATURES
	  ====================================
	  ====================================-->
	<class_features>
		<!-- D&D 3.0 -->
		<!-- D&D 3.5 -->
	<!-- Bard -->




	<!-- Pathfinder -->
		<!-- Character Rage -->
		<!-- Character Rage -->

	<!-- Turning ability -->


	<!-- Eclipse Channeling -->

	<!-- Channel Energy -->

	<!-- 3.0 stunning fist -->

	<!-- 3.0 stunning fist -->

	<!-- 3.5 stunning fist -->

	<!-- 3.0 wholeness of body -->

	<!-- 3.5 wholeness of body -->

			<!-- Psionics -->

		
		


	</class_features>

	<!-- Abilites with check lists - master/child abilities -->
	<checklists>
	</checklists>

	<!-- Proficiency lists -->
	<proficiency_specials>
	</proficiency_specials>

	<!--
	  ====================================
	  ====================================
			EQUIPMENT
	  ====================================
	  ====================================-->
	<equipment>
		<item>
			<longname>Longsword</longname>
			<id></id>
			<name>Longsword</name>
			<carried>1.0</carried>
			<charges></charges>
			<charges_used></charges_used>
			<contents></contents>
			<contents_num>0</contents_num>
			<content_weight>0</content_weight>
			<cost>15</cost>
			<equipped>Y</equipped>
			<location>Equipped</location>
			<locationId></locationId>
			<maxcharges>0</maxcharges>
			<note></note>
			<quantity>1</quantity>
			<checkbox>1</checkbox>
			<size>
				<long>Medium</long>
				<short>M</short>
			</size>
			<special_properties></special_properties>
			<type>WEAPON.RESIZABLE.MELEE.MARTIAL.ONEHANDED.SLASHING.SWORD.BLADEHEAVY.WEAPON GROUP BLADES HEAVY.CUSTOM.METAL</type>
			<weight>4</weight>
			<total_wt>4</total_wt>
			<total_weight>4</total_weight>
			<bonuslist></bonuslist>
			<acmod>0</acmod>
			<maxdex>100</maxdex>
			<accheck>0</accheck>
			<edr>0</edr>
			<move></move>
			<spell_failure>0</spell_failure>
			<damage>1d8</damage>
			<damage_alt></damage_alt>
			<crit_range>2</crit_range>
			<crit_mult>x2</crit_mult>
			<crit_range_alt></crit_range_alt>
			<crit_mult_alt></crit_mult_alt>
			<range>0 ft.</range>
			<attacks>0.0</attacks>
			<prof>Longsword</prof>
			<source>Custom - Paizo Inc. - Core Rulebook, p.147</source>
			<quality></quality>
		</item>
		<item>
			<longname>Shield, Heavy Steel</longname>
			<id></id>
			<name>Shield, Heavy Steel</name>
			<carried>1.0</carried>
			<charges></charges>
			<charges_used></charges_used>
			<contents></contents>
			<contents_num>0</contents_num>
			<content_weight>0</content_weight>
			<cost>20</cost>
			<equipped>Y</equipped>
			<location>Equipped</location>
			<locationId></locationId>
			<maxcharges>0</maxcharges>
			<note></note>
			<quantity>1</quantity>
			<checkbox>1</checkbox>
			<size>
				<long>Medium</long>
				<short>M</short>
			</size>
			<special_properties></special_properties>
			<type>SHIELD.HEAVY.WEAPON.RESIZABLE.MELEE.SHIELDBASH.CLOSE.WEAPON GROUP CLOSE.CUSTOM.METAL</type>
			<weight>15</weight>
			<total_wt>15</total_wt>
			<total_weight>15</total_weight>
			<bonuslist></bonuslist>
			<acmod>2</acmod>
			<maxdex>100</maxdex>
			<accheck>-2</accheck>
			<edr>0</edr>
			<move></move>
			<spell_failure>15</spell_failure>
			<damage>1d4</damage>
			<damage_alt></damage_alt>
			<crit_range>1</crit_range>
			<crit_mult>x2</crit_mult>
			<crit_range_alt></crit_range_alt>
			<crit_mult_alt></crit_mult_alt>
			<range>0 ft.</range>
			<attacks>0.0</attacks>
			<prof></prof>
			<source>Custom - Paizo Inc. - Core Rulebook, p.151</source>
			<quality></quality>
		</item>
		<item>
			<longname>Chainmail</longname>
			<id></id>
			<name>Chainmail</name>
			<carried>1.0</carried>
			<charges></charges>
			<charges_used></charges_used>
			<contents></contents>
			<contents_num>0</contents_num>
			<content_weight>0</content_weight>
			<cost>150</cost>
			<equipped>Y</equipped>
			<location>Equipped</location>
			<locationId></locationId>
			<maxcharges>0</maxcharges>
			<note></note>
			<quantity>1</quantity>
			<checkbox>1</checkbox>
			<size>
				<long>Medium</long>
				<short>M</short>
			</size>
			<special_properties></special_properties>
			<type>ARMOR.MEDIUM.ARMORPROFMEDIUM.SUIT.CUSTOM.METAL</type>
			<weight>40</weight>
			<total_wt>40</total_wt>
			<total_weight>40</total_weight>
			<bonuslist></bonuslist>
			<acmod>6</acmod>
			<maxdex>2</maxdex>
			<accheck>-5</accheck>
			<edr>0</edr>
			<move></move>
			<spell_failure>30</spell_failure>
			<damage></damage>
			<damage_alt></damage_alt>
			<crit_range></crit_range>
			<crit_mult></crit_mult>
			<crit_range_alt></crit_range_alt>
			<crit_mult_alt></crit_mult_alt>
			<range>0 ft.</range>
			<attacks>0.0</attacks>
			<prof>Chainmail</prof>
			<source>Custom - Paizo Inc. - Core Rulebook, p.150</source>
			<quality></quality>
		</item>
		<item>
			<longname>Longbow</longname>
			<id></id>
			<name>Longbow</name>
			<carried>1.0</carried>
			<charges></charges>
			<charges_used></charges_used>
			<contents>0 lbs.</contents>
			<contents_num>0</contents_num>
			<content_weight>0</content_weight>
			<cost>75</cost>
			<equipped>N</equipped>
			<location>Carried</location>
			<locationId></locationId>
			<maxcharges>0</maxcharges>
			<note></note>
			<quantity>1</quantity>
			<checkbox>1</checkbox>
			<size>
				<long>Medium</long>
				<short>M</short>
			</size>
			<special_properties></special_properties>
			<type>WEAPON.RESIZABLE.RANGED.MARTIAL.CONTAINER.PROJECTILE.PIERCING.BOW.LONGBOW.WEAPON GROUP BOWS.CUSTOM.WOODEN</type>
			<weight>3</weight>
			<total_wt>3</total_wt>
			<total_weight>3</total_weight>
			<bonuslist></bonuslist>
			<acmod>0</acmod>
			<maxdex>100</maxdex>
			<accheck>0</accheck>
			<edr>0</edr>
			<move></move>
			<spell_failure>0</spell_failure>
			<damage>1d8</damage>
			<damage_alt></damage_alt>
			<crit_range>1</crit_range>
			<crit_mult>x3</crit_mult>
			<crit_range_alt></crit_range_alt>
			<crit_mult_alt></crit_mult_alt>
			<range>100 ft.</range>
			<attacks>0.0</attacks>
			<prof>Longbow</prof>
			<source>Custom - Paizo Inc. - Core Rulebook, p.147</source>
			<quality></quality>
		</item>
		<total>
			<weight>62 lbs.</weight>
			<value>260 gp</value>
			<load>Light</load>
			<capacity>300</capacity>
		</total>
		<equipmentsets>
		<equipmentset name="Default Set">
				<item>
					<longname>Longsword</longname>
					<name>Longsword</name>
					<carried>1.0</carried>
					<charges></charges>
					<charges_used></charges_used>
					<contents></contents>
					<contents_num>0</contents_num>
					<content_weight>0</content_weight>
					<cost>15</cost>
					<equipped>Y</equipped>
					<location>Equipped</location>
					<maxcharges>0</maxcharges>
					<note></note>
					<quantity>1</quantity>
					<checkbox>1</checkbox>
					<size>
						<long>Medium</long>
						<short>M</short>
					</size>
					<special_properties></special_properties>
					<type>WEAPON.RESIZABLE.MELEE.MARTIAL.ONEHANDED.SLASHING.SWORD.BLADEHEAVY.WEAPON GROUP BLADES HEAVY.CUSTOM.METAL</type>
					<weight>4</weight>
					<total_wt>4</total_wt>
					<total_weight>4</total_weight>
					<bonuslist></bonuslist>
					<acmod>0</acmod>
					<maxdex>100</maxdex>
					<accheck>0</accheck>
					<edr>0</edr>
					<move></move>
					<spell_failure>0</spell_failure>
					<damage>1d8</damage>
					<damage_alt></damage_alt>
					<crit_range>2</crit_range>
					<crit_mult>x2</crit_mult>
					<crit_range_alt></crit_range_alt>
					<crit_mult_alt></crit_mult_alt>
					<range>0 ft.</range>
					<attacks>0.0</attacks>
					<prof>Longsword</prof>
					<source>Custom - Paizo Inc. - Core Rulebook, p.147</source>
					<quality>EQ.0.QUALITY</quality>
				</item>
				<item>
					<longname>Shield, Heavy Steel</longname>
					<name>Shield, Heavy Steel</name>
					<carried>1.0</carried>
					<charges></charges>
					<charges_used></charges_used>
					<contents></contents>
					<contents_num>0</contents_num>
					<content_weight>0</content_weight>
					<cost>20</cost>
					<equipped>Y</equipped>
					<location>Equipped</location>
					<maxcharges>0</maxcharges>
					<note></note>
					<quantity>1</quantity>
					<checkbox>1</checkbox>
					<size>
						<long>Medium</long>
						<short>M</short>
					</size>
					<special_properties></special_properties>
					<type>SHIELD.HEAVY.WEAPON.RESIZABLE.MELEE.SHIELDBASH.CLOSE.WEAPON GROUP CLOSE.CUSTOM.METAL</type>
					<weight>15</weight>
					<total_wt>15</total_wt>
					<total_weight>15</total_weight>
					<bonuslist></bonuslist>
					<acmod>2</acmod>
					<maxdex>100</maxdex>
					<accheck>-2</accheck>
					<edr>0</edr>
					<move></move>
					<spell_failure>15</spell_failure>
					<damage>1d4</damage>
					<damage_alt></damage_alt>
					<crit_range>1</crit_range>
					<crit_mult>x2</crit_mult>
					<crit_range_alt></crit_range_alt>
					<crit_mult_alt></crit_mult_alt>
					<range>0 ft.</range>
					<attacks>0.0</attacks>
					<prof></prof>
					<source>Custom - Paizo Inc. - Core Rulebook, p.151</source>
					<quality>EQ.0.QUALITY</quality>
				</item>
				<item>
					<longname>Chainmail</longname>
					<name>Chainmail</name>
					<carried>1.0</carried>
					<charges></charges>
					<charges_used></charges_used>
					<contents></contents>
					<contents_num>0</contents_num>
					<content_weight>0</content_weight>
					<cost>150</cost>
					<equipped>Y</equipped>
					<location>Equipped</location>
					<maxcharges>0</maxcharges>
					<note></note>
					<quantity>1</quantity>
					<checkbox>1</checkbox>
					<size>
						<long>Medium</long>
						<short>M</short>
					</size>
					<special_properties></special_properties>
					<type>ARMOR.MEDIUM.ARMORPROFMEDIUM.SUIT.CUSTOM.METAL</type>
					<weight>40</weight>
					<total_wt>40</total_wt>
					<total_weight>40</total_weight>
					<bonuslist></bonuslist>
					<acmod>6</acmod>
					<maxdex>2</maxdex>
					<accheck>-5</accheck>
					<edr>0</edr>
					<move></move>
					<spell_failure>30</spell_failure>
					<damage></damage>
					<damage_alt></damage_alt>
					<crit_range></crit_range>
					<crit_mult></crit_mult>
					<crit_range_alt></crit_range_alt>
					<crit_mult_alt></crit_mult_alt>
					<range>0 ft.</range>
					<attacks>0.0</attacks>
					<prof>Chainmail</prof>
					<source>Custom - Paizo Inc. - Core Rulebook, p.150</source>
					<quality>EQ.0.QUALITY</quality>
				</item>
				<item>
					<longname>Longbow</longname>
					<name>Longbow</name>
					<carried>1.0</carried>
					<charges></charges>
					<charges_used></charges_used>
					<contents>0 lbs.</contents>
					<contents_num>0</contents_num>
					<content_weight>0</content_weight>
					<cost>75</cost>
					<equipped>N</equipped>
					<location>Carried</location>
					<maxcharges>0</maxcharges>
					<note></note>
					<quantity>1</quantity>
					<checkbox>1</checkbox>
					<size>
						<long>Medium</long>
						<short>M</short>
					</size>
					<special_properties></special_properties>
					<type>WEAPON.RESIZABLE.RANGED.MARTIAL.CONTAINER.PROJECTILE.PIERCING.BOW.LONGBOW.WEAPON GROUP BOWS.CUSTOM.WOODEN</type>
					<weight>3</weight>
					<total_wt>3</total_wt>
					<total_weight>3</total_weight>
					<bonuslist></bonuslist>
					<acmod>0</acmod>
					<maxdex>100</maxdex>
					<accheck>0</accheck>
					<edr>0</edr>
					<move></move>
					<spell_failure>0</spell_failure>
					<damage>1d8</damage>
					<damage_alt></damage_alt>
					<crit_range>1</crit_range>
					<crit_mult>x3</crit_mult>
					<crit_range_alt></crit_range_alt>
					<crit_mult_alt></crit_mult_alt>
					<range>100 ft.</range>
					<attacks>0.0</attacks>
					<prof>Longbow</prof>
					<source>Custom - Paizo Inc. - Core Rulebook, p.147</source>
					<quality>EQ.0.QUALITY</quality>
				</item>
			</equipmentset>
		</equipmentsets>
	</equipment>
	<weight_allowance>
		<light>100</light>
		<medium>200</medium>
		<heavy>300</heavy>
		<lift_over_head>300</lift_over_head>
		<lift_off_ground>600</lift_off_ground>
		<!-- And loses Dex bonus to AC and can only move 5 feet per round as a full-round action -->
		<push_drag>1500</push_drag>
	</weight_allowance>
	<!--
	  ====================================
	  ====================================
			SPECIAL ABILITIES
	  ====================================
	  ====================================-->
	<special_abilities>
		<race></race>
		<class>
			<class>Fighter</class>
			<ability></ability>
		</class>
	</special_abilities>
	<!--
	  ====================================
	  ====================================
			FEATS
	  ====================================
	  ====================================-->
	<feats>
		<!-- Visible standard feats (not including the auto feats) -->
		<feat>
			<name>Absorb Spirit</name>
			<description>You absorb restless spirits into your body at the cost of your own life force and sanity. Wisdom damage. If you succeed, you take 1 point of Constitution and Wisdom damage. No effect can prevent or reduce this damage, nor can the damage be healed or suppressed by any means until you release the spirit. You can release the spirit at any time as a standard action, at which point the spirit returns to its former location and begins rejuvenating or manifesting again as normal. If you die from the Constitution damage, the spirit is released, and if you become comatose from the Wisdom damage, the spirit gains control of your body (and can release itself whenever it desires).</description>
			<benefit>When an incorporeal undead with the rejuvenation special ability or a haunt is reduced to 0 or fewer hit points within 30 feet of you, you can attempt to absorb its spirit into your body as an immediate action. You must attempt a Will save with a DC equal to 5 + twice the CR of the undead creature or haunt. If you are a medium with the haunt channeler class feature, you receive a +2 bonus on this saving throw. If you succeed, you harbor the undead or haunt&#39;s essence, and it cannot continue to rejuvenate or manifest until you release it. For every 24 hours that you harbor the entity, you must attempt a Constitution check (DC = 10 + the CR of the undead or haunt). If you are a medium with the haunt channeler class feature, you receive a +2 bonus on this check. If you fail the check, you take 1d4 points of Constitution and</benefit>
			<type>GENERAL</type>
			<associated></associated>
			<count>0</count>
			<auto>F</auto>
			<hidden>F</hidden>
			<virtual>F</virtual>
			<source>Paizo Inc. - Horror Adventures, p.79</source>
		</feat>
		<feat>
			<name>Accursed</name>
			<description>[Not Implemented] Your curse weighs down your soul like a millstone around your neck.</description>
			<benefit>You gain spell resistance equal to 5 + your character level, as the curse interferes with all magic. Unlike most spell resistance, it can&#39;t voluntarily be lowered, though your own spells and magic items still automatically affect you. Goal:Your curse is lifted or you are able to purge the corruption of your fiendish blood (the circumstances of either vary widely based on the nature of the curse, and are up to the GM). Completion Benefit:You lose the spell resistance described above. You gain spell resistance equal to 11 + your character level, but only against harmful enchantment, necromancy, and transmutation spells and spell-like abilities-your aura resists further attempts to curse you. Harmless spells automatically bypass this spell resistance whether you desire it or not. This spell resistance can be voluntarily lowered.</benefit>
			<type>STORY</type>
			<associated></associated>
			<count>0</count>
			<auto>F</auto>
			<hidden>F</hidden>
			<virtual>F</virtual>
			<source>Paizo Publishing - Ultimate Campaign, p.67</source>
		</feat>
		<feat>
			<name>Acrobatic</name>
			<description>You are skilled at leaping, jumping, and flying.</description>
			<benefit>You get a +2 bonus on all Acrobatics and Fly skill checks. If you have 10 or more ranks in one of these skills, the bonus increases to +4 for that skill.</benefit>
			<type>GENERAL</type>
			<associated></associated>
			<count>0</count>
			<auto>F</auto>
			<hidden>F</hidden>
			<virtual>F</virtual>
			<source>Paizo Inc. - Core Rulebook, p.113</source>
		</feat>
		<feat>
			<name>Agile Maneuvers</name>
			<description>You learned to use your quickness in place of brute force when performing combat maneuvers.</description>
			<benefit>You add your Dexterity bonus to your base attack bonus and size bonus when determining your Combat Maneuver Bonus (see Chapter 8) instead of your Strength bonus.</benefit>
			<type>COMBAT</type>
			<associated></associated>
			<count>0</count>
			<auto>F</auto>
			<hidden>F</hidden>
			<virtual>F</virtual>
			<source>Paizo Inc. - Core Rulebook, p.117</source>
		</feat>
		<feat>
			<name>Alchemical Strike</name>
			<description>By focusing all your attention into a single attack, you vastly increase the effectiveness of thrown alchemical items.</description>
			<benefit>You can throw a single alchemical item as a full-attack action, increasing the effectiveness of the alchemical agent thrown. When throwing a single alchemical item as a full-attack action, you increase the DC of any effects associated with that alchemical item by 2. When your base attack bonus (or alchemist level) reaches +11 and every 5 points of bonus thereafter, increase the saving throw DC of the alchemical item by an additional 2. This feat does not apply to an alchemist&#39;s bombs.</benefit>
			<type>COMBAT</type>
			<associated></associated>
			<count>0</count>
			<auto>F</auto>
			<hidden>F</hidden>
			<virtual>F</virtual>
			<source>Paizo Inc. - Magic Tactics Toolbox, p.12</source>
		</feat>
		<feat>
			<name>Amateur Gunslinger (Deadeye)</name>
			<description>Although you are not a gunslinger, you have and can use grit.</description>
			<benefit><para>You gain a small amount of grit and the ability to perform a single 1st-level deed from the gunslinger deed class feature. At the start of the day, you gain 1 grit point, though throughout the day you can gain grit points up to a maximum of your Wisdom modifier (2) (minimum 1). You can regain grit using the rules for the gunslinger&#39;s grit class feature (see page 9). You can spend this grit to perform the 1st-level deed you chose upon taking this feat, and any other deed you have gained through feats or magic items. </para><para> [Special]If you gain levels in a class that grants the grit class feature, you can immediately trade this feat for the Extra Grit feat.</para></benefit>
			<type>COMBAT</type>
			<associated>Deadeye</associated>
			<count>1</count>
			<auto>F</auto>
			<hidden>F</hidden>
			<virtual>F</virtual>
			<source>Paizo Inc. - Ultimate Combat, p.89</source>
		</feat>
		<feat>
			<name>Amateur Swashbuckler</name>
			<description>Though not a swashbuckler, you have and can use panache.</description>
			<benefit><para>You gain a small amount of panache and the ability to perform a single 1st-level swashbuckler deed. Choose a 1st-level deed from the swashbuckler&#39;s deeds class feature (you can&#39;t select opportune parry and riposte). Once chosen, this deed cannot be changed. At the start of each day, you gain 1 panache point. Throughout the day, you can gain a number of panache points, up to a maximum of  [minimum 1]. You can regain panache points as the swashbuckler&#39;s panache class feature. You can spend these panache points to perform the 1st-level deed you chose upon taking this feat as well as any other deeds you have gained through feats or magic items. </para><para>Special: If you gain levels in a class that has the panache class feature, you can immediately trade this feat for the Extra Panache feat.</para></benefit>
			<type>COMBAT</type>
			<associated></associated>
			<count>0</count>
			<auto>F</auto>
			<hidden>F</hidden>
			<virtual>F</virtual>
			<source>Paizo Inc. - Advanced Class Guide, p.141</source>
		</feat>

		<!-- Auto feats -->

		<!-- Virtual Feats -->
		<!-- End Virtual Feats -->
		<!-- Hidden feats (all feats less the virtual, automatic and visible ones) -->
		<!-- Hidden VFEATS -->
		<!-- END Hidden VFEATS -->
		<feat>
			<name>CMB Output</name>
			<description></description>
			<benefit></benefit>
			<type>INTERNAL</type>
			<associated></associated>
			<count>0</count>
			<auto>T</auto>
			<hidden>T</hidden>
			<virtual>F</virtual>
			<source>Paizo Inc. - Core Rulebook</source>
		</feat>
	</feats>

	<!--
	  ====================================
	  ====================================
			ARCHETYPES
	  ====================================
	  ====================================-->
	<archetypes>
	</archetypes>
	<!--
	  ====================================
	  ====================================
			SPECIAL QUALITIES
	  ====================================
	  ====================================-->
	<special_qualities>
		<!-- Visible All "Special Ability" Ability Objects -->
		<special_quality>
			<name>Armor Training (Ex)</name>
			<description>You are more maneuverable while wearing armor. Whenever you are wearing armor, you reduce the armor check penalty by 1 and increase the maximum Dexterity bonus allowed by your armor by +1</description>
			<type>FIGHTERCLASSFEATURES.SPECIALQUALITY.EXTRAORDINARY</type>
			<associated></associated>
			<count>0</count>
			<aspect></aspect>
			<auto>F</auto>
			<hidden>F</hidden>
			<virtual>F</virtual>
			<category>Special Ability</category>
			<source>Paizo Inc. - Core Rulebook, p.55</source>
		</special_quality>
		<special_quality>
			<name>Bonus Feats</name>
			<description>At 1st level, and at every even level thereafter, a fighter gains a bonus feat in addition to those gained from normal advancement (meaning that the fighter gains a feat at every level). These bonus feats must be selected from those listed as combat feats, sometimes also called &quot;fighter bonus feats.&quot; Upon reaching 4th level, and every four levels thereafter (8th, 12th, and so on), a fighter can choose to learn a new bonus feat in place of a bonus feat he has already learned. In effect, the fighter loses the bonus feat in exchange for the new one. The old feat cannot be one that was used as a prerequisite for another feat, prestige class, or other ability. A fighter can only change one feat at any given level and must choose whether or not to swap the feat at the time he gains a new bonus feat for the level.</description>
			<type>FIGHTERCLASSFEATURES.SPECIALQUALITY</type>
			<associated></associated>
			<count>0</count>
			<aspect></aspect>
			<auto>F</auto>
			<hidden>F</hidden>
			<virtual>F</virtual>
			<category>Special Ability</category>
			<source>Paizo Inc. - Core Rulebook</source>
		</special_quality>
		<special_quality>
			<name>Bravery (Ex)</name>
			<description>You gain a +2 bonus to Will saves against fear effects.</description>
			<type>FIGHTERCLASSFEATURES.SPECIALQUALITY.EXTRAORDINARY.BRAVERY</type>
			<associated></associated>
			<count>0</count>
			<aspect>SaveBonus: +2 Will vs. fear</aspect>
			<auto>F</auto>
			<hidden>F</hidden>
			<virtual>F</virtual>
			<category>Special Ability</category>
			<source>Paizo Inc. - Core Rulebook, p.55</source>
		</special_quality>
		<special_quality>
			<name>Defensive Training</name>
			<description>Dwarves get a +4 dodge bonus to AC against monsters of the giant subtype.</description>
			<type>RACIALTRAITS.DWARF RACIAL TRAIT.DWARF RACIAL DEFAULT.SPECIALQUALITY.DEFENSIVE.RACIALDEFENSIVETRAINING</type>
			<associated></associated>
			<count>0</count>
			<aspect>Ability Benefit: (+4 dodge bonus to AC vs. giants), CombatBonus: +4 dodge bonus to AC against monsters of the giant subtype.</aspect>
			<auto>F</auto>
			<hidden>F</hidden>
			<virtual>F</virtual>
			<category>Special Ability</category>
			<source>Paizo Inc. - Pathfinder Companion: Dwarves of Golarion, Front Inside Cover</source>
		</special_quality>
		<special_quality>
			<name>Greed</name>
			<description>Dwarves receive a +2 racial bonus on Appraise skill checks made to determine the price of nonmagical goods that contain precious metals or gemstones.</description>
			<type>RACIALTRAITS.DWARF RACIAL TRAIT.DWARF RACIAL DEFAULT.SPECIALQUALITY</type>
			<associated></associated>
			<count>0</count>
			<aspect></aspect>
			<auto>F</auto>
			<hidden>F</hidden>
			<virtual>F</virtual>
			<category>Special Ability</category>
			<source>Paizo Inc. - Pathfinder Companion: Dwarves of Golarion, Front Inside Cover</source>
		</special_quality>
		<special_quality>
			<name>Hardy</name>
			<description>Dwarves receive a +2 racial bonus on saving throws against poison, spells, and spell-like abilities.</description>
			<type>RACIALTRAITS.DWARF RACIAL TRAIT.DWARF RACIAL DEFAULT.SPECIALQUALITY</type>
			<associated></associated>
			<count>0</count>
			<aspect>SaveBonus: +2 racial bonus on saving throws against poison, spells, and spell-like abilities.</aspect>
			<auto>F</auto>
			<hidden>F</hidden>
			<virtual>F</virtual>
			<category>Special Ability</category>
			<source>Paizo Inc. - Pathfinder Companion: Dwarves of Golarion, Front Inside Cover</source>
		</special_quality>
		<special_quality>
			<name>Stability</name>
			<description>Dwarves receive a +4 racial bonus to their Combat Maneuver Defense when resisting a bull rush or trip attempt while standing on the ground.</description>
			<type>RACIALTRAITS.DWARF RACIAL TRAIT.DWARF RACIAL DEFAULT.SPECIALQUALITY</type>
			<associated></associated>
			<count>0</count>
			<aspect>CombatBonus: +4 bonus to their Combat Maneuver Defense when resisting a bull rush or trip attempt while standing on the ground.</aspect>
			<auto>F</auto>
			<hidden>F</hidden>
			<virtual>F</virtual>
			<category>Special Ability</category>
			<source>Paizo Inc. - Pathfinder Companion: Dwarves of Golarion, Front Inside Cover</source>
		</special_quality>
		<special_quality>
			<name>Stonecunning</name>
			<description>Dwarves receive a +2 bonus on Perception checks to potentially notice unusual stonework, such as traps and hidden doors located in stone walls or floors. They receive a check to notice such features whenever they pass within 10 feet of them, whether or not they are actively looking.</description>
			<type>RACIALTRAITS.DWARF RACIAL TRAIT.DWARF RACIAL DEFAULT.SPECIALQUALITY</type>
			<associated></associated>
			<count>0</count>
			<aspect>SkillBonus: +2 bonus on Perception skill checks to notice unusual stonework, such as traps and hidden doors located in stone walls or floors.</aspect>
			<auto>F</auto>
			<hidden>F</hidden>
			<virtual>F</virtual>
			<category>Special Ability</category>
			<source>Paizo Inc. - Pathfinder Companion: Dwarves of Golarion, Front Inside Cover</source>
		</special_quality>
		<special_quality>
			<name>Weapon Familiarity</name>
			<description>Dwarves are proficient with battleaxes, heavy picks, and warhammers, and treat any weapon with the word &quot;dwarven&quot; in its name as a martial weapon.</description>
			<type>RACIALTRAITS.DWARF RACIAL TRAIT.DWARF RACIAL DEFAULT.SPECIALQUALITY.WEAPON FAMILIARITY.RACIALWEAPONFAMILIARITY</type>
			<associated></associated>
			<count>0</count>
			<aspect></aspect>
			<auto>F</auto>
			<hidden>F</hidden>
			<virtual>F</virtual>
			<category>Special Ability</category>
			<source>Paizo Inc. - Pathfinder Companion: Dwarves of Golarion, Front Inside Cover</source>
		</special_quality>
		<special_quality>
			<name>Weapon Training (Ex)</name>
			<description>Attacks with a weapon from listed groups, gain a bonus on attack and damage rolls. (Included in weapon blocks) Axes +1</description>
			<type>FIGHTERCLASSFEATURES.SPECIALQUALITY.EXTRAORDINARY</type>
			<associated></associated>
			<count>0</count>
			<aspect></aspect>
			<auto>F</auto>
			<hidden>F</hidden>
			<virtual>F</virtual>
			<category>Special Ability</category>
			<source>Paizo Inc. - Core Rulebook, p.56</source>
		</special_quality>
	</special_qualities>
	<!--
	  ====================================
	  ====================================
			SPECIAL ATTACKS
	  ====================================
	  ====================================-->
	<special_attacks>
		<!-- Visible All "Special Ability" Ability Objects -->
		<special_attack>
			<name>Hatred</name>
			<description>Dwarves receive a +1 bonus on attack rolls against humanoid creatures of the orc and goblinoid subtypes due to special training against these hated foes.</description>
			<type>RACIALTRAITS.DWARF RACIAL TRAIT.DWARF RACIAL DEFAULT.SPECIALATTACK.SPECIAL ATTACK.RACIALHATRED</type>
			<associated></associated>
			<count>0</count>
			<aspect>CombatBonus: +1 bonus on attack rolls against humanoid creatures of the orc and goblinoid subtypes due to special training against these hated foes., StatBlockName: +1 on attack rolls against goblinoid and orc humanoids</aspect>
			<auto>F</auto>
			<hidden>F</hidden>
			<virtual>F</virtual>
			<category>Special Ability</category>
			<source>Paizo Inc. - Pathfinder Companion: Dwarves of Golarion, Front Inside Cover</source>
		</special_attack>
	</special_attacks>

		<!--
	  ====================================
	  ====================================
			Resistance Table
	  ====================================
	  ====================================-->
		<resistances>
		</resistances>

		<!--
	  ====================================
	  ====================================
			Racial Traits
	  ====================================
	  ====================================-->

	<racial_traits>
	</racial_traits>

		<!--
	  ====================================
	  ====================================
			Animal Trick
	  ====================================
	  ====================================-->
	<animal_tricks>
	</animal_tricks>

	<!--
	  ====================================
	  ====================================
			TALENTS
	  ====================================
	  ====================================-->
	<talents>
	</talents>

	<!--
	  ====================================
	  ====================================
			Intelligent Item
	  ====================================
	  ====================================-->
	<intelligent_items>
	</intelligent_items>

	<!--
	  ====================================
	  ====================================
			Words of Power
	  ====================================
	  ====================================-->
	<words_of_powers>
	</words_of_powers>

	<!--
	  ====================================
	  ====================================
			SALIENT DIVINE ABILITIES
	  ====================================
	  ====================================-->
	<salient_divine_abilities>
	</salient_divine_abilities>
	<!--
	  ====================================
	  ====================================
			Occupations
	  ====================================
	  ====================================-->
	<occupations>
	</occupations>


	<!-- Eclipse Section -->
		<!--
	  ====================================
	  ====================================
			Eclipse Recurring Bonuses
	  ====================================
	  ====================================-->
	<charcreations>
	</charcreations>
		<!--
	  ====================================
	  ====================================
			DISADVANTAGES
	  ====================================
	  ====================================-->
	<disadvantages>
	</disadvantages>
	<!--
	  ====================================
	  ====================================
			Eclipse Abilities
	  ====================================
	  ====================================-->
	<eclipse_abilities>
	</eclipse_abilities>
	<!--
	  ====================================
	  ====================================
			Spell Caster Output
	  ====================================
	  ====================================-->
	<spellcasteroutputs>
	</spellcasteroutputs>
	<!--
	  ====================================
	  ====================================
			Martial Arts
	  ====================================
	  ====================================-->
	<martial_arts>
	</martial_arts>
	<!--
	  ====================================
	  ====================================
			Mystic Artist
	  ====================================
	  ====================================-->
	<mystic_artists>
	</mystic_artists>
	<!--
	  ====================================
	  ====================================
			Witchcraft Abilities
	  ====================================
	  ====================================-->
	<witchcrafts>
	</witchcrafts>
	<!--
	  ====================================
	  ====================================
			The Path of the Dragon
	  ====================================
	  ====================================-->
	<path_dragons>
	</path_dragons>
		<!--
	  ====================================
	  ====================================
			Dominion and Advanced Dominion
	  ====================================
	  ====================================-->
	<dominions>
	</dominions>
	<!--
	  ====================================
	  ====================================
			Channeling
	  ====================================
	  ====================================-->
	<channelings>
	</channelings>
	<!-- END ECLIPSE SECION -->

	<!--
	  ====================================
	  ====================================
			POWERS - CLASSFEATURES
	  ====================================
	  ====================================-->
	<powers_classfeatures>
	</powers_classfeatures>

		<!--
	  ====================================
	  ====================================
			POWERS - CLASSFEATURES
	  ====================================
	  ====================================-->
	<powers_classfeatures>
	</powers_classfeatures><!--
	  ====================================
	  ====================================
			POWERS - FEATPOWERS
	  ====================================
	  ====================================-->
	<powers_featpowers>
	</powers_featpowers>

	<!--
	  ====================================
	  ====================================
			4e Powers - At-Will
	  ====================================
	  ====================================-->
	<powers_atwills>
	</powers_atwills>

	<!--
	  ====================================
	  ====================================
			4e Powers - At-Will
	  ====================================
	  ====================================-->
	<powers_atwills>
	</powers_atwills>

	<!--
	  ====================================
	  ====================================
			4e Powers - Encounter
	  ====================================
	  ====================================-->

	<powers_encounters>
	</powers_encounters>
	<!--
	  ====================================
	  ====================================
			4e Powers - Daily
	  ====================================
	  ====================================-->
	<powers_dailies>
	</powers_dailies>
	<!--
	  ====================================
	  ====================================
			4e Powers - Utility
	  ====================================
	  ====================================-->

	<powers_utilities>
	</powers_utilities>

	<!--
	  ====================================
	  ====================================
			Demon Cant
	  ====================================
	  ====================================-->
	<demon_cants>
	</demon_cants>
	<!--
	  ====================================
	  ====================================
			Mage Gnosis
	  ====================================
	  ====================================-->
	<mage_gnosises>
	</mage_gnosises>
	<!--
	  ====================================
	  ====================================
			Vampire Disciplines
	  ====================================
	  ====================================-->
	<vampire_disciplines>
	</vampire_disciplines>
	<!--
	  ====================================
	  ====================================
			Werewolf Rites
	  ====================================
	  ====================================-->
	<werewolf_rites>
	</werewolf_rites>

	<!--
	  ====================================
	  ====================================
			Force Powers
	  ====================================
	  ====================================-->
	<force_powers>
	</force_powers>
	<!--
	  ====================================
	  ====================================
			Force Techniques
	  ====================================
	  ====================================-->
	<force_techniques>
	</force_techniques>
	<!--
	  ====================================
	  ====================================
			Force Secrets
	  ====================================
	  ====================================-->
	<force_secrets>
	</force_secrets>

	<!--
	====================================
	====================================
			MUTATIONS
	====================================
	====================================	-->
	<mutations>
	</mutations>




	<!--
	  ====================================
	  ====================================
			TRAITS
	  ====================================
	  ====================================-->
	<traits>
		<trait>
			<name>Absalom Bouncer</name>
			<description>When you make an attack that deals nonlethal damage with an unarmed strike, you gain a +1 bonus on your damage roll.</description>
			<source>Paizo Inc. - Pathfinder Player Companion: Advanced Class Origins, p.11</source>
		</trait>
		<trait>
			<name>Acadamae Neophyte</name>
			<description>Whenever you succeed at a Knowledge (planes) check to identify a creature and its special powers or vulnerabilities, you gain one additional piece of useful information (as if your skill check result had been 5 higher).</description>
			<source>Paizo Publishing - Pathfinder Player Companion: Monster Summoner&#39;s Handbook, p.10</source>
		</trait>
	</traits>

	<!--
	  ====================================
	  ====================================
			Afflictions
	  ====================================
	  ====================================-->
	<afflictions>
	</afflictions>

	<!--
	  ====================================
	  ====================================
			PFS Chronicles
	  ====================================
	  ====================================-->
	<pfs_chronicles>
	</pfs_chronicles>
	<!--
	  ====================================
	  ====================================
			PFS Boons
	  ====================================
	  ====================================-->
	<pfs_boons>
	</pfs_boons>
	<!--
	====================================
	  ====================================
			Temporary Bonus
	  ====================================
	  ====================================-->
	<tempbonuses>
	</tempbonuses>

	<!--
	  ====================================
	  ====================================
			MISCELLANEOUS
	  ====================================
	  ====================================-->


	<!-- Domains -->
	<weapon_proficiencies>Aldori Dueling Sword, Amentum, Atlatl, Throwing Axe, Bardiche, Battle Aspergillum, Battleaxe, Bayonet, Bec de Corbin, Bill, Blowgun, Boar Spear, Brass Knuckles, Nine Ring Broadsword, Butterfly Sword, Cestus, Chakram, Club, Heavy Crossbow, Light Crossbow, Dagger, Punching Dagger, Dart, Dogslicer, Dwarven Dorn-Dergar, Double Chicken Saber, Earth Breaker, Falchion, Light Flail, Heavy Flail, Gauntlet, Spiked Gauntlet, Gladius, Glaive, Glaive-Guisarme, Grapple, Greataxe, Greatclub, Greatsword, Guisarme, Halberd, Light Hammer, Handaxe, Dwarven Boulder Helmet, Hooked Lance, Horsechopper, Hunga Munga, Hurlbat, Iron Brush, Javelin, Jutte, Katana, Kerambit, Klar, Kukri, Kunai, Lance, Dwarven Longaxe, Longbow, Dwarven Longhammer, Longspear, Longsword, Lucerne Hammer, Lungchuan Tamo, Heavy Mace, Light Mace, Mattock, Mere Club, Monk&#39;s Spade, Morningstar, Naginata, Nodachi, Ogre Hook, Heavy Pick, Light Pick, Pilum, Poisoned Sand Tube, Quarterstaff, Ranseur, Rapier, Rhomphaia, Rock, Sansetsukon, Sap, Scimitar, Scizore, Scythe, Sea-Knife, Shang Gou, Shieldbash, Shortbow, Shortspear, Sibat, Sickle, Sling, Spear, Boar Spear, Spear-Sling, Ray Spells, Touch Spells, Spiked Armor, Splash Weapon, Stake, Starknife, Stonebow, Bastard Sword, Short Sword, Tri-Point Double-Edged Sword, Sword Cane, Tepoztopilli, Terbutje, Great Terbutje, Throwing Arrow Cord, Tiger Fork, Tonfa, Traveling Kettle, Trident, Tube Arrow Shooter, Unarmed Strike, Underwater Heavy Crossbow, Underwater Light Crossbow, Dwarven Urgrosh, War Razor, Dwarven Double Waraxe, Dwarven Waraxe, Warhammer, Wushu Dart</weapon_proficiencies>
	<languages>Common, Dwarven</languages>


	<misc>
			<gold>4,740</gold>

		<funds>
			<fund></fund>
		</funds>
		<companions>
			<companion></companion>
		</companions>
<!--	This doesn't work - AM
		-->
		<magics>
			<magic></magic>
		</magics>
	</misc>
	<!--
	  ====================================
	  ====================================
			COMPANIONS
	  ====================================
	  ====================================-->
	<companions>


	</companions>
	<!--
	  ====================================
	  ====================================
			SPELLS
	  ====================================
	  ====================================-->
	<spells>
		<!-- ### BEGIN Innate spells ### -->
	<spells_innate number="none"/>
		<!-- ### END Innate spells ### -->
		<!-- ### BEGIN Known spells ### -->
		<known_spells>
	</known_spells>
		<!-- ### END Known spells ### -->

		<!-- ### BEGIN memorized spells ### -->
	<memorized_spells/>
	<!-- ### END class Spellbook memorized spells ### -->
	</spells>
	<!-- ### Additional House Rules for Variables in the xsl:fo code ### -->
	<house_var>
		<spelldisplaydc>0.0</spelldisplaydc>
		<OldStyleAbilityStatBlockDisplay>0.0</OldStyleAbilityStatBlockDisplay>
	</house_var>
</character>
