<?xml version="1.0" encoding="UTF-8"?>
<!--
-->
<character>
	<export>
		<date>X</date>
		<time>X</time>
		<version>6.09.08.RC1</version>
		<paperinfo>
			<name>A4</name>
			<height>297mm</height>
			<width>210mm</width>
			<margins>
				<top>10mm</top>
				<bottom>15mm</bottom>
				<left>10mm</left>
				<right>10mm</right>
			</margins>
		</paperinfo>
		<directories>
			<pcgen>X</pcgen>
			<templates>X</templates>
			<pcg>X</pcg>
			<html>X</html>
			<temp>X</temp>
		</directories>
		<invalidtext>
			<tohit>N/A</tohit>
			<damage>N/A</damage>
		</invalidtext>
	</export>
	<unit_set>
		<name>Imperial</name>
		<height_unit>ftin</height_unit>
		<distance_unit> ft.</distance_unit>
		<weight_unit> lbs.</weight_unit>
	</unit_set>
	<!--
	  ====================================
	  ====================================
			BIO
	  ====================================
	  ====================================-->
	<basics>
		<bonuses></bonuses>
		<bonuses></bonuses>
		<bonuses></bonuses>
		<bonuses></bonuses>
		<name>Corpus Rogue4</name>
		<followerof></followerof>
		<playername></playername>
		<charactertype>PC</charactertype>
		<hero_points>0</hero_points>
		<age>0</age>
		<alignment>
			<long>None</long>
			<short>None</short>
		</alignment>
		<archetypes>
		</archetypes>
		<bab>+3</bab>
		<bio></bio>
		<birthday></birthday>
		<birthplace></birthplace>
		<catchphrase></catchphrase>
		<classes>
			<class>
				<name>Rogue</name>
				<abbreviation>Rog</abbreviation>
				<level>4</level>
				<bonuslist>Rogue</bonuslist>
				<sequence>0</sequence>
				<sequence_shortform>Rog4</sequence_shortform>
			</class>
			<levels_total>4</levels_total>
			<levels_ecl>4</levels_ecl>
			<!-- shortform below should be removed - it can be derived from class info above -->
			<shortform>Rog4</shortform>
			<!-- CLASSLIST is not extracted because we can derive it from the information above -->
		</classes>
		<deity>
			<name>None</name>
			<alignment></alignment>
			<description>None</description>
			<domainlist>Aeon Subdomain, Agathion Subdomain, Air, Ancestors Subdomain, Animal, Aquatic, Arcane Subdomain, Archon Subdomain (Good), Archon Subdomain (Law), Arctic, Aristocracy Subdomain, Artifice, Ash Subdomain, Azata Subdomain (Chaos), Azata Subdomain (Good), Badlands, Battle (Spirit), Blood Subdomain, Bones (Spirit), Cannibalism Subdomain, Catastrophe Subdomain, Cave, Caves Subdomain, Chaos, Charm, Cloud Subdomain, Community, Construct Subdomain, Cooperation Subdomain, Corruption Subdomain, Crocodile, Curse Subdomain, Daemon Subdomain, Dark Tapestry Subdomain, Darkness, Day Subdomain, Death, Death (Pharasma), Decay Subdomain, Deception Subdomain, Defense Subdomain, Demodand Subdomain (Chaos), Demodand Subdomain (Evil), Demon Subdomain (Chaos), Demon Subdomain (Evil), Desert, Destruction, Devil Subdomain (Evil), Devil Subdomain (Law), Divine Subdomain, Dragon Subdomain, Eagle, Earth, Erosion, Evil, Exploration Subdomain, Family Subdomain, Fate Subdomain, Feather Subdomain, Ferocity Subdomain, Fire, Fist Subdomain, Flame (Spirit), Flowing Subdomain, Freedom Subdomain, Frog, Fur Subdomain, Glory, Good, Greed Subdomain, Growth Subdomain, Hatred Subdomain, Healing, Heavens (Spirit), Heroism Subdomain, Home Subdomain, Honor Subdomain, Ice Subdomain, Imagination Subdomain, Inevitable Subdomain, Innuendo Subdomain, Insanity Subdomain, Isolation Subdomain, Judgment Subdomain, Jungle, Knowledge, Kyton Subdomain (Evil), Kyton Subdomain (Law), Language Subdomain, Law, Leadership Subdomain, Leshy Subdomain, Liberation, Life (Spirit), Light Subdomain, Lore (Spirit), Loss Subdomain, Love Subdomain, Luck, Lust Subdomain, Madness, Magic, Martyr Subdomain, Memory Subdomain, Metal Subdomain, Monkey, Mountain, Murder Subdomain, Nature (Spirit), Night Subdomain, Nightmare Subdomain, Nobility, Oceans Subdomain, Panther, Plains, Plant, Protean Subdomain, Protection, Psychopomp Subdomain (Death), Psychopomp Subdomain (Repose), Purity Subdomain, Rage Subdomain, Redemption Subdomain, Repose, Resolve Subdomain, Restoration Subdomain, Resurrection Subdomain, Revelation Subdomain, Revelry Subdomain, Revolution Subdomain, Rune, Saurian Subdomain, Scalykind, Seasons Subdomain, Serpent, Shadow Subdomain (Darkness), Shadow Subdomain (Death), Smoke Subdomain, Solitude Subdomain, Souls (Pharasma) Subdomain, Souls Subdomain, Stars Subdomain, Stone (Spirit), Storms Subdomain, Strength, Sun, Swamp, Tactics Subdomain, Thievery Subdomain, Thought Subdomain, Toil Subdomain, Trade Subdomain, Travel, Trickery, Undead Subdomain, Venom Subdomain, Vermin, Void, Vulture, War, Wards Subdomain, Water, Waves (Spirit), Weather, Wind (Spirit), Wind Subdomain, Wolf</domainlist>
			<favoredweapon></favoredweapon>
			<holyitem>None</holyitem>
			<pantheonlist></pantheonlist>
			<source>Paizo Inc. - Core Rulebook</source>
			<special_abilities></special_abilities>
			<appearance></appearance>
			<title></title>
			<worshippers></worshippers>
		</deity>
		<description></description>
		<experience>
			<current>9000</current>
			<next_level>15000</next_level>
			<factor>100%</factor>
			<penalty>0%</penalty>
		</experience>
		<eyes>
			<color></color>
		</eyes>
		<hair>
			<color></color>
			<length></length>
		</hair>
		<skin>
			<color></color>
		</skin>
		<cr>3</cr>
		<face>
			<face>5 ft. by 5 ft.</face>
			<short>5 ft.</short>
			<squares>1 x 1</squares>
		</face>
		<favoredlist></favoredlist>
		<followerlist></followerlist>
		<gender>
			<long>Male</long>
			<short>Male</short>
		</gender>
		<handed>Right</handed>
		<height>
			<total>0&#39; 0&quot;</total>
			<feet>0</feet>
			<inches>0</inches>
		</height>
		<hitdice>(4d8)</hitdice>
		<image>file:C:\Users\USER\Documents\PCGen\characters/Corpus Rogue4.jpg</image>
		<interests></interests>
		<languages>
			<language>Common</language>
			<language>Elven</language>
			<language></language>
			<all>Common, Elven</all>
		</languages>
		<location></location>
		<move>
			<move>
				<name>Walk</name>
				<rate>30 ft.</rate>
				<squares>6</squares>
			</move>
			<all>Walk 30 ft.</all>
		</move>
		<personality>
			<trait></trait>
			<trait></trait>
		</personality>
		<portrait>
			<portrait></portrait>
			<portrait_thumb></portrait_thumb>
		</portrait>
		<phobias></phobias>
			<race>Elf</race>
		<race>
			<racetype>Humanoid</racetype>
		</race>
		<reach>
			<reach>5 ft.</reach>
			<squares>1</squares>
		</reach>
		<region>Absalom</region>
		<reputation>0</reputation>
		<residence></residence>
		<size>
			<long>Medium</long>
			<short>M</short>
		</size>
		<speechtendency></speechtendency>
		<type>Humanoid</type>
		<vision>
			<vision>Low-Light Vision</vision>
			<all>Low-Light Vision</all>
		</vision>
		<wealth>0</wealth>
		<gold>4,968</gold>
		<weight>
			<weight_unit>0 lbs.</weight_unit>
			<weight_nounit>0</weight_nounit>
		</weight>
		<poolpoints>
			<cost>0</cost>
			<current>0</current>
		</poolpoints>
		<notes>
		</notes>
	</basics>

	<!-- Use ASPECT.NotesSection.x and ASPECT.Notes.y	-->
	<!--
	  ====================================
	  ====================================
			ABILITIES
	  ====================================
	  ====================================-->
	<abilities>
		<ability>
			<name>
				<long>Strength</long>
				<short>STR</short>
			</name>
			<score>11</score>
			<modifier>+0</modifier>
		<!--
		Old BASE tag does not give stats with racial, and other permentant adjustments.
		Use NOTEMP.NOEQUIP instead of BASE gives the correct results.

			<base>11</base>
			<basemod>+0</basemod>
		-->
			<base>11</base>
			<basemod>+0</basemod>

			<noequip>11</noequip>
			<noequip_mod>+0</noequip_mod>
			<no_temp_score>11</no_temp_score>
			<no_temp_modifier>+0</no_temp_modifier>
		</ability>
		<ability>
			<name>
				<long>Dexterity</long>
				<short>DEX</short>
			</name>
			<score>20</score>
			<modifier>+5</modifier>
		<!--
		Old BASE tag does not give stats with racial, and other permentant adjustments.
		Use NOTEMP.NOEQUIP instead of BASE gives the correct results.

			<base>18</base>
			<basemod>+4</basemod>
		-->
			<base>20</base>
			<basemod>+5</basemod>

			<noequip>20</noequip>
			<noequip_mod>+5</noequip_mod>
			<no_temp_score>20</no_temp_score>
			<no_temp_modifier>+5</no_temp_modifier>
		</ability>
		<ability>
			<name>
				<long>Constitution</long>
				<short>CON</short>
			</name>
			<score>10</score>
			<modifier>+0</modifier>
		<!--
		Old BASE tag does not give stats with racial, and other permentant adjustments.
		Use NOTEMP.NOEQUIP instead of BASE gives the correct results.

			<base>12</base>
			<basemod>+1</basemod>
		-->
			<base>10</base>
			<basemod>+0</basemod>

			<noequip>10</noequip>
			<noequip_mod>+0</noequip_mod>
			<no_temp_score>10</no_temp_score>
			<no_temp_modifier>+0</no_temp_modifier>
		</ability>
		<ability>
			<name>
				<long>Intelligence</long>
				<short>INT</short>
			</name>
			<score>16</score>
			<modifier>+3</modifier>
		<!--
		Old BASE tag does not give stats with racial, and other permentant adjustments.
		Use NOTEMP.NOEQUIP instead of BASE gives the correct results.

			<base>14</base>
			<basemod>+2</basemod>
		-->
			<base>16</base>
			<basemod>+3</basemod>

			<noequip>16</noequip>
			<noequip_mod>+3</noequip_mod>
			<no_temp_score>16</no_temp_score>
			<no_temp_modifier>+3</no_temp_modifier>
		</ability>
		<ability>
			<name>
				<long>Wisdom</long>
				<short>WIS</short>
			</name>
			<score>10</score>
			<modifier>+0</modifier>
		<!--
		Old BASE tag does not give stats with racial, and other permentant adjustments.
		Use NOTEMP.NOEQUIP instead of BASE gives the correct results.

			<base>10</base>
			<basemod>+0</basemod>
		-->
			<base>10</base>
			<basemod>+0</basemod>

			<noequip>10</noequip>
			<noequip_mod>+0</noequip_mod>
			<no_temp_score>10</no_temp_score>
			<no_temp_modifier>+0</no_temp_modifier>
		</ability>
		<ability>
			<name>
				<long>Charisma</long>
				<short>CHA</short>
			</name>
			<score>12</score>
			<modifier>+1</modifier>
		<!--
		Old BASE tag does not give stats with racial, and other permentant adjustments.
		Use NOTEMP.NOEQUIP instead of BASE gives the correct results.

			<base>12</base>
			<basemod>+1</basemod>
		-->
			<base>12</base>
			<basemod>+1</basemod>

			<noequip>12</noequip>
			<noequip_mod>+1</noequip_mod>
			<no_temp_score>12</no_temp_score>
			<no_temp_modifier>+1</no_temp_modifier>
		</ability>
	</abilities>
	<!--
	  ====================================
	  ====================================
			HIT POINTS
	  ====================================
	  ====================================-->
	<hit_points>
		<usealternatedamage>0</usealternatedamage>
		<points>16</points>
		<alternate>20</alternate>
		<die>(4d8)</die>
		<die_short>4</die_short>
		<current/>
		<subdual/>
		<damage_reduction></damage_reduction>
		<damage_threshold>0</damage_threshold>
		<history>
			<roll>
				<level>1</level>
				<roll>8</roll>
				<stat>0</stat>
				<total>8</total>
			</roll>
			<roll>
				<level>2</level>
				<roll>5</roll>
				<stat>0</stat>
				<total>5</total>
			</roll>
			<roll>
				<level>3</level>
				<roll>1</roll>
				<stat>0</stat>
				<total>1</total>
			</roll>
			<roll>
				<level>4</level>
				<roll>2</roll>
				<stat>0</stat>
				<total>2</total>
			</roll>
		</history>
	</hit_points>
	<!--
	  ====================================
	  ====================================
			ARMOR CLASS
	  ====================================
	  ====================================-->
	<armor_class>
		<total>17</total>
		<listing>ABILITY +5, ARMOR +2, BASE +10</listing>
		<flat>17</flat>
		<touch>15</touch>
		<base>10</base>
		<armor_bonus>2</armor_bonus>
		<shield_bonus>0</shield_bonus>
		<stat_mod>5</stat_mod>
		<size_mod>0</size_mod>
		<natural>0</natural>
		<deflection>0</deflection>
		<dodge>0</dodge>
		<dodge_bonus>0</dodge_bonus>
		<class_bonus>0</class_bonus>
		<misc>0</misc>
		<insight>0</insight>
		<morale>0</morale>
		<sacred>0</sacred>
		<profane>0</profane>
		<miss_chance/>
		<max_dex>+6</max_dex>
		<spell_failure>10</spell_failure>
		<check_penalty>+0</check_penalty>
		<spell_resistance>0</spell_resistance>
	</armor_class>
	<!--
	  ====================================
	  ====================================
			INITIATIVE
	  ====================================
	  ====================================-->
	<initiative>
		<total>+5</total>
		<dex_mod>+5</dex_mod>
		<misc_mod>+0</misc_mod>
		<spell_failure>10</spell_failure>
		<check_penalty>+0</check_penalty>
		<spell_resistance>0</spell_resistance>
		<hero_points>0</hero_points>
	</initiative>
	<!--
	  ====================================
	  ====================================
			SKILLS
	  ====================================
	  ====================================-->
	<skillinfo>
		<conditional_modifiers>
		</conditional_modifiers>
	</skillinfo>
	<skills>
		<conditional_modifiers>
		</conditional_modifiers>
		<skillpoints>
			<total>44</total>
			<used>44</used>
			<unused>0</unused>
			<eclipse_total>0</eclipse_total>
		</skillpoints>
		<list_mods>Acrobatics +14, Appraise +10, Bluff +8, Climb +7, Craft (Alchemy) +10, Craft (Armor) +10, Craft (Baskets) +10, Craft (Blacksmithing) +10, Craft (Books) +10, Craft (Bows) +10, Craft (Calligraphy) +10, Fly +7, Perception +2</list_mods>
			<max_class_skill_level>4</max_class_skill_level>
		<max_cross_class_skill_level>4.0</max_cross_class_skill_level>
		<skill>
			<name>Acrobatics</name>
			<ranks>4.0</ranks>
			<mod>10<!-- Mods from abilities, equipment, etc -->
			</mod>
			<skill_mod>14</skill_mod>
			<ability_mod>5<!-- Mod from the key ability -->
			</ability_mod>
			<misc_mod>5<!-- This is a calc value of TOTAL-RANK-ABMOD -->
			</misc_mod>
			<ability>DEX</ability>
			<synergy>Acrobatics</synergy>
			<untrained>Y</untrained>
			<exclusive>N</exclusive>
			<trained_total>14</trained_total>
			<exclusive_total>14</exclusive_total>
			<classes>Rogue</classes>
			<type>Dexterity.ACHECK.Base</type>
		</skill>
		<skill>
			<name>Appraise</name>
			<ranks>4.0</ranks>
			<mod>6<!-- Mods from abilities, equipment, etc -->
			</mod>
			<skill_mod>10</skill_mod>
			<ability_mod>3<!-- Mod from the key ability -->
			</ability_mod>
			<misc_mod>3<!-- This is a calc value of TOTAL-RANK-ABMOD -->
			</misc_mod>
			<ability>INT</ability>
			<synergy>Appraise</synergy>
			<untrained>Y</untrained>
			<exclusive>N</exclusive>
			<trained_total>10</trained_total>
			<exclusive_total>10</exclusive_total>
			<classes>Rogue</classes>
			<type>Intelligence.Base.Background</type>
		</skill>
		<skill>
			<name>Bluff</name>
			<ranks>4.0</ranks>
			<mod>4<!-- Mods from abilities, equipment, etc -->
			</mod>
			<skill_mod>8</skill_mod>
			<ability_mod>1<!-- Mod from the key ability -->
			</ability_mod>
			<misc_mod>3<!-- This is a calc value of TOTAL-RANK-ABMOD -->
			</misc_mod>
			<ability>CHA</ability>
			<synergy>Bluff</synergy>
			<untrained>Y</untrained>
			<exclusive>N</exclusive>
			<trained_total>8</trained_total>
			<exclusive_total>8</exclusive_total>
			<classes>Rogue</classes>
			<type>Charisma.Base</type>
		</skill>
		<skill>
			<name>Climb</name>
			<ranks>4.0</ranks>
			<mod>3<!-- Mods from abilities, equipment, etc -->
			</mod>
			<skill_mod>7</skill_mod>
			<ability_mod>0<!-- Mod from the key ability -->
			</ability_mod>
			<misc_mod>3<!-- This is a calc value of TOTAL-RANK-ABMOD -->
			</misc_mod>
			<ability>STR</ability>
			<synergy>Climb</synergy>
			<untrained>Y</untrained>
			<exclusive>N</exclusive>
			<trained_total>7</trained_total>
			<exclusive_total>7</exclusive_total>
			<classes>Rogue</classes>
			<type>Strength.ACHECK.Base</type>
		</skill>
		<skill>
			<name>Craft (Alchemy)</name>
			<ranks>4.0</ranks>
			<mod>6<!-- Mods from abilities, equipment, etc -->
			</mod>
			<skill_mod>10</skill_mod>
			<ability_mod>3<!-- Mod from the key ability -->
			</ability_mod>
			<misc_mod>3<!-- This is a calc value of TOTAL-RANK-ABMOD -->
			</misc_mod>
			<ability>INT</ability>
			<synergy>Craft (Alchemy)</synergy>
			<untrained>NO</untrained>
			<exclusive>N</exclusive>
			<trained_total>10</trained_total>
			<exclusive_total>10</exclusive_total>
			<classes>Rogue</classes>
			<type>Intelligence.Craft.Base.Background</type>
		</skill>
		<skill>
			<name>Craft (Armor)</name>
			<ranks>4.0</ranks>
			<mod>6<!-- Mods from abilities, equipment, etc -->
			</mod>
			<skill_mod>10</skill_mod>
			<ability_mod>3<!-- Mod from the key ability -->
			</ability_mod>
			<misc_mod>3<!-- This is a calc value of TOTAL-RANK-ABMOD -->
			</misc_mod>
			<ability>INT</ability>
			<synergy>Craft (Armor)</synergy>
			<untrained>NO</untrained>
			<exclusive>N</exclusive>
			<trained_total>10</trained_total>
			<exclusive_total>10</exclusive_total>
			<classes>Rogue</classes>
			<type>Intelligence.Craft.Base.Background</type>
		</skill>
		<skill>
			<name>Craft (Baskets)</name>
			<ranks>4.0</ranks>
			<mod>6<!-- Mods from abilities, equipment, etc -->
			</mod>
			<skill_mod>10</skill_mod>
			<ability_mod>3<!-- Mod from the key ability -->
			</ability_mod>
			<misc_mod>3<!-- This is a calc value of TOTAL-RANK-ABMOD -->
			</misc_mod>
			<ability>INT</ability>
			<synergy>Craft (Baskets)</synergy>
			<untrained>NO</untrained>
			<exclusive>N</exclusive>
			<trained_total>10</trained_total>
			<exclusive_total>10</exclusive_total>
			<classes>Rogue</classes>
			<type>Intelligence.Craft.Base.Background</type>
		</skill>
		<skill>
			<name>Craft (Blacksmithing)</name>
			<ranks>4.0</ranks>
			<mod>6<!-- Mods from abilities, equipment, etc -->
			</mod>
			<skill_mod>10</skill_mod>
			<ability_mod>3<!-- Mod from the key ability -->
			</ability_mod>
			<misc_mod>3<!-- This is a calc value of TOTAL-RANK-ABMOD -->
			</misc_mod>
			<ability>INT</ability>
			<synergy>Craft (Blacksmithing)</synergy>
			<untrained>NO</untrained>
			<exclusive>N</exclusive>
			<trained_total>10</trained_total>
			<exclusive_total>10</exclusive_total>
			<classes>Rogue</classes>
			<type>Intelligence.Craft.Base.Background</type>
		</skill>
		<skill>
			<name>Craft (Books)</name>
			<ranks>4.0</ranks>
			<mod>6<!-- Mods from abilities, equipment, etc -->
			</mod>
			<skill_mod>10</skill_mod>
			<ability_mod>3<!-- Mod from the key ability -->
			</ability_mod>
			<misc_mod>3<!-- This is a calc value of TOTAL-RANK-ABMOD -->
			</misc_mod>
			<ability>INT</ability>
			<synergy>Craft (Books)</synergy>
			<untrained>NO</untrained>
			<exclusive>N</exclusive>
			<trained_total>10</trained_total>
			<exclusive_total>10</exclusive_total>
			<classes>Rogue</classes>
			<type>Intelligence.Craft.Base.Background</type>
		</skill>
		<skill>
			<name>Craft (Bows)</name>
			<ranks>4.0</ranks>
			<mod>6<!-- Mods from abilities, equipment, etc -->
			</mod>
			<skill_mod>10</skill_mod>
			<ability_mod>3<!-- Mod from the key ability -->
			</ability_mod>
			<misc_mod>3<!-- This is a calc value of TOTAL-RANK-ABMOD -->
			</misc_mod>
			<ability>INT</ability>
			<synergy>Craft (Bows)</synergy>
			<untrained>NO</untrained>
			<exclusive>N</exclusive>
			<trained_total>10</trained_total>
			<exclusive_total>10</exclusive_total>
			<classes>Rogue</classes>
			<type>Intelligence.Craft.Base.Background</type>
		</skill>
		<skill>
			<name>Craft (Calligraphy)</name>
			<ranks>4.0</ranks>
			<mod>6<!-- Mods from abilities, equipment, etc -->
			</mod>
			<skill_mod>10</skill_mod>
			<ability_mod>3<!-- Mod from the key ability -->
			</ability_mod>
			<misc_mod>3<!-- This is a calc value of TOTAL-RANK-ABMOD -->
			</misc_mod>
			<ability>INT</ability>
			<synergy>Craft (Calligraphy)</synergy>
			<untrained>NO</untrained>
			<exclusive>N</exclusive>
			<trained_total>10</trained_total>
			<exclusive_total>10</exclusive_total>
			<classes>Rogue</classes>
			<type>Intelligence.Craft.Base.Background</type>
		</skill>
		<skill>
			<name>Craft (Untrained)</name>
			<ranks>0.0</ranks>
			<mod>3<!-- Mods from abilities, equipment, etc -->
			</mod>
			<skill_mod>3</skill_mod>
			<ability_mod>3<!-- Mod from the key ability -->
			</ability_mod>
			<misc_mod>0<!-- This is a calc value of TOTAL-RANK-ABMOD -->
			</misc_mod>
			<ability>INT</ability>
			<synergy>Craft (Untrained)</synergy>
			<untrained>Y</untrained>
			<exclusive>N</exclusive>
			<trained_total>3</trained_total>
			<exclusive_total>3</exclusive_total>
			<classes>Rogue</classes>
			<type>Intelligence.Craft</type>
		</skill>
		<skill>
			<name>Diplomacy</name>
			<ranks>0.0</ranks>
			<mod>1<!-- Mods from abilities, equipment, etc -->
			</mod>
			<skill_mod>1</skill_mod>
			<ability_mod>1<!-- Mod from the key ability -->
			</ability_mod>
			<misc_mod>0<!-- This is a calc value of TOTAL-RANK-ABMOD -->
			</misc_mod>
			<ability>CHA</ability>
			<synergy>Diplomacy</synergy>
			<untrained>Y</untrained>
			<exclusive>N</exclusive>
			<trained_total>1</trained_total>
			<exclusive_total>1</exclusive_total>
			<classes>Rogue</classes>
			<type>Charisma.Base</type>
		</skill>
		<skill>
			<name>Disguise</name>
			<ranks>0.0</ranks>
			<mod>1<!-- Mods from abilities, equipment, etc -->
			</mod>
			<skill_mod>1</skill_mod>
			<ability_mod>1<!-- Mod from the key ability -->
			</ability_mod>
			<misc_mod>0<!-- This is a calc value of TOTAL-RANK-ABMOD -->
			</misc_mod>
			<ability>CHA</ability>
			<synergy>Disguise</synergy>
			<untrained>Y</untrained>
			<exclusive>N</exclusive>
			<trained_total>1</trained_total>
			<exclusive_total>1</exclusive_total>
			<classes>Rogue</classes>
			<type>Charisma.Base</type>
		</skill>
		<skill>
			<name>Escape Artist</name>
			<ranks>0.0</ranks>
			<mod>5<!-- Mods from abilities, equipment, etc -->
			</mod>
			<skill_mod>5</skill_mod>
			<ability_mod>5<!-- Mod from the key ability -->
			</ability_mod>
			<misc_mod>0<!-- This is a calc value of TOTAL-RANK-ABMOD -->
			</misc_mod>
			<ability>DEX</ability>
			<synergy>Escape Artist</synergy>
			<untrained>Y</untrained>
			<exclusive>N</exclusive>
			<trained_total>5</trained_total>
			<exclusive_total>5</exclusive_total>
			<classes>Rogue</classes>
			<type>Dexterity.ACHECK.Base</type>
		</skill>
		<skill>
			<name>Fly</name>
			<ranks>0.0</ranks>
			<mod>7<!-- Mods from abilities, equipment, etc -->
			</mod>
			<skill_mod>7</skill_mod>
			<ability_mod>5<!-- Mod from the key ability -->
			</ability_mod>
			<misc_mod>2<!-- This is a calc value of TOTAL-RANK-ABMOD -->
			</misc_mod>
			<ability>DEX</ability>
			<synergy>Fly</synergy>
			<untrained>Y</untrained>
			<exclusive>N</exclusive>
			<trained_total>7</trained_total>
			<exclusive_total>7</exclusive_total>
			<classes></classes>
			<type>Dexterity.ACHECK.Base</type>
		</skill>
		<skill>
			<name>Heal</name>
			<ranks>0.0</ranks>
			<mod>0<!-- Mods from abilities, equipment, etc -->
			</mod>
			<skill_mod>0</skill_mod>
			<ability_mod>0<!-- Mod from the key ability -->
			</ability_mod>
			<misc_mod>0<!-- This is a calc value of TOTAL-RANK-ABMOD -->
			</misc_mod>
			<ability>WIS</ability>
			<synergy>Heal</synergy>
			<untrained>Y</untrained>
			<exclusive>N</exclusive>
			<trained_total>0</trained_total>
			<exclusive_total>0</exclusive_total>
			<classes></classes>
			<type>Wisdom.Base</type>
		</skill>
		<skill>
			<name>Intimidate</name>
			<ranks>0.0</ranks>
			<mod>1<!-- Mods from abilities, equipment, etc -->
			</mod>
			<skill_mod>1</skill_mod>
			<ability_mod>1<!-- Mod from the key ability -->
			</ability_mod>
			<misc_mod>0<!-- This is a calc value of TOTAL-RANK-ABMOD -->
			</misc_mod>
			<ability>CHA</ability>
			<synergy>Intimidate</synergy>
			<untrained>Y</untrained>
			<exclusive>N</exclusive>
			<trained_total>1</trained_total>
			<exclusive_total>1</exclusive_total>
			<classes>Rogue</classes>
			<type>Charisma.Base</type>
		</skill>
		<skill>
			<name>Perception</name>
			<ranks>0.0</ranks>
			<mod>2<!-- Mods from abilities, equipment, etc -->
			</mod>
			<skill_mod>2</skill_mod>
			<ability_mod>0<!-- Mod from the key ability -->
			</ability_mod>
			<misc_mod>2<!-- This is a calc value of TOTAL-RANK-ABMOD -->
			</misc_mod>
			<ability>WIS</ability>
			<synergy>Perception</synergy>
			<untrained>Y</untrained>
			<exclusive>N</exclusive>
			<trained_total>2</trained_total>
			<exclusive_total>2</exclusive_total>
			<classes>Rogue</classes>
			<type>Wisdom.Base</type>
		</skill>
		<skill>
			<name>Perception (Trapfinding)</name>
			<ranks>0.0</ranks>
			<mod>4<!-- Mods from abilities, equipment, etc -->
			</mod>
			<skill_mod>4</skill_mod>
			<ability_mod>0<!-- Mod from the key ability -->
			</ability_mod>
			<misc_mod>4<!-- This is a calc value of TOTAL-RANK-ABMOD -->
			</misc_mod>
			<ability>WIS</ability>
			<synergy>Perception (Trapfinding)</synergy>
			<untrained>Y</untrained>
			<exclusive>N</exclusive>
			<trained_total>4</trained_total>
			<exclusive_total>4</exclusive_total>
			<classes>Rogue</classes>
			<type>Wisdom.Base</type>
		</skill>
		<skill>
			<name>Perform (Untrained)</name>
			<ranks>0.0</ranks>
			<mod>1<!-- Mods from abilities, equipment, etc -->
			</mod>
			<skill_mod>1</skill_mod>
			<ability_mod>1<!-- Mod from the key ability -->
			</ability_mod>
			<misc_mod>0<!-- This is a calc value of TOTAL-RANK-ABMOD -->
			</misc_mod>
			<ability>CHA</ability>
			<synergy>Perform (Untrained)</synergy>
			<untrained>Y</untrained>
			<exclusive>N</exclusive>
			<trained_total>1</trained_total>
			<exclusive_total>1</exclusive_total>
			<classes>Rogue</classes>
			<type>Charisma.Perform.Background</type>
		</skill>
		<skill>
			<name>Ride</name>
			<ranks>0.0</ranks>
			<mod>5<!-- Mods from abilities, equipment, etc -->
			</mod>
			<skill_mod>5</skill_mod>
			<ability_mod>5<!-- Mod from the key ability -->
			</ability_mod>
			<misc_mod>0<!-- This is a calc value of TOTAL-RANK-ABMOD -->
			</misc_mod>
			<ability>DEX</ability>
			<synergy>Ride</synergy>
			<untrained>Y</untrained>
			<exclusive>N</exclusive>
			<trained_total>5</trained_total>
			<exclusive_total>5</exclusive_total>
			<classes></classes>
			<type>Dexterity.ACHECK.Base</type>
		</skill>
		<skill>
			<name>Sense Motive</name>
			<ranks>0.0</ranks>
			<mod>0<!-- Mods from abilities, equipment, etc -->
			</mod>
			<skill_mod>0</skill_mod>
			<ability_mod>0<!-- Mod from the key ability -->
			</ability_mod>
			<misc_mod>0<!-- This is a calc value of TOTAL-RANK-ABMOD -->
			</misc_mod>
			<ability>WIS</ability>
			<synergy>Sense Motive</synergy>
			<untrained>Y</untrained>
			<exclusive>N</exclusive>
			<trained_total>0</trained_total>
			<exclusive_total>0</exclusive_total>
			<classes>Rogue</classes>
			<type>Wisdom.Base</type>
		</skill>
		<skill>
			<name>Stealth</name>
			<ranks>0.0</ranks>
			<mod>5<!-- Mods from abilities, equipment, etc -->
			</mod>
			<skill_mod>5</skill_mod>
			<ability_mod>5<!-- Mod from the key ability -->
			</ability_mod>
			<misc_mod>0<!-- This is a calc value of TOTAL-RANK-ABMOD -->
			</misc_mod>
			<ability>DEX</ability>
			<synergy>Stealth</synergy>
			<untrained>Y</untrained>
			<exclusive>N</exclusive>
			<trained_total>5</trained_total>
			<exclusive_total>5</exclusive_total>
			<classes>Rogue</classes>
			<type>Dexterity.ACHECK.Base</type>
		</skill>
		<skill>
			<name>Survival</name>
			<ranks>0.0</ranks>
			<mod>0<!-- Mods from abilities, equipment, etc -->
			</mod>
			<skill_mod>0</skill_mod>
			<ability_mod>0<!-- Mod from the key ability -->
			</ability_mod>
			<misc_mod>0<!-- This is a calc value of TOTAL-RANK-ABMOD -->
			</misc_mod>
			<ability>WIS</ability>
			<synergy>Survival</synergy>
			<untrained>Y</untrained>
			<exclusive>N</exclusive>
			<trained_total>0</trained_total>
			<exclusive_total>0</exclusive_total>
			<classes></classes>
			<type>Wisdom.Base</type>
		</skill>
		<skill>
			<name>Swim</name>
			<ranks>0.0</ranks>
			<mod>0<!-- Mods from abilities, equipment, etc -->
			</mod>
			<skill_mod>0</skill_mod>
			<ability_mod>0<!-- Mod from the key ability -->
			</ability_mod>
			<misc_mod>0<!-- This is a calc value of TOTAL-RANK-ABMOD -->
			</misc_mod>
			<ability>STR</ability>
			<synergy>Swim</synergy>
			<untrained>Y</untrained>
			<exclusive>N</exclusive>
			<trained_total>0</trained_total>
			<exclusive_total>0</exclusive_total>
			<classes>Rogue</classes>
			<type>Strength.ACHECK.Base</type>
		</skill>

	<!-- Skills -->
	</skills>
	<!--
	  ====================================
	  ====================================
			SAVING THROWS
	  ====================================
	  ====================================-->
	<saving_throws>
		<conditional_modifiers>
			<savebonus>
				<description>+2 racial saving throw bonus against enchantment spells and effects.</description>
			</savebonus>
			<savebonus>
				<description>+1 Reflex to avoid traps</description>
			</savebonus>
		</conditional_modifiers>
		<saving_throw>
			<name>
				<long>fortitude</long>
				<short>fort</short>
			</name>
				<ability>constitution</ability>
			<total>+1</total>
			<base>+1</base>
			<abil_mod>+0</abil_mod>
			<feats>+0</feats>
			<magic_mod>+0</magic_mod>
			<misc_mod>+0</misc_mod>
			<misc_w_magic_mod>+0</misc_w_magic_mod>
			<race>+0</race>
			<epic_mod>+0</epic_mod>
			<temp_mod/>
		</saving_throw>
		<saving_throw>
			<name>
				<long>reflex</long>
				<short>ref</short>
			</name>
				<ability>dexterity</ability>
			<total>+9</total>
			<base>+4</base>
			<abil_mod>+5</abil_mod>
			<feats>+0</feats>
			<magic_mod>+0</magic_mod>
			<misc_mod>+0</misc_mod>
			<misc_w_magic_mod>+0</misc_w_magic_mod>
			<race>+0</race>
			<epic_mod>+0</epic_mod>
			<temp_mod/>
		</saving_throw>
		<saving_throw>
			<name>
				<long>will</long>
				<short>will</short>
			</name>
				<ability>wisdom</ability>
			<total>+1</total>
			<base>+1</base>
			<abil_mod>+0</abil_mod>
			<feats>+0</feats>
			<magic_mod>+0</magic_mod>
			<misc_mod>+0</misc_mod>
			<misc_w_magic_mod>+0</misc_w_magic_mod>
			<race>+0</race>
			<epic_mod>+0</epic_mod>
			<temp_mod/>
		</saving_throw>
	</saving_throws>
	<!--
	  ====================================
	  ====================================
			ATTACK
	  ====================================
	  ====================================-->
	<attack>
			<conditional_modifiers>
				<savebonus>
				<description>+2 racial saving throw bonus against enchantment spells and effects.</description>
				</savebonus>
				<savebonus>
				<description>+1 Reflex to avoid traps</description>
				</savebonus>
			</conditional_modifiers>

		<melee>
			<total>+3</total>
			<total_short>+3</total_short>
			<bab>+3</bab>
			<!-- +3 -->
			<base_attack_bonus>+3</base_attack_bonus>
			<stat_mod>+0</stat_mod>
			<size_mod>+0</size_mod>
			<misc_mod>+0</misc_mod>
			<epic_mod>0</epic_mod>
			<!-- +0 -->
			<temp_mod/>
		</melee>
		<ranged>
			<total>+8</total>
			<bab>+3</bab>
			<!-- +3 -->
			<base_attack_bonus>+3</base_attack_bonus>
			<stat_mod>+5</stat_mod>
			<size_mod>+0</size_mod>
			<misc_mod>+0</misc_mod>
			<epic_mod>0</epic_mod>
			<!-- +0 -->
			<temp_mod/>
		</ranged>
			<!-- Either CMB block, or Grapple Block -->
			<cmb>
				<!-- Base stuff for standard block -->
				<title>CMB</title>
				<total>+3</total>
				<bab>+3</bab>
				<base_attack_bonus>+3</base_attack_bonus>
				<stat_mod>+0</stat_mod>
				<size_mod>+0</size_mod>
				<misc_mod></misc_mod>	
				<epic_mod/>
				<temp_mod/>
				<!-- Base values (not yet used) -->
				<grapple_base>+3</grapple_base>
				<trip_base>+3</trip_base>
				<disarm_base>+3</disarm_base>
				<sunder_base>+3</sunder_base>
				<bullrush_base>+0</bullrush_base>
				<overrun_base>+3</overrun_base>
				<!-- Defense values -->
				<!-- Pathfinder (final release) -->
				<!-- Attack values -->
				<grapple_attack>+3</grapple_attack>
				<trip_attack>+3</trip_attack>
				<disarm_attack>+3</disarm_attack>
				<sunder_attack>+3</sunder_attack>
				<bullrush_attack>+3</bullrush_attack>
				<overrun_attack>+3</overrun_attack>
				<!-- Defense values -->
				<defense>18</defense>
				<grapple_defense>18</grapple_defense>
				<trip_defense>
				18
				</trip_defense>
				<disarm_defense>18</disarm_defense>
				<sunder_defense>18</sunder_defense>
				<bullrush_defense>18</bullrush_defense>
				<overrun_defense>18</overrun_defense>

			</cmb>
		<!-- End CMB / Grapple Block -->
	</attack>
	<!--
	  ====================================
	  ====================================
			WEAPONS
	  ====================================
	  ====================================-->

	<weapons>
		<unarmed>
			<total>+3</total>
			<damage>1d3</damage>
			<critical>20/x2</critical>
			<!-- Should be changed to a variable due to improved crit -->
			<reach>5 ft.</reach>
						<!-- Commenting this out (will need a test as well)
			3.0 uses "Subdual", 3.5 uses "nonlethal".  We'll need a separate node for both.	-->
			<type>(nonlethal only)</type>
		</unarmed>
		<!-- Spirit Weapon - Melee -->

		<!-- Spirit Weapon - Ranged -->
	<!-- End Spirit Weapon - Ranged -->

	<!-- Blank Natural Attack -->

	<!-- Natural Attack -->

	<!--	Request to remove the Double Weapon Block OS-133		-->
		<weapon>
			<common>
				<name>
					<short>*Rapier</short>
					<long>*Rapier</long>
					<output>*Rapier</output>
				</name>
				<category>Martial-Melee</category>
				<critical>
					<range>18-20</range>
					<multiplier>2</multiplier>
				</critical>
				<to_hit>
					<hit>-1</hit>
					<magic_hit>+0</magic_hit>
					<total_hit>-1</total_hit>
				</to_hit>
				<feat>
					<hit>+0</hit>
					<damage>+0</damage>
				</feat>
				<magic>
					<hit>+0</hit>
					<damage>+0</damage>
				</magic>
				<template>
					<hit>+0</hit>
					<damage>+0</damage>
				</template>
				<hand>Primary</hand>
				<num_attacks>1</num_attacks>
				<reach>5</reach>
				<reachunit> ft.</reachunit>
				<size>M</size>
					<special_properties></special_properties>
				<type>P</type>
				<weight>2</weight>
				<attacks>0</attacks>
				<heft>MEDIUM</heft>
				<range>0 ft.</range>
				<sizemod>+0</sizemod>
				<basehit>+3</basehit>
				<misc>+0</misc>
				<damage>1d6</damage>
				<damagebonus>+0</damagebonus>
				<basedamagebonus>+0</basedamagebonus>
				<thdamagebonus>+0</thdamagebonus>
				<ohdamagebonus>+0</ohdamagebonus>
				<rateoffire></rateoffire>
				<islight>FALSE</islight>
				<sequence>0</sequence>
			</common>
			<melee>
				<invalidtext>
					<tohit>N/A</tohit>
					<damage>N/A</damage>
				</invalidtext>
				<hand>Primary</hand>
				<w1_h1_p>
					<!-- One weapon, 1 hand, primary hand -->
					<to_hit>+3</to_hit>
					<damage>1d6</damage>
				</w1_h1_p>
				<w1_h1_o>
					<!-- One weapon, 1 handed, offhand -->
					<to_hit>-1</to_hit>
					<damage>1d6</damage>
				</w1_h1_o>
				<w1_h2>
					<!-- One weapon, 2 handed -->
					<to_hit>+3</to_hit>
					<damage>1d6</damage>
				</w1_h2>
				<w2_p_oh>
					<!-- Two weapons, this weapon in primary hand, other hand with heavy weapon -->
					<to_hit>-3</to_hit>
					<damage>1d6</damage>
				</w2_p_oh>
				<w2_p_ol>
					<!-- Two weapons, this weapon in primary hand, other hand with light weapon -->
					<to_hit>-1</to_hit>
					<damage>1d6</damage>
				</w2_p_ol>
				<w2_o>
					<!-- Two weapons, this weapon in off-hand -->
					<to_hit>-7</to_hit>
					<damage>1d6</damage>
				</w2_o>
			</melee>
		</weapon>

		<weapon>
			<common>
				<name>
					<short>*Dagger</short>
					<long>*Dagger</long>
					<output>*Dagger</output>
				</name>
				<category>Simple-Both (Melee)</category>
				<critical>
					<range>19-20</range>
					<multiplier>2</multiplier>
				</critical>
				<to_hit>
					<hit>-5</hit>
					<magic_hit>+0</magic_hit>
					<total_hit>-5</total_hit>
				</to_hit>
				<feat>
					<hit>+0</hit>
					<damage>+0</damage>
				</feat>
				<magic>
					<hit>+0</hit>
					<damage>+0</damage>
				</magic>
				<template>
					<hit>+0</hit>
					<damage>+0</damage>
				</template>
				<hand>Off-hand</hand>
				<num_attacks>1</num_attacks>
				<reach>5</reach>
				<reachunit> ft.</reachunit>
				<size>M</size>
					<special_properties></special_properties>
				<type>PS</type>
				<weight>0</weight>
				<attacks>0</attacks>
				<heft>MEDIUM</heft>
				<range>0 ft.</range>
				<sizemod>+0</sizemod>
				<basehit>+3</basehit>
				<misc>+0</misc>
				<damage>1d4</damage>
				<damagebonus>+0</damagebonus>
				<basedamagebonus>+0</basedamagebonus>
				<thdamagebonus>+0</thdamagebonus>
				<ohdamagebonus>+0</ohdamagebonus>
				<rateoffire></rateoffire>
				<islight>TRUE</islight>
				<sequence>1</sequence>
			</common>
			<melee>
				<invalidtext>
					<tohit>N/A</tohit>
					<damage>N/A</damage>
				</invalidtext>
				<hand>Off-hand</hand>
				<w1_h1_p>
					<!-- One weapon, 1 hand, primary hand -->
					<to_hit>+3</to_hit>
					<damage>1d4</damage>
				</w1_h1_p>
				<w1_h1_o>
					<!-- One weapon, 1 handed, offhand -->
					<to_hit>-1</to_hit>
					<damage>1d4</damage>
				</w1_h1_o>
				<w1_h2>
					<!-- One weapon, 2 handed -->
					<to_hit>+3</to_hit>
					<damage>1d4</damage>
				</w1_h2>
				<w2_p_oh>
					<!-- Two weapons, this weapon in primary hand, other hand with heavy weapon -->
					<to_hit>-3</to_hit>
					<damage>1d4</damage>
				</w2_p_oh>
				<w2_p_ol>
					<!-- Two weapons, this weapon in primary hand, other hand with light weapon -->
					<to_hit>-1</to_hit>
					<damage>1d4</damage>
				</w2_p_ol>
				<w2_o>
					<!-- Two weapons, this weapon in off-hand -->
					<to_hit>-5</to_hit>
					<damage>1d4</damage>
				</w2_o>
			</melee>
	<!-- End New Ranges Section -->

			<ranges>
				<rangetype>Thrown</rangetype>
				<range>
					<distance>10 ft.</distance>
					<to_hit>+8</to_hit>
					<damage>1d4</damage>
					<basehit>+8</basehit>
					<tohit_offhand>+4</tohit_offhand>
					<tohit_twohand>+8</tohit_twohand>
					<tohit_2weap_heavy>+2</tohit_2weap_heavy>
					<tohit_2weap_light>+4</tohit_2weap_light>
					<tohit_2weap_offhand>+0</tohit_2weap_offhand>
				</range>
				<range>
					<distance>20 ft.</distance>
					<to_hit>+6</to_hit>
					<damage>1d4</damage>
					<basehit>+6</basehit>
					<tohit_offhand>+2</tohit_offhand>
					<tohit_twohand>+6</tohit_twohand>
					<tohit_2weap_heavy>+0</tohit_2weap_heavy>
					<tohit_2weap_light>+2</tohit_2weap_light>
					<tohit_2weap_offhand>-2</tohit_2weap_offhand>
				</range>
				<range>
					<distance>30 ft.</distance>
					<to_hit>+4</to_hit>
					<damage>1d4</damage>
					<basehit>+4</basehit>
					<tohit_offhand>+0</tohit_offhand>
					<tohit_twohand>+4</tohit_twohand>
					<tohit_2weap_heavy>-2</tohit_2weap_heavy>
					<tohit_2weap_light>+0</tohit_2weap_light>
					<tohit_2weap_offhand>-4</tohit_2weap_offhand>
				</range>
				<range>
					<distance>40 ft.</distance>
					<to_hit>+2</to_hit>
					<damage>1d4</damage>
					<basehit>+2</basehit>
					<tohit_offhand>-2</tohit_offhand>
					<tohit_twohand>+2</tohit_twohand>
					<tohit_2weap_heavy>-4</tohit_2weap_heavy>
					<tohit_2weap_light>-2</tohit_2weap_light>
					<tohit_2weap_offhand>-6</tohit_2weap_offhand>
				</range>
				<range>
					<distance>50 ft.</distance>
					<to_hit>+0</to_hit>
					<damage>1d4</damage>
					<basehit>+0</basehit>
					<tohit_offhand>-4</tohit_offhand>
					<tohit_twohand>+0</tohit_twohand>
					<tohit_2weap_heavy>-6</tohit_2weap_heavy>
					<tohit_2weap_light>-4</tohit_2weap_light>
					<tohit_2weap_offhand>-8</tohit_2weap_offhand>
				</range>
			</ranges>
		</weapon>
	<!-- End New Ranges Section -->
	</weapons>
	<!--
	  ====================================
	  ====================================
			ARMOR
	  ====================================
	  ====================================-->
	<protection>
		<armor>
			<name>*Leather Armor</name>
			<acbonus>+2</acbonus>
			<accheck>+0</accheck>
			<baseac>+2</baseac>
			<edr>+0</edr>
			<maxdex>+6</maxdex>
			<move></move>
			<spellfail>10</spellfail>
			<special_properties></special_properties>
			<totalac>+2</totalac>
			<type>Light</type>
			<wt>15</wt>
			<fulltype>ARMOR.LIGHT.ARMORPROFLIGHT.SUIT.NONMETAL.CUSTOM</fulltype>
			<location>Equipped</location>
		</armor>
	</protection>
	<!--
	  ====================================
	  ====================================
			CLASS-DEPENDANT FEATURES
	  ====================================
	  ====================================-->
	<class_features>
		<!-- D&D 3.0 -->
		<!-- D&D 3.5 -->
	<!-- Bard -->




	<!-- Pathfinder -->
		<!-- Character Rage -->
		<!-- Character Rage -->

	<!-- Turning ability -->


	<!-- Eclipse Channeling -->

	<!-- Channel Energy -->

	<!-- 3.0 stunning fist -->

	<!-- 3.0 stunning fist -->

	<!-- 3.5 stunning fist -->

	<!-- 3.0 wholeness of body -->

	<!-- 3.5 wholeness of body -->

			<!-- Psionics -->

		
		


	</class_features>

	<!-- Abilites with check lists - master/child abilities -->
	<checklists>
		<checklist>
			<name>Assault Leader (Ex)</name>
			<header>Assault Leader</header>
			<description>Once per day, when the rogue misses with an attack on a flanked opponent, she can designate a single ally who is also flanking the target that her attack missed. That ally can make a single melee attack against the opponent as an immediate action.</description>
			<type>ROGUETALENT.SPECIALATTACK.EXTRAORDINARY.ATTACKOPTION.UNCHAINED ROGUE TALENT</type>
			<source>Paizo Inc. - Advanced Player&#39;s Guide, p.130</source>
			<check_count>1</check_count>
			<check_type>Uses per Day</check_type>
		</checklist>
	</checklists>

	<!-- Proficiency lists -->
	<proficiency_specials>
	</proficiency_specials>

	<!--
	  ====================================
	  ====================================
			EQUIPMENT
	  ====================================
	  ====================================-->
	<equipment>
		<item>
			<longname>Rapier</longname>
			<id></id>
			<name>Rapier</name>
			<carried>1.0</carried>
			<charges></charges>
			<charges_used></charges_used>
			<contents></contents>
			<contents_num>0</contents_num>
			<content_weight>0</content_weight>
			<cost>20</cost>
			<equipped>Y</equipped>
			<location>Equipped</location>
			<locationId></locationId>
			<maxcharges>0</maxcharges>
			<note></note>
			<quantity>1</quantity>
			<checkbox>1</checkbox>
			<size>
				<long>Medium</long>
				<short>M</short>
			</size>
			<special_properties></special_properties>
			<type>WEAPON.RESIZABLE.MELEE.MARTIAL.ONEHANDED.FINESSEABLE.PIERCING.MELEEPIERCING.SWORD.BLADELIGHT.WEAPON GROUP BLADES LIGHT.WEAPON GROUP MELEE ONEHANDED PIERCING.CUSTOM.METAL</type>
			<weight>2</weight>
			<total_wt>2</total_wt>
			<total_weight>2</total_weight>
			<bonuslist></bonuslist>
			<acmod>0</acmod>
			<maxdex>100</maxdex>
			<accheck>0</accheck>
			<edr>0</edr>
			<move></move>
			<spell_failure>0</spell_failure>
			<damage>1d6</damage>
			<damage_alt></damage_alt>
			<crit_range>3</crit_range>
			<crit_mult>x2</crit_mult>
			<crit_range_alt></crit_range_alt>
			<crit_mult_alt></crit_mult_alt>
			<range>0 ft.</range>
			<attacks>0.0</attacks>
			<prof>Rapier</prof>
			<source>Custom - Paizo Inc. - Core Rulebook, p.148</source>
			<quality></quality>
		</item>
		<item>
			<longname>Dagger</longname>
			<id></id>
			<name>Dagger</name>
			<carried>1.0</carried>
			<charges></charges>
			<charges_used></charges_used>
			<contents></contents>
			<contents_num>0</contents_num>
			<content_weight>0</content_weight>
			<cost>2</cost>
			<equipped>Y</equipped>
			<location>Equipped</location>
			<locationId></locationId>
			<maxcharges>0</maxcharges>
			<note></note>
			<quantity>1</quantity>
			<checkbox>1</checkbox>
			<size>
				<long>Medium</long>
				<short>M</short>
			</size>
			<special_properties></special_properties>
			<type>WEAPON.RESIZABLE.MELEE.SIMPLE.LIGHT.FINESSEABLE.RANGED.THROWN.PIERCING.SLASHING.DAGGER.BLADELIGHT.WEAPON GROUP BLADES LIGHT.WEAPON GROUP THROWN.WEAPON GROUP MELEE LIGHT PIERCING.CUSTOM.METAL</type>
			<weight>1</weight>
			<total_wt>1</total_wt>
			<total_weight>1</total_weight>
			<bonuslist></bonuslist>
			<acmod>0</acmod>
			<maxdex>100</maxdex>
			<accheck>0</accheck>
			<edr>0</edr>
			<move></move>
			<spell_failure>0</spell_failure>
			<damage>1d4</damage>
			<damage_alt></damage_alt>
			<crit_range>2</crit_range>
			<crit_mult>x2</crit_mult>
			<crit_range_alt></crit_range_alt>
			<crit_mult_alt></crit_mult_alt>
			<range>10 ft.</range>
			<attacks>0.0</attacks>
			<prof>Dagger</prof>
			<source>Custom - Paizo Publishing LLC - Ultimate Equipment, p.26</source>
			<quality></quality>
		</item>
		<item>
			<longname>Leather Armor</longname>
			<id></id>
			<name>Leather Armor</name>
			<carried>1.0</carried>
			<charges></charges>
			<charges_used></charges_used>
			<contents></contents>
			<contents_num>0</contents_num>
			<content_weight>0</content_weight>
			<cost>10</cost>
			<equipped>Y</equipped>
			<location>Equipped</location>
			<locationId></locationId>
			<maxcharges>0</maxcharges>
			<note></note>
			<quantity>1</quantity>
			<checkbox>1</checkbox>
			<size>
				<long>Medium</long>
				<short>M</short>
			</size>
			<special_properties></special_properties>
			<type>ARMOR.LIGHT.ARMORPROFLIGHT.SUIT.NONMETAL.CUSTOM</type>
			<weight>15</weight>
			<total_wt>15</total_wt>
			<total_weight>15</total_weight>
			<bonuslist></bonuslist>
			<acmod>2</acmod>
			<maxdex>6</maxdex>
			<accheck>0</accheck>
			<edr>0</edr>
			<move></move>
			<spell_failure>10</spell_failure>
			<damage></damage>
			<damage_alt></damage_alt>
			<crit_range></crit_range>
			<crit_mult></crit_mult>
			<crit_range_alt></crit_range_alt>
			<crit_mult_alt></crit_mult_alt>
			<range>0 ft.</range>
			<attacks>0.0</attacks>
			<prof>Leather</prof>
			<source>Custom - Paizo Inc. - Core Rulebook, p.151</source>
			<quality></quality>
		</item>
		<total>
			<weight>18 lbs.</weight>
			<value>32 gp</value>
			<load>Light</load>
			<capacity>115</capacity>
		</total>
		<equipmentsets>
		<equipmentset name="Default Set">
				<item>
					<longname>Rapier</longname>
					<name>Rapier</name>
					<carried>1.0</carried>
					<charges></charges>
					<charges_used></charges_used>
					<contents></contents>
					<contents_num>0</contents_num>
					<content_weight>0</content_weight>
					<cost>20</cost>
					<equipped>Y</equipped>
					<location>Equipped</location>
					<maxcharges>0</maxcharges>
					<note></note>
					<quantity>1</quantity>
					<checkbox>1</checkbox>
					<size>
						<long>Medium</long>
						<short>M</short>
					</size>
					<special_properties></special_properties>
					<type>WEAPON.RESIZABLE.MELEE.MARTIAL.ONEHANDED.FINESSEABLE.PIERCING.MELEEPIERCING.SWORD.BLADELIGHT.WEAPON GROUP BLADES LIGHT.WEAPON GROUP MELEE ONEHANDED PIERCING.CUSTOM.METAL</type>
					<weight>2</weight>
					<total_wt>2</total_wt>
					<total_weight>2</total_weight>
					<bonuslist></bonuslist>
					<acmod>0</acmod>
					<maxdex>100</maxdex>
					<accheck>0</accheck>
					<edr>0</edr>
					<move></move>
					<spell_failure>0</spell_failure>
					<damage>1d6</damage>
					<damage_alt></damage_alt>
					<crit_range>3</crit_range>
					<crit_mult>x2</crit_mult>
					<crit_range_alt></crit_range_alt>
					<crit_mult_alt></crit_mult_alt>
					<range>0 ft.</range>
					<attacks>0.0</attacks>
					<prof>Rapier</prof>
					<source>Custom - Paizo Inc. - Core Rulebook, p.148</source>
					<quality>EQ.0.QUALITY</quality>
				</item>
				<item>
					<longname>Dagger</longname>
					<name>Dagger</name>
					<carried>1.0</carried>
					<charges></charges>
					<charges_used></charges_used>
					<contents></contents>
					<contents_num>0</contents_num>
					<content_weight>0</content_weight>
					<cost>2</cost>
					<equipped>Y</equipped>
					<location>Equipped</location>
					<maxcharges>0</maxcharges>
					<note></note>
					<quantity>1</quantity>
					<checkbox>1</checkbox>
					<size>
						<long>Medium</long>
						<short>M</short>
					</size>
					<special_properties></special_properties>
					<type>WEAPON.RESIZABLE.MELEE.SIMPLE.LIGHT.FINESSEABLE.RANGED.THROWN.PIERCING.SLASHING.DAGGER.BLADELIGHT.WEAPON GROUP BLADES LIGHT.WEAPON GROUP THROWN.WEAPON GROUP MELEE LIGHT PIERCING.CUSTOM.METAL</type>
					<weight>1</weight>
					<total_wt>1</total_wt>
					<total_weight>1</total_weight>
					<bonuslist></bonuslist>
					<acmod>0</acmod>
					<maxdex>100</maxdex>
					<accheck>0</accheck>
					<edr>0</edr>
					<move></move>
					<spell_failure>0</spell_failure>
					<damage>1d4</damage>
					<damage_alt></damage_alt>
					<crit_range>2</crit_range>
					<crit_mult>x2</crit_mult>
					<crit_range_alt></crit_range_alt>
					<crit_mult_alt></crit_mult_alt>
					<range>10 ft.</range>
					<attacks>0.0</attacks>
					<prof>Dagger</prof>
					<source>Custom - Paizo Publishing LLC - Ultimate Equipment, p.26</source>
					<quality>EQ.0.QUALITY</quality>
				</item>
				<item>
					<longname>Leather Armor</longname>
					<name>Leather Armor</name>
					<carried>1.0</carried>
					<charges></charges>
					<charges_used></charges_used>
					<contents></contents>
					<contents_num>0</contents_num>
					<content_weight>0</content_weight>
					<cost>10</cost>
					<equipped>Y</equipped>
					<location>Equipped</location>
					<maxcharges>0</maxcharges>
					<note></note>
					<quantity>1</quantity>
					<checkbox>1</checkbox>
					<size>
						<long>Medium</long>
						<short>M</short>
					</size>
					<special_properties></special_properties>
					<type>ARMOR.LIGHT.ARMORPROFLIGHT.SUIT.NONMETAL.CUSTOM</type>
					<weight>15</weight>
					<total_wt>15</total_wt>
					<total_weight>15</total_weight>
					<bonuslist></bonuslist>
					<acmod>2</acmod>
					<maxdex>6</maxdex>
					<accheck>0</accheck>
					<edr>0</edr>
					<move></move>
					<spell_failure>10</spell_failure>
					<damage></damage>
					<damage_alt></damage_alt>
					<crit_range></crit_range>
					<crit_mult></crit_mult>
					<crit_range_alt></crit_range_alt>
					<crit_mult_alt></crit_mult_alt>
					<range>0 ft.</range>
					<attacks>0.0</attacks>
					<prof>Leather</prof>
					<source>Custom - Paizo Inc. - Core Rulebook, p.151</source>
					<quality>EQ.0.QUALITY</quality>
				</item>
			</equipmentset>
		</equipmentsets>
	</equipment>
	<weight_allowance>
		<light>38</light>
		<medium>76</medium>
		<heavy>115</heavy>
		<lift_over_head>115</lift_over_head>
		<lift_off_ground>230</lift_off_ground>
		<!-- And loses Dex bonus to AC and can only move 5 feet per round as a full-round action -->
		<push_drag>575</push_drag>
	</weight_allowance>
	<!--
	  ====================================
	  ====================================
			SPECIAL ABILITIES
	  ====================================
	  ====================================-->
	<special_abilities>
		<race></race>
		<class>
			<class>Rogue</class>
			<ability></ability>
		</class>
	</special_abilities>
	<!--
	  ====================================
	  ====================================
			FEATS
	  ====================================
	  ====================================-->
	<feats>
		<!-- Visible standard feats (not including the auto feats) -->
		<feat>
			<name>Accursed</name>
			<description>[Not Implemented] Your curse weighs down your soul like a millstone around your neck.</description>
			<benefit>You gain spell resistance equal to 5 + your character level, as the curse interferes with all magic. Unlike most spell resistance, it can&#39;t voluntarily be lowered, though your own spells and magic items still automatically affect you. Goal:Your curse is lifted or you are able to purge the corruption of your fiendish blood (the circumstances of either vary widely based on the nature of the curse, and are up to the GM). Completion Benefit:You lose the spell resistance described above. You gain spell resistance equal to 11 + your character level, but only against harmful enchantment, necromancy, and transmutation spells and spell-like abilities-your aura resists further attempts to curse you. Harmless spells automatically bypass this spell resistance whether you desire it or not. This spell resistance can be voluntarily lowered.</benefit>
			<type>STORY</type>
			<associated></associated>
			<count>0</count>
			<auto>F</auto>
			<hidden>F</hidden>
			<virtual>F</virtual>
			<source>Paizo Publishing - Ultimate Campaign, p.67</source>
		</feat>
		<feat>
			<name>Acrobatic</name>
			<description>You are skilled at leaping, jumping, and flying.</description>
			<benefit>You get a +2 bonus on all Acrobatics and Fly skill checks. If you have 10 or more ranks in one of these skills, the bonus increases to +4 for that skill.</benefit>
			<type>GENERAL</type>
			<associated></associated>
			<count>0</count>
			<auto>F</auto>
			<hidden>F</hidden>
			<virtual>F</virtual>
			<source>Paizo Inc. - Core Rulebook, p.113</source>
		</feat>

		<!-- Auto feats -->

		<!-- Virtual Feats -->
		<!-- End Virtual Feats -->
		<!-- Hidden feats (all feats less the virtual, automatic and visible ones) -->
		<!-- Hidden VFEATS -->
		<!-- END Hidden VFEATS -->
		<feat>
			<name>CMB Output</name>
			<description></description>
			<benefit></benefit>
			<type>INTERNAL</type>
			<associated></associated>
			<count>0</count>
			<auto>T</auto>
			<hidden>T</hidden>
			<virtual>F</virtual>
			<source>Paizo Inc. - Core Rulebook</source>
		</feat>
	</feats>

	<!--
	  ====================================
	  ====================================
			ARCHETYPES
	  ====================================
	  ====================================-->
	<archetypes>
	</archetypes>
	<!--
	  ====================================
	  ====================================
			SPECIAL QUALITIES
	  ====================================
	  ====================================-->
	<special_qualities>
		<!-- Visible All "Special Ability" Ability Objects -->
		<special_quality>
			<name>Elven Immunities</name>
			<description>Elves are immune to magic sleep effects and get a +2 racial saving throw bonus against enchantment spells and effects.</description>
			<type>RACIALTRAITS.ELF RACIAL TRAIT.ELF RACIAL DEFAULT.SPECIALQUALITY</type>
			<associated></associated>
			<count>0</count>
			<aspect>SaveBonus: +2 racial saving throw bonus against enchantment spells and effects.</aspect>
			<auto>F</auto>
			<hidden>F</hidden>
			<virtual>F</virtual>
			<category>Special Ability</category>
			<source>Paizo Inc. - Advanced Race Guide, p.20</source>
		</special_quality>
		<special_quality>
			<name>Elven Magic</name>
			<description>Elves receive a +2 racial bonus on caster level checks made to overcome spell resistance. In addition, elves receive a +2 racial bonus on Spellcraft skill checks made to identify the properties of magic items.</description>
			<type>RACIALTRAITS.ELF RACIAL TRAIT.ELF RACIAL DEFAULT.SPECIALQUALITY.SPECIAL QUALITY.ELVEN MAGIC</type>
			<associated></associated>
			<count>0</count>
			<aspect></aspect>
			<auto>F</auto>
			<hidden>F</hidden>
			<virtual>F</virtual>
			<category>Special Ability</category>
			<source>Paizo Inc. - Advanced Race Guide, p.20</source>
		</special_quality>
		<special_quality>
			<name>Evasion (Ex)</name>
			<description>You can avoid damage from many area-effect attacks. If you make a successful Reflex saving throw against an attack that normally deals half damage on a successful save, you instead take no damage. Evasion can only be used if you are wearing light armor or no armor. If you are helpless, you do not gain the benefit of evasion.</description>
			<type>SPECIALQUALITY.EXTRAORDINARY.DEFENSIVE</type>
			<associated></associated>
			<count>0</count>
			<aspect></aspect>
			<auto>F</auto>
			<hidden>F</hidden>
			<virtual>F</virtual>
			<category>Special Ability</category>
			<source>Paizo Inc. - Core Rulebook</source>
		</special_quality>
		<special_quality>
			<name>Immunity to Sleep (Ex)</name>
			<description>You are never subject to sleep effects.</description>
			<type>SPECIALQUALITY.EXTRAORDINARY.IMMUNITY</type>
			<associated></associated>
			<count>0</count>
			<aspect>Immunity: Sleep</aspect>
			<auto>F</auto>
			<hidden>F</hidden>
			<virtual>F</virtual>
			<category>Special Ability</category>
			<source>Paizo Inc. - Bestiary, p.301</source>
		</special_quality>
		<special_quality>
			<name>Keen Senses</name>
			<description>Elves receive a +2 racial bonus on Perception skill checks.</description>
			<type>RACIALTRAITS.ELF RACIAL TRAIT.ELF RACIAL DEFAULT.SPECIALQUALITY</type>
			<associated></associated>
			<count>0</count>
			<aspect></aspect>
			<auto>F</auto>
			<hidden>F</hidden>
			<virtual>F</virtual>
			<category>Special Ability</category>
			<source>Paizo Inc. - Advanced Race Guide, p.20</source>
		</special_quality>
		<special_quality>
			<name>Low-Light Vision (Ex)</name>
			<description>Elves can see twice as far as humans in conditions of dim light.</description>
			<type>RACIALTRAITS.ELF RACIAL TRAIT.ELF RACIAL DEFAULT.SPECIALQUALITY.EXTRAORDINARY.RACIAL VISION</type>
			<associated></associated>
			<count>0</count>
			<aspect></aspect>
			<auto>F</auto>
			<hidden>F</hidden>
			<virtual>F</virtual>
			<category>Special Ability</category>
			<source>Paizo Inc. - Advanced Race Guide, p.20</source>
		</special_quality>
		<special_quality>
			<name>Trapfinding (Ex)</name>
			<description>You add +2 to Perception skill checks made to locate traps and to Disable Device skill checks. You can use the Disable Device skill to disarm magical traps.</description>
			<type>ROGUECLASSFEATURES.RANGERCLASSFEATURES.SPECIALQUALITY.EXTRAORDINARY.TRAPFINDING</type>
			<associated></associated>
			<count>0</count>
			<aspect></aspect>
			<auto>F</auto>
			<hidden>F</hidden>
			<virtual>F</virtual>
			<category>Special Ability</category>
			<source>Paizo Inc. - Core Rulebook, p.68</source>
		</special_quality>
		<special_quality>
			<name>Trap Sense (Ex)</name>
			<description>You gain a +1 bonus on Reflex saves made to avoid traps, and a +1 dodge bonus to AC against attacks made by traps.</description>
			<type>SPECIALQUALITY.EXTRAORDINARY.DEFENSIVE.BARBARIANCLASSFEATURES.CLASSFEATURES</type>
			<associated></associated>
			<count>0</count>
			<aspect>Ability Benefit: +1, SaveBonus: +1 Reflex to avoid traps</aspect>
			<auto>F</auto>
			<hidden>F</hidden>
			<virtual>F</virtual>
			<category>Special Ability</category>
			<source>Paizo Inc. - Core Rulebook</source>
		</special_quality>
		<special_quality>
			<name>Uncanny Dodge (Ex)</name>
			<description>You can react to danger before your senses would normally allow you to do so. You cannot be caught flat-footed, nor do you lose your Dexterity bonus to AC if the attacker is invisible. You still lose your Dexterity bonus to AC if immobilized. You can still lose your Dexterity bonus to AC if an opponent successfully uses the feint action against you.</description>
			<type>SPECIALQUALITY.EXTRAORDINARY.DEFENSIVE</type>
			<associated></associated>
			<count>0</count>
			<aspect></aspect>
			<auto>F</auto>
			<hidden>F</hidden>
			<virtual>F</virtual>
			<category>Special Ability</category>
			<source>Paizo Inc. - Core Rulebook</source>
		</special_quality>
		<special_quality>
			<name>Weapon Familiarity</name>
			<description>Elves are proficient with longbows (including composite longbows), longswords, rapiers, and shortbows (including composite shortbows), and treat any weapon with the word &quot;elven&quot; in its name as a martial weapon.</description>
			<type>RACIALTRAITS.ELF RACIAL TRAIT.ELF RACIAL DEFAULT.SPECIALQUALITY.SPECIAL QUALITY.WEAPON FAMILIARITY.RACIALWEAPONFAMILIARITY</type>
			<associated></associated>
			<count>0</count>
			<aspect></aspect>
			<auto>F</auto>
			<hidden>F</hidden>
			<virtual>F</virtual>
			<category>Special Ability</category>
			<source>Paizo Inc. - Advanced Race Guide, p.20</source>
		</special_quality>
	</special_qualities>
	<!--
	  ====================================
	  ====================================
			SPECIAL ATTACKS
	  ====================================
	  ====================================-->
	<special_attacks>
		<!-- Visible All "Special Ability" Ability Objects -->
		<special_attack>
			<name>Assault Leader (Ex)</name>
			<description>Once per day, when the rogue misses with an attack on a flanked opponent, she can designate a single ally who is also flanking the target that her attack missed. That ally can make a single melee attack against the opponent as an immediate action.</description>
			<type>ROGUETALENT.SPECIALATTACK.EXTRAORDINARY.ATTACKOPTION.UNCHAINED ROGUE TALENT</type>
			<associated></associated>
			<count>0</count>
			<aspect>CheckCount: 1, CheckType: Uses per Day</aspect>
			<auto>F</auto>
			<hidden>F</hidden>
			<virtual>F</virtual>
			<category>Special Ability</category>
			<source>Paizo Inc. - Advanced Player&#39;s Guide, p.130</source>
		</special_attack>
		<special_attack>
			<name>Befuddling Strike (Ex)</name>
			<description>When the rogue deals sneak attack damage against an opponent, that opponent takes a -2 penalty on attack rolls against the rogue for 1d4 rounds.</description>
			<type>ROGUETALENT.SPECIALATTACK.EXTRAORDINARY.ATTACKOPTION.POISONDARTERTALENTCHOICE</type>
			<associated></associated>
			<count>0</count>
			<aspect></aspect>
			<auto>F</auto>
			<hidden>F</hidden>
			<virtual>F</virtual>
			<category>Special Ability</category>
			<source>Paizo Inc. - Advanced Player&#39;s Guide, p.130</source>
		</special_attack>
		<special_attack>
			<name>Sneak Attack (Ex)</name>
			<description>If you can catch an opponent when he is unable to defend himself effectively from your attack, you can strike a vital spot for extra damage. Your attack deals 2d6 points of extra damage anytime your target would be denied a Dexterity bonus to AC, or when you flank your target. Should you score a critical hit with a sneak attack, this extra damage is not multiplied. Ranged attacks can count as sneak attacks only if the target is within 30 feet. With a weapon that deals nonlethal damage, you can make a sneak attack that deals nonlethal damage instead of lethal damage. You cannot use a weapon that deals lethal damage to deal nonlethal damage in a sneak attack, not even with the usual -4 penalty. You must be able to see the target well enough to pick out a vital spot and must be able to reach such a spot. You cannot sneak attack while striking a creature with concealment.</description>
			<type>ROGUECLASSFEATURES.ALCHEMISTCLASSFEATURES.SPECIALATTACK.EXTRAORDINARY.ATTACKOPTION.UNCHAINED ROGUE CLASS FEATURE</type>
			<associated></associated>
			<count>0</count>
			<aspect>Ability Benefit: 2d6</aspect>
			<auto>F</auto>
			<hidden>F</hidden>
			<virtual>F</virtual>
			<category>Special Ability</category>
			<source>Paizo Inc. - Core Rulebook, p.68</source>
		</special_attack>
	</special_attacks>

		<!--
	  ====================================
	  ====================================
			Resistance Table
	  ====================================
	  ====================================-->
		<resistances>
		</resistances>

		<!--
	  ====================================
	  ====================================
			Racial Traits
	  ====================================
	  ====================================-->

	<racial_traits>
	</racial_traits>

		<!--
	  ====================================
	  ====================================
			Animal Trick
	  ====================================
	  ====================================-->
	<animal_tricks>
	</animal_tricks>

	<!--
	  ====================================
	  ====================================
			TALENTS
	  ====================================
	  ====================================-->
	<talents>
	</talents>

	<!--
	  ====================================
	  ====================================
			Intelligent Item
	  ====================================
	  ====================================-->
	<intelligent_items>
	</intelligent_items>

	<!--
	  ====================================
	  ====================================
			Words of Power
	  ====================================
	  ====================================-->
	<words_of_powers>
	</words_of_powers>

	<!--
	  ====================================
	  ====================================
			SALIENT DIVINE ABILITIES
	  ====================================
	  ====================================-->
	<salient_divine_abilities>
	</salient_divine_abilities>
	<!--
	  ====================================
	  ====================================
			Occupations
	  ====================================
	  ====================================-->
	<occupations>
	</occupations>


	<!-- Eclipse Section -->
		<!--
	  ====================================
	  ====================================
			Eclipse Recurring Bonuses
	  ====================================
	  ====================================-->
	<charcreations>
	</charcreations>
		<!--
	  ====================================
	  ====================================
			DISADVANTAGES
	  ====================================
	  ====================================-->
	<disadvantages>
	</disadvantages>
	<!--
	  ====================================
	  ====================================
			Eclipse Abilities
	  ====================================
	  ====================================-->
	<eclipse_abilities>
	</eclipse_abilities>
	<!--
	  ====================================
	  ====================================
			Spell Caster Output
	  ====================================
	  ====================================-->
	<spellcasteroutputs>
	</spellcasteroutputs>
	<!--
	  ====================================
	  ====================================
			Martial Arts
	  ====================================
	  ====================================-->
	<martial_arts>
	</martial_arts>
	<!--
	  ====================================
	  ====================================
			Mystic Artist
	  ====================================
	  ====================================-->
	<mystic_artists>
	</mystic_artists>
	<!--
	  ====================================
	  ====================================
			Witchcraft Abilities
	  ====================================
	  ====================================-->
	<witchcrafts>
	</witchcrafts>
	<!--
	  ====================================
	  ====================================
			The Path of the Dragon
	  ====================================
	  ====================================-->
	<path_dragons>
	</path_dragons>
		<!--
	  ====================================
	  ====================================
			Dominion and Advanced Dominion
	  ====================================
	  ====================================-->
	<dominions>
	</dominions>
	<!--
	  ====================================
	  ====================================
			Channeling
	  ====================================
	  ====================================-->
	<channelings>
	</channelings>
	<!-- END ECLIPSE SECION -->

	<!--
	  ====================================
	  ====================================
			POWERS - CLASSFEATURES
	  ====================================
	  ====================================-->
	<powers_classfeatures>
	</powers_classfeatures>

		<!--
	  ====================================
	  ====================================
			POWERS - CLASSFEATURES
	  ====================================
	  ====================================-->
	<powers_classfeatures>
	</powers_classfeatures><!--
	  ====================================
	  ====================================
			POWERS - FEATPOWERS
	  ====================================
	  ====================================-->
	<powers_featpowers>
	</powers_featpowers>

	<!--
	  ====================================
	  ====================================
			4e Powers - At-Will
	  ====================================
	  ====================================-->
	<powers_atwills>
	</powers_atwills>

	<!--
	  ====================================
	  ====================================
			4e Powers - At-Will
	  ====================================
	  ====================================-->
	<powers_atwills>
	</powers_atwills>

	<!--
	  ====================================
	  ====================================
			4e Powers - Encounter
	  ====================================
	  ====================================-->

	<powers_encounters>
	</powers_encounters>
	<!--
	  ====================================
	  ====================================
			4e Powers - Daily
	  ====================================
	  ====================================-->
	<powers_dailies>
	</powers_dailies>
	<!--
	  ====================================
	  ====================================
			4e Powers - Utility
	  ====================================
	  ====================================-->

	<powers_utilities>
	</powers_utilities>

	<!--
	  ====================================
	  ====================================
			Demon Cant
	  ====================================
	  ====================================-->
	<demon_cants>
	</demon_cants>
	<!--
	  ====================================
	  ====================================
			Mage Gnosis
	  ====================================
	  ====================================-->
	<mage_gnosises>
	</mage_gnosises>
	<!--
	  ====================================
	  ====================================
			Vampire Disciplines
	  ====================================
	  ====================================-->
	<vampire_disciplines>
	</vampire_disciplines>
	<!--
	  ====================================
	  ====================================
			Werewolf Rites
	  ====================================
	  ====================================-->
	<werewolf_rites>
	</werewolf_rites>

	<!--
	  ====================================
	  ====================================
			Force Powers
	  ====================================
	  ====================================-->
	<force_powers>
	</force_powers>
	<!--
	  ====================================
	  ====================================
			Force Techniques
	  ====================================
	  ====================================-->
	<force_techniques>
	</force_techniques>
	<!--
	  ====================================
	  ====================================
			Force Secrets
	  ====================================
	  ====================================-->
	<force_secrets>
	</force_secrets>

	<!--
	====================================
	====================================
			MUTATIONS
	====================================
	====================================	-->
	<mutations>
	</mutations>




	<!--
	  ====================================
	  ====================================
			TRAITS
	  ====================================
	  ====================================-->
	<traits>
		<trait>
			<name>Absalom Bouncer</name>
			<description>When you make an attack that deals nonlethal damage with an unarmed strike, you gain a +1 bonus on your damage roll.</description>
			<source>Paizo Inc. - Pathfinder Player Companion: Advanced Class Origins, p.11</source>
		</trait>
		<trait>
			<name>Acadamae Neophyte</name>
			<description>Whenever you succeed at a Knowledge (planes) check to identify a creature and its special powers or vulnerabilities, you gain one additional piece of useful information (as if your skill check result had been 5 higher).</description>
			<source>Paizo Publishing - Pathfinder Player Companion: Monster Summoner&#39;s Handbook, p.10</source>
		</trait>
	</traits>

	<!--
	  ====================================
	  ====================================
			Afflictions
	  ====================================
	  ====================================-->
	<afflictions>
	</afflictions>

	<!--
	  ====================================
	  ====================================
			PFS Chronicles
	  ====================================
	  ====================================-->
	<pfs_chronicles>
	</pfs_chronicles>
	<!--
	  ====================================
	  ====================================
			PFS Boons
	  ====================================
	  ====================================-->
	<pfs_boons>
	</pfs_boons>
	<!--
	====================================
	  ====================================
			Temporary Bonus
	  ====================================
	  ====================================-->
	<tempbonuses>
	</tempbonuses>

	<!--
	  ====================================
	  ====================================
			MISCELLANEOUS
	  ====================================
	  ====================================-->


	<!-- Domains -->
	<weapon_proficiencies>Battle Aspergillum, Bayonet, Blowgun, Boar Spear, Brass Knuckles, Cestus, Club, Hand Crossbow, Heavy Crossbow, Light Crossbow, Dagger, Punching Dagger, Dart, Gauntlet, Spiked Gauntlet, Grapple, Javelin, Kunai, Longbow, Longspear, Longsword, Heavy Mace, Light Mace, Mere Club, Morningstar, Quarterstaff, Rapier, Rock, Sap, Shortbow, Shortspear, Sickle, Sling, Spear, Boar Spear, Ray Spells, Touch Spells, Splash Weapon, Stake, Stonebow, Short Sword, Traveling Kettle, Unarmed Strike, Underwater Heavy Crossbow, Underwater Light Crossbow</weapon_proficiencies>
	<languages>Common, Elven</languages>


	<misc>
			<gold>4,968</gold>

		<funds>
			<fund></fund>
		</funds>
		<companions>
			<companion></companion>
		</companions>
<!--	This doesn't work - AM
		-->
		<magics>
			<magic></magic>
		</magics>
	</misc>
	<!--
	  ====================================
	  ====================================
			COMPANIONS
	  ====================================
	  ====================================-->
	<companions>


	</companions>
	<!--
	  ====================================
	  ====================================
			SPELLS
	  ====================================
	  ====================================-->
	<spells>
		<!-- ### BEGIN Innate spells ### -->
	<spells_innate number="none"/>
		<!-- ### END Innate spells ### -->
		<!-- ### BEGIN Known spells ### -->
		<known_spells>
	</known_spells>
		<!-- ### END Known spells ### -->

		<!-- ### BEGIN memorized spells ### -->
	<memorized_spells/>
	<!-- ### END class Spellbook memorized spells ### -->
	</spells>
	<!-- ### Additional House Rules for Variables in the xsl:fo code ### -->
	<house_var>
		<spelldisplaydc>0.0</spelldisplaydc>
		<OldStyleAbilityStatBlockDisplay>0.0</OldStyleAbilityStatBlockDisplay>
	</house_var>
</character>
