<?xml version="1.0" encoding="UTF-8"?>
<!--
-->
<character>
	<export>
		<date>X</date>
		<time>X</time>
		<version>6.09.08.RC1</version>
		<paperinfo>
			<name>A4</name>
			<height>297mm</height>
			<width>210mm</width>
			<margins>
				<top>10mm</top>
				<bottom>15mm</bottom>
				<left>10mm</left>
				<right>10mm</right>
			</margins>
		</paperinfo>
		<directories>
			<pcgen>X</pcgen>
			<templates>X</templates>
			<pcg>X</pcg>
			<html>X</html>
			<temp>X</temp>
		</directories>
		<invalidtext>
			<tohit>N/A</tohit>
			<damage>N/A</damage>
		</invalidtext>
	</export>
	<unit_set>
		<name>Imperial</name>
		<height_unit>ftin</height_unit>
		<distance_unit> ft.</distance_unit>
		<weight_unit> lbs.</weight_unit>
	</unit_set>
	<!--
	  ====================================
	  ====================================
			BIO
	  ====================================
	  ====================================-->
	<basics>
		<bonuses></bonuses>
		<bonuses></bonuses>
		<bonuses></bonuses>
		<bonuses></bonuses>
		<name>Corpus Wizard5</name>
		<followerof></followerof>
		<playername></playername>
		<charactertype>PC</charactertype>
		<hero_points>0</hero_points>
		<age>0</age>
		<alignment>
			<long>None</long>
			<short>None</short>
		</alignment>
		<archetypes>
		</archetypes>
		<bab>+2</bab>
		<bio></bio>
		<birthday></birthday>
		<birthplace></birthplace>
		<catchphrase></catchphrase>
		<classes>
			<class>
				<name>Abjurer</name>
				<abbreviation>Abj</abbreviation>
				<level>5</level>
				<bonuslist>Abjurer</bonuslist>
				<sequence>0</sequence>
				<sequence_shortform>Abj5</sequence_shortform>
			</class>
			<levels_total>5</levels_total>
			<levels_ecl>5</levels_ecl>
			<!-- shortform below should be removed - it can be derived from class info above -->
			<shortform>Abj5</shortform>
			<!-- CLASSLIST is not extracted because we can derive it from the information above -->
		</classes>
		<deity>
			<name>None</name>
			<alignment></alignment>
			<description>None</description>
			<domainlist>Aeon Subdomain, Agathion Subdomain, Air, Ancestors Subdomain, Animal, Aquatic, Arcane Subdomain, Archon Subdomain (Good), Archon Subdomain (Law), Arctic, Aristocracy Subdomain, Artifice, Ash Subdomain, Azata Subdomain (Chaos), Azata Subdomain (Good), Badlands, Battle (Spirit), Blood Subdomain, Bones (Spirit), Cannibalism Subdomain, Catastrophe Subdomain, Cave, Caves Subdomain, Chaos, Charm, Cloud Subdomain, Community, Construct Subdomain, Cooperation Subdomain, Corruption Subdomain, Crocodile, Curse Subdomain, Daemon Subdomain, Dark Tapestry Subdomain, Darkness, Day Subdomain, Death, Death (Pharasma), Decay Subdomain, Deception Subdomain, Defense Subdomain, Demodand Subdomain (Chaos), Demodand Subdomain (Evil), Demon Subdomain (Chaos), Demon Subdomain (Evil), Desert, Destruction, Devil Subdomain (Evil), Devil Subdomain (Law), Divine Subdomain, Dragon Subdomain, Eagle, Earth, Erosion, Evil, Exploration Subdomain, Family Subdomain, Fate Subdomain, Feather Subdomain, Ferocity Subdomain, Fire, Fist Subdomain, Flame (Spirit), Flowing Subdomain, Freedom Subdomain, Frog, Fur Subdomain, Glory, Good, Greed Subdomain, Growth Subdomain, Hatred Subdomain, Healing, Heavens (Spirit), Heroism Subdomain, Home Subdomain, Honor Subdomain, Ice Subdomain, Imagination Subdomain, Inevitable Subdomain, Innuendo Subdomain, Insanity Subdomain, Isolation Subdomain, Judgment Subdomain, Jungle, Knowledge, Kyton Subdomain (Evil), Kyton Subdomain (Law), Language Subdomain, Law, Leadership Subdomain, Leshy Subdomain, Liberation, Life (Spirit), Light Subdomain, Lore (Spirit), Loss Subdomain, Love Subdomain, Luck, Lust Subdomain, Madness, Magic, Martyr Subdomain, Memory Subdomain, Metal Subdomain, Monkey, Mountain, Murder Subdomain, Nature (Spirit), Night Subdomain, Nightmare Subdomain, Nobility, Oceans Subdomain, Panther, Plains, Plant, Protean Subdomain, Protection, Psychopomp Subdomain (Death), Psychopomp Subdomain (Repose), Purity Subdomain, Rage Subdomain, Redemption Subdomain, Repose, Resolve Subdomain, Restoration Subdomain, Resurrection Subdomain, Revelation Subdomain, Revelry Subdomain, Revolution Subdomain, Rune, Saurian Subdomain, Scalykind, Seasons Subdomain, Serpent, Shadow Subdomain (Darkness), Shadow Subdomain (Death), Smoke Subdomain, Solitude Subdomain, Souls (Pharasma) Subdomain, Souls Subdomain, Stars Subdomain, Stone (Spirit), Storms Subdomain, Strength, Sun, Swamp, Tactics Subdomain, Thievery Subdomain, Thought Subdomain, Toil Subdomain, Trade Subdomain, Travel, Trickery, Undead Subdomain, Venom Subdomain, Vermin, Void, Vulture, War, Wards Subdomain, Water, Waves (Spirit), Weather, Wind (Spirit), Wind Subdomain, Wolf</domainlist>
			<favoredweapon></favoredweapon>
			<holyitem>None</holyitem>
			<pantheonlist></pantheonlist>
			<source>Paizo Inc. - Core Rulebook</source>
			<special_abilities></special_abilities>
			<appearance></appearance>
			<title></title>
			<worshippers></worshippers>
		</deity>
		<description></description>
		<experience>
			<current>15000</current>
			<next_level>23000</next_level>
			<factor>100%</factor>
			<penalty>0%</penalty>
		</experience>
		<eyes>
			<color></color>
		</eyes>
		<hair>
			<color></color>
			<length></length>
		</hair>
		<skin>
			<color></color>
		</skin>
		<cr>4</cr>
		<face>
			<face>5 ft. by 5 ft.</face>
			<short>5 ft.</short>
			<squares>1 x 1</squares>
		</face>
		<favoredlist></favoredlist>
		<followerlist></followerlist>
		<gender>
			<long>Male</long>
			<short>Male</short>
		</gender>
		<handed>Right</handed>
		<height>
			<total>0&#39; 0&quot;</total>
			<feet>0</feet>
			<inches>0</inches>
		</height>
		<hitdice>(5d6)+5</hitdice>
		<image>file:C:\Users\USER\Documents\PCGen\characters/Corpus Wizard5.jpg</image>
		<interests></interests>
		<languages>
			<language>Common</language>
			<language></language>
			<all>Common</all>
		</languages>
		<location></location>
		<move>
			<move>
				<name>Walk</name>
				<rate>30 ft.</rate>
				<squares>6</squares>
			</move>
			<all>Walk 30 ft.</all>
		</move>
		<personality>
			<trait></trait>
			<trait></trait>
		</personality>
		<portrait>
			<portrait></portrait>
			<portrait_thumb></portrait_thumb>
		</portrait>
		<phobias></phobias>
			<race>Human (Arcadian)</race>
		<race>
			<racetype>Humanoid</racetype>
		</race>
		<reach>
			<reach>5 ft.</reach>
			<squares>1</squares>
		</reach>
		<region>Absalom</region>
		<reputation>0</reputation>
		<residence></residence>
		<size>
			<long>Medium</long>
			<short>M</short>
		</size>
		<speechtendency></speechtendency>
		<type>Humanoid</type>
		<vision>
			<all></all>
		</vision>
		<wealth>0</wealth>
		<gold>4,993</gold>
		<weight>
			<weight_unit>0 lbs.</weight_unit>
			<weight_nounit>0</weight_nounit>
		</weight>
		<poolpoints>
			<cost>0</cost>
			<current>0</current>
		</poolpoints>
		<notes>
		</notes>
	</basics>

	<!-- Use ASPECT.NotesSection.x and ASPECT.Notes.y	-->
	<!--
	  ====================================
	  ====================================
			ABILITIES
	  ====================================
	  ====================================-->
	<abilities>
		<ability>
			<name>
				<long>Strength</long>
				<short>STR</short>
			</name>
			<score>9</score>
			<modifier>-1</modifier>
		<!--
		Old BASE tag does not give stats with racial, and other permentant adjustments.
		Use NOTEMP.NOEQUIP instead of BASE gives the correct results.

			<base>9</base>
			<basemod>-1</basemod>
		-->
			<base>9</base>
			<basemod>-1</basemod>

			<noequip>9</noequip>
			<noequip_mod>-1</noequip_mod>
			<no_temp_score>9</no_temp_score>
			<no_temp_modifier>-1</no_temp_modifier>
		</ability>
		<ability>
			<name>
				<long>Dexterity</long>
				<short>DEX</short>
			</name>
			<score>14</score>
			<modifier>+2</modifier>
		<!--
		Old BASE tag does not give stats with racial, and other permentant adjustments.
		Use NOTEMP.NOEQUIP instead of BASE gives the correct results.

			<base>14</base>
			<basemod>+2</basemod>
		-->
			<base>14</base>
			<basemod>+2</basemod>

			<noequip>14</noequip>
			<noequip_mod>+2</noequip_mod>
			<no_temp_score>14</no_temp_score>
			<no_temp_modifier>+2</no_temp_modifier>
		</ability>
		<ability>
			<name>
				<long>Constitution</long>
				<short>CON</short>
			</name>
			<score>12</score>
			<modifier>+1</modifier>
		<!--
		Old BASE tag does not give stats with racial, and other permentant adjustments.
		Use NOTEMP.NOEQUIP instead of BASE gives the correct results.

			<base>12</base>
			<basemod>+1</basemod>
		-->
			<base>12</base>
			<basemod>+1</basemod>

			<noequip>12</noequip>
			<noequip_mod>+1</noequip_mod>
			<no_temp_score>12</no_temp_score>
			<no_temp_modifier>+1</no_temp_modifier>
		</ability>
		<ability>
			<name>
				<long>Intelligence</long>
				<short>INT</short>
			</name>
			<score>18</score>
			<modifier>+4</modifier>
		<!--
		Old BASE tag does not give stats with racial, and other permentant adjustments.
		Use NOTEMP.NOEQUIP instead of BASE gives the correct results.

			<base>18</base>
			<basemod>+4</basemod>
		-->
			<base>18</base>
			<basemod>+4</basemod>

			<noequip>18</noequip>
			<noequip_mod>+4</noequip_mod>
			<no_temp_score>18</no_temp_score>
			<no_temp_modifier>+4</no_temp_modifier>
		</ability>
		<ability>
			<name>
				<long>Wisdom</long>
				<short>WIS</short>
			</name>
			<score>12</score>
			<modifier>+1</modifier>
		<!--
		Old BASE tag does not give stats with racial, and other permentant adjustments.
		Use NOTEMP.NOEQUIP instead of BASE gives the correct results.

			<base>12</base>
			<basemod>+1</basemod>
		-->
			<base>12</base>
			<basemod>+1</basemod>

			<noequip>12</noequip>
			<noequip_mod>+1</noequip_mod>
			<no_temp_score>12</no_temp_score>
			<no_temp_modifier>+1</no_temp_modifier>
		</ability>
		<ability>
			<name>
				<long>Charisma</long>
				<short>CHA</short>
			</name>
			<score>12</score>
			<modifier>+1</modifier>
		<!--
		Old BASE tag does not give stats with racial, and other permentant adjustments.
		Use NOTEMP.NOEQUIP instead of BASE gives the correct results.

			<base>10</base>
			<basemod>+0</basemod>
		-->
			<base>12</base>
			<basemod>+1</basemod>

			<noequip>12</noequip>
			<noequip_mod>+1</noequip_mod>
			<no_temp_score>12</no_temp_score>
			<no_temp_modifier>+1</no_temp_modifier>
		</ability>
	</abilities>
	<!--
	  ====================================
	  ====================================
			HIT POINTS
	  ====================================
	  ====================================-->
	<hit_points>
		<usealternatedamage>0</usealternatedamage>
		<points>25</points>
		<alternate>24</alternate>
		<die>(5d6)+5</die>
		<die_short>5</die_short>
		<current/>
		<subdual/>
		<damage_reduction></damage_reduction>
		<damage_threshold>0</damage_threshold>
		<history>
			<roll>
				<level>1</level>
				<roll>6</roll>
				<stat>1</stat>
				<total>7</total>
			</roll>
			<roll>
				<level>2</level>
				<roll>2</roll>
				<stat>1</stat>
				<total>3</total>
			</roll>
			<roll>
				<level>3</level>
				<roll>5</roll>
				<stat>1</stat>
				<total>6</total>
			</roll>
			<roll>
				<level>4</level>
				<roll>2</roll>
				<stat>1</stat>
				<total>3</total>
			</roll>
			<roll>
				<level>5</level>
				<roll>5</roll>
				<stat>1</stat>
				<total>6</total>
			</roll>
		</history>
	</hit_points>
	<!--
	  ====================================
	  ====================================
			ARMOR CLASS
	  ====================================
	  ====================================-->
	<armor_class>
		<total>12</total>
		<listing>ABILITY +2, BASE +10</listing>
		<flat>10</flat>
		<touch>12</touch>
		<base>10</base>
		<armor_bonus>0</armor_bonus>
		<shield_bonus>0</shield_bonus>
		<stat_mod>2</stat_mod>
		<size_mod>0</size_mod>
		<natural>0</natural>
		<deflection>0</deflection>
		<dodge>0</dodge>
		<dodge_bonus>0</dodge_bonus>
		<class_bonus>0</class_bonus>
		<misc>0</misc>
		<insight>0</insight>
		<morale>0</morale>
		<sacred>0</sacred>
		<profane>0</profane>
		<miss_chance/>
		<max_dex></max_dex>
		<spell_failure>0</spell_failure>
		<check_penalty>+0</check_penalty>
		<spell_resistance>0</spell_resistance>
	</armor_class>
	<!--
	  ====================================
	  ====================================
			INITIATIVE
	  ====================================
	  ====================================-->
	<initiative>
		<total>+2</total>
		<dex_mod>+2</dex_mod>
		<misc_mod>+0</misc_mod>
		<spell_failure>0</spell_failure>
		<check_penalty>+0</check_penalty>
		<spell_resistance>0</spell_resistance>
		<hero_points>0</hero_points>
	</initiative>
	<!--
	  ====================================
	  ====================================
			SKILLS
	  ====================================
	  ====================================-->
	<skillinfo>
		<conditional_modifiers>
		</conditional_modifiers>
	</skillinfo>
	<skills>
		<conditional_modifiers>
		</conditional_modifiers>
		<skillpoints>
			<total>35</total>
			<used>35</used>
			<unused>0</unused>
			<eclipse_total>0</eclipse_total>
		</skillpoints>
		<list_mods>Acrobatics +5, Appraise +12, Craft (Alchemy) +12, Craft (Armor) +12, Craft (Baskets) +12, Craft (Blacksmithing) +12, Craft (Books) +12, Craft (Bows) +12, Fly +4</list_mods>
			<max_class_skill_level>5</max_class_skill_level>
		<max_cross_class_skill_level>5.0</max_cross_class_skill_level>
		<skill>
			<name>Acrobatics</name>
			<ranks>0.0</ranks>
			<mod>5<!-- Mods from abilities, equipment, etc -->
			</mod>
			<skill_mod>5</skill_mod>
			<ability_mod>2<!-- Mod from the key ability -->
			</ability_mod>
			<misc_mod>3<!-- This is a calc value of TOTAL-RANK-ABMOD -->
			</misc_mod>
			<ability>DEX</ability>
			<synergy>Acrobatics</synergy>
			<untrained>Y</untrained>
			<exclusive>N</exclusive>
			<trained_total>5</trained_total>
			<exclusive_total>5</exclusive_total>
			<classes></classes>
			<type>Dexterity.ACHECK.Base</type>
		</skill>
		<skill>
			<name>Appraise</name>
			<ranks>5.0</ranks>
			<mod>7<!-- Mods from abilities, equipment, etc -->
			</mod>
			<skill_mod>12</skill_mod>
			<ability_mod>4<!-- Mod from the key ability -->
			</ability_mod>
			<misc_mod>3<!-- This is a calc value of TOTAL-RANK-ABMOD -->
			</misc_mod>
			<ability>INT</ability>
			<synergy>Appraise</synergy>
			<untrained>Y</untrained>
			<exclusive>N</exclusive>
			<trained_total>12</trained_total>
			<exclusive_total>12</exclusive_total>
			<classes>Wizard</classes>
			<type>Intelligence.Base.Background</type>
		</skill>
		<skill>
			<name>Bluff</name>
			<ranks>0.0</ranks>
			<mod>1<!-- Mods from abilities, equipment, etc -->
			</mod>
			<skill_mod>1</skill_mod>
			<ability_mod>1<!-- Mod from the key ability -->
			</ability_mod>
			<misc_mod>0<!-- This is a calc value of TOTAL-RANK-ABMOD -->
			</misc_mod>
			<ability>CHA</ability>
			<synergy>Bluff</synergy>
			<untrained>Y</untrained>
			<exclusive>N</exclusive>
			<trained_total>1</trained_total>
			<exclusive_total>1</exclusive_total>
			<classes></classes>
			<type>Charisma.Base</type>
		</skill>
		<skill>
			<name>Climb</name>
			<ranks>0.0</ranks>
			<mod>-1<!-- Mods from abilities, equipment, etc -->
			</mod>
			<skill_mod>-1</skill_mod>
			<ability_mod>-1<!-- Mod from the key ability -->
			</ability_mod>
			<misc_mod>0<!-- This is a calc value of TOTAL-RANK-ABMOD -->
			</misc_mod>
			<ability>STR</ability>
			<synergy>Climb</synergy>
			<untrained>Y</untrained>
			<exclusive>N</exclusive>
			<trained_total>-1</trained_total>
			<exclusive_total>-1</exclusive_total>
			<classes></classes>
			<type>Strength.ACHECK.Base</type>
		</skill>
		<skill>
			<name>Craft (Alchemy)</name>
			<ranks>5.0</ranks>
			<mod>7<!-- Mods from abilities, equipment, etc -->
			</mod>
			<skill_mod>12</skill_mod>
			<ability_mod>4<!-- Mod from the key ability -->
			</ability_mod>
			<misc_mod>3<!-- This is a calc value of TOTAL-RANK-ABMOD -->
			</misc_mod>
			<ability>INT</ability>
			<synergy>Craft (Alchemy)</synergy>
			<untrained>NO</untrained>
			<exclusive>N</exclusive>
			<trained_total>12</trained_total>
			<exclusive_total>12</exclusive_total>
			<classes>Wizard</classes>
			<type>Intelligence.Craft.Base.Background</type>
		</skill>
		<skill>
			<name>Craft (Armor)</name>
			<ranks>5.0</ranks>
			<mod>7<!-- Mods from abilities, equipment, etc -->
			</mod>
			<skill_mod>12</skill_mod>
			<ability_mod>4<!-- Mod from the key ability -->
			</ability_mod>
			<misc_mod>3<!-- This is a calc value of TOTAL-RANK-ABMOD -->
			</misc_mod>
			<ability>INT</ability>
			<synergy>Craft (Armor)</synergy>
			<untrained>NO</untrained>
			<exclusive>N</exclusive>
			<trained_total>12</trained_total>
			<exclusive_total>12</exclusive_total>
			<classes>Wizard</classes>
			<type>Intelligence.Craft.Base.Background</type>
		</skill>
		<skill>
			<name>Craft (Baskets)</name>
			<ranks>5.0</ranks>
			<mod>7<!-- Mods from abilities, equipment, etc -->
			</mod>
			<skill_mod>12</skill_mod>
			<ability_mod>4<!-- Mod from the key ability -->
			</ability_mod>
			<misc_mod>3<!-- This is a calc value of TOTAL-RANK-ABMOD -->
			</misc_mod>
			<ability>INT</ability>
			<synergy>Craft (Baskets)</synergy>
			<untrained>NO</untrained>
			<exclusive>N</exclusive>
			<trained_total>12</trained_total>
			<exclusive_total>12</exclusive_total>
			<classes>Wizard</classes>
			<type>Intelligence.Craft.Base.Background</type>
		</skill>
		<skill>
			<name>Craft (Blacksmithing)</name>
			<ranks>5.0</ranks>
			<mod>7<!-- Mods from abilities, equipment, etc -->
			</mod>
			<skill_mod>12</skill_mod>
			<ability_mod>4<!-- Mod from the key ability -->
			</ability_mod>
			<misc_mod>3<!-- This is a calc value of TOTAL-RANK-ABMOD -->
			</misc_mod>
			<ability>INT</ability>
			<synergy>Craft (Blacksmithing)</synergy>
			<untrained>NO</untrained>
			<exclusive>N</exclusive>
			<trained_total>12</trained_total>
			<exclusive_total>12</exclusive_total>
			<classes>Wizard</classes>
			<type>Intelligence.Craft.Base.Background</type>
		</skill>
		<skill>
			<name>Craft (Books)</name>
			<ranks>5.0</ranks>
			<mod>7<!-- Mods from abilities, equipment, etc -->
			</mod>
			<skill_mod>12</skill_mod>
			<ability_mod>4<!-- Mod from the key ability -->
			</ability_mod>
			<misc_mod>3<!-- This is a calc value of TOTAL-RANK-ABMOD -->
			</misc_mod>
			<ability>INT</ability>
			<synergy>Craft (Books)</synergy>
			<untrained>NO</untrained>
			<exclusive>N</exclusive>
			<trained_total>12</trained_total>
			<exclusive_total>12</exclusive_total>
			<classes>Wizard</classes>
			<type>Intelligence.Craft.Base.Background</type>
		</skill>
		<skill>
			<name>Craft (Bows)</name>
			<ranks>5.0</ranks>
			<mod>7<!-- Mods from abilities, equipment, etc -->
			</mod>
			<skill_mod>12</skill_mod>
			<ability_mod>4<!-- Mod from the key ability -->
			</ability_mod>
			<misc_mod>3<!-- This is a calc value of TOTAL-RANK-ABMOD -->
			</misc_mod>
			<ability>INT</ability>
			<synergy>Craft (Bows)</synergy>
			<untrained>NO</untrained>
			<exclusive>N</exclusive>
			<trained_total>12</trained_total>
			<exclusive_total>12</exclusive_total>
			<classes>Wizard</classes>
			<type>Intelligence.Craft.Base.Background</type>
		</skill>
		<skill>
			<name>Craft (Untrained)</name>
			<ranks>0.0</ranks>
			<mod>4<!-- Mods from abilities, equipment, etc -->
			</mod>
			<skill_mod>4</skill_mod>
			<ability_mod>4<!-- Mod from the key ability -->
			</ability_mod>
			<misc_mod>0<!-- This is a calc value of TOTAL-RANK-ABMOD -->
			</misc_mod>
			<ability>INT</ability>
			<synergy>Craft (Untrained)</synergy>
			<untrained>Y</untrained>
			<exclusive>N</exclusive>
			<trained_total>4</trained_total>
			<exclusive_total>4</exclusive_total>
			<classes>Wizard</classes>
			<type>Intelligence.Craft</type>
		</skill>
		<skill>
			<name>Diplomacy</name>
			<ranks>0.0</ranks>
			<mod>1<!-- Mods from abilities, equipment, etc -->
			</mod>
			<skill_mod>1</skill_mod>
			<ability_mod>1<!-- Mod from the key ability -->
			</ability_mod>
			<misc_mod>0<!-- This is a calc value of TOTAL-RANK-ABMOD -->
			</misc_mod>
			<ability>CHA</ability>
			<synergy>Diplomacy</synergy>
			<untrained>Y</untrained>
			<exclusive>N</exclusive>
			<trained_total>1</trained_total>
			<exclusive_total>1</exclusive_total>
			<classes></classes>
			<type>Charisma.Base</type>
		</skill>
		<skill>
			<name>Diplomacy (In Magnimar)</name>
			<ranks>0.0</ranks>
			<mod>2<!-- Mods from abilities, equipment, etc -->
			</mod>
			<skill_mod>2</skill_mod>
			<ability_mod>1<!-- Mod from the key ability -->
			</ability_mod>
			<misc_mod>1<!-- This is a calc value of TOTAL-RANK-ABMOD -->
			</misc_mod>
			<ability>CHA</ability>
			<synergy>Diplomacy (In Magnimar)</synergy>
			<untrained>Y</untrained>
			<exclusive>N</exclusive>
			<trained_total>2</trained_total>
			<exclusive_total>2</exclusive_total>
			<classes></classes>
			<type>Charisma.Base</type>
		</skill>
		<skill>
			<name>Disguise</name>
			<ranks>0.0</ranks>
			<mod>1<!-- Mods from abilities, equipment, etc -->
			</mod>
			<skill_mod>1</skill_mod>
			<ability_mod>1<!-- Mod from the key ability -->
			</ability_mod>
			<misc_mod>0<!-- This is a calc value of TOTAL-RANK-ABMOD -->
			</misc_mod>
			<ability>CHA</ability>
			<synergy>Disguise</synergy>
			<untrained>Y</untrained>
			<exclusive>N</exclusive>
			<trained_total>1</trained_total>
			<exclusive_total>1</exclusive_total>
			<classes></classes>
			<type>Charisma.Base</type>
		</skill>
		<skill>
			<name>Escape Artist</name>
			<ranks>0.0</ranks>
			<mod>2<!-- Mods from abilities, equipment, etc -->
			</mod>
			<skill_mod>2</skill_mod>
			<ability_mod>2<!-- Mod from the key ability -->
			</ability_mod>
			<misc_mod>0<!-- This is a calc value of TOTAL-RANK-ABMOD -->
			</misc_mod>
			<ability>DEX</ability>
			<synergy>Escape Artist</synergy>
			<untrained>Y</untrained>
			<exclusive>N</exclusive>
			<trained_total>2</trained_total>
			<exclusive_total>2</exclusive_total>
			<classes></classes>
			<type>Dexterity.ACHECK.Base</type>
		</skill>
		<skill>
			<name>Fly</name>
			<ranks>0.0</ranks>
			<mod>4<!-- Mods from abilities, equipment, etc -->
			</mod>
			<skill_mod>4</skill_mod>
			<ability_mod>2<!-- Mod from the key ability -->
			</ability_mod>
			<misc_mod>2<!-- This is a calc value of TOTAL-RANK-ABMOD -->
			</misc_mod>
			<ability>DEX</ability>
			<synergy>Fly</synergy>
			<untrained>Y</untrained>
			<exclusive>N</exclusive>
			<trained_total>4</trained_total>
			<exclusive_total>4</exclusive_total>
			<classes>Wizard</classes>
			<type>Dexterity.ACHECK.Base</type>
		</skill>
		<skill>
			<name>Heal</name>
			<ranks>0.0</ranks>
			<mod>1<!-- Mods from abilities, equipment, etc -->
			</mod>
			<skill_mod>1</skill_mod>
			<ability_mod>1<!-- Mod from the key ability -->
			</ability_mod>
			<misc_mod>0<!-- This is a calc value of TOTAL-RANK-ABMOD -->
			</misc_mod>
			<ability>WIS</ability>
			<synergy>Heal</synergy>
			<untrained>Y</untrained>
			<exclusive>N</exclusive>
			<trained_total>1</trained_total>
			<exclusive_total>1</exclusive_total>
			<classes></classes>
			<type>Wisdom.Base</type>
		</skill>
		<skill>
			<name>Intimidate</name>
			<ranks>0.0</ranks>
			<mod>1<!-- Mods from abilities, equipment, etc -->
			</mod>
			<skill_mod>1</skill_mod>
			<ability_mod>1<!-- Mod from the key ability -->
			</ability_mod>
			<misc_mod>0<!-- This is a calc value of TOTAL-RANK-ABMOD -->
			</misc_mod>
			<ability>CHA</ability>
			<synergy>Intimidate</synergy>
			<untrained>Y</untrained>
			<exclusive>N</exclusive>
			<trained_total>1</trained_total>
			<exclusive_total>1</exclusive_total>
			<classes></classes>
			<type>Charisma.Base</type>
		</skill>
		<skill>
			<name>Intimidate (In Magnimar)</name>
			<ranks>0.0</ranks>
			<mod>2<!-- Mods from abilities, equipment, etc -->
			</mod>
			<skill_mod>2</skill_mod>
			<ability_mod>1<!-- Mod from the key ability -->
			</ability_mod>
			<misc_mod>1<!-- This is a calc value of TOTAL-RANK-ABMOD -->
			</misc_mod>
			<ability>CHA</ability>
			<synergy>Intimidate (In Magnimar)</synergy>
			<untrained>Y</untrained>
			<exclusive>N</exclusive>
			<trained_total>2</trained_total>
			<exclusive_total>2</exclusive_total>
			<classes></classes>
			<type>Charisma.Base</type>
		</skill>
		<skill>
			<name>Perception</name>
			<ranks>0.0</ranks>
			<mod>1<!-- Mods from abilities, equipment, etc -->
			</mod>
			<skill_mod>1</skill_mod>
			<ability_mod>1<!-- Mod from the key ability -->
			</ability_mod>
			<misc_mod>0<!-- This is a calc value of TOTAL-RANK-ABMOD -->
			</misc_mod>
			<ability>WIS</ability>
			<synergy>Perception</synergy>
			<untrained>Y</untrained>
			<exclusive>N</exclusive>
			<trained_total>1</trained_total>
			<exclusive_total>1</exclusive_total>
			<classes></classes>
			<type>Wisdom.Base</type>
		</skill>
		<skill>
			<name>Perform (Untrained)</name>
			<ranks>0.0</ranks>
			<mod>1<!-- Mods from abilities, equipment, etc -->
			</mod>
			<skill_mod>1</skill_mod>
			<ability_mod>1<!-- Mod from the key ability -->
			</ability_mod>
			<misc_mod>0<!-- This is a calc value of TOTAL-RANK-ABMOD -->
			</misc_mod>
			<ability>CHA</ability>
			<synergy>Perform (Untrained)</synergy>
			<untrained>Y</untrained>
			<exclusive>N</exclusive>
			<trained_total>1</trained_total>
			<exclusive_total>1</exclusive_total>
			<classes></classes>
			<type>Charisma.Perform.Background</type>
		</skill>
		<skill>
			<name>Ride</name>
			<ranks>0.0</ranks>
			<mod>2<!-- Mods from abilities, equipment, etc -->
			</mod>
			<skill_mod>2</skill_mod>
			<ability_mod>2<!-- Mod from the key ability -->
			</ability_mod>
			<misc_mod>0<!-- This is a calc value of TOTAL-RANK-ABMOD -->
			</misc_mod>
			<ability>DEX</ability>
			<synergy>Ride</synergy>
			<untrained>Y</untrained>
			<exclusive>N</exclusive>
			<trained_total>2</trained_total>
			<exclusive_total>2</exclusive_total>
			<classes></classes>
			<type>Dexterity.ACHECK.Base</type>
		</skill>
		<skill>
			<name>Sense Motive</name>
			<ranks>0.0</ranks>
			<mod>1<!-- Mods from abilities, equipment, etc -->
			</mod>
			<skill_mod>1</skill_mod>
			<ability_mod>1<!-- Mod from the key ability -->
			</ability_mod>
			<misc_mod>0<!-- This is a calc value of TOTAL-RANK-ABMOD -->
			</misc_mod>
			<ability>WIS</ability>
			<synergy>Sense Motive</synergy>
			<untrained>Y</untrained>
			<exclusive>N</exclusive>
			<trained_total>1</trained_total>
			<exclusive_total>1</exclusive_total>
			<classes></classes>
			<type>Wisdom.Base</type>
		</skill>
		<skill>
			<name>Stealth</name>
			<ranks>0.0</ranks>
			<mod>2<!-- Mods from abilities, equipment, etc -->
			</mod>
			<skill_mod>2</skill_mod>
			<ability_mod>2<!-- Mod from the key ability -->
			</ability_mod>
			<misc_mod>0<!-- This is a calc value of TOTAL-RANK-ABMOD -->
			</misc_mod>
			<ability>DEX</ability>
			<synergy>Stealth</synergy>
			<untrained>Y</untrained>
			<exclusive>N</exclusive>
			<trained_total>2</trained_total>
			<exclusive_total>2</exclusive_total>
			<classes></classes>
			<type>Dexterity.ACHECK.Base</type>
		</skill>
		<skill>
			<name>Survival</name>
			<ranks>0.0</ranks>
			<mod>1<!-- Mods from abilities, equipment, etc -->
			</mod>
			<skill_mod>1</skill_mod>
			<ability_mod>1<!-- Mod from the key ability -->
			</ability_mod>
			<misc_mod>0<!-- This is a calc value of TOTAL-RANK-ABMOD -->
			</misc_mod>
			<ability>WIS</ability>
			<synergy>Survival</synergy>
			<untrained>Y</untrained>
			<exclusive>N</exclusive>
			<trained_total>1</trained_total>
			<exclusive_total>1</exclusive_total>
			<classes></classes>
			<type>Wisdom.Base</type>
		</skill>
		<skill>
			<name>Swim</name>
			<ranks>0.0</ranks>
			<mod>-1<!-- Mods from abilities, equipment, etc -->
			</mod>
			<skill_mod>-1</skill_mod>
			<ability_mod>-1<!-- Mod from the key ability -->
			</ability_mod>
			<misc_mod>0<!-- This is a calc value of TOTAL-RANK-ABMOD -->
			</misc_mod>
			<ability>STR</ability>
			<synergy>Swim</synergy>
			<untrained>Y</untrained>
			<exclusive>N</exclusive>
			<trained_total>-1</trained_total>
			<exclusive_total>-1</exclusive_total>
			<classes></classes>
			<type>Strength.ACHECK.Base</type>
		</skill>

	<!-- Skills -->
	</skills>
	<!--
	  ====================================
	  ====================================
			SAVING THROWS
	  ====================================
	  ====================================-->
	<saving_throws>
		<conditional_modifiers>
		</conditional_modifiers>
		<saving_throw>
			<name>
				<long>fortitude</long>
				<short>fort</short>
			</name>
				<ability>constitution</ability>
			<total>+2</total>
			<base>+1</base>
			<abil_mod>+1</abil_mod>
			<feats>+0</feats>
			<magic_mod>+0</magic_mod>
			<misc_mod>+0</misc_mod>
			<misc_w_magic_mod>+0</misc_w_magic_mod>
			<race>+0</race>
			<epic_mod>+0</epic_mod>
			<temp_mod/>
		</saving_throw>
		<saving_throw>
			<name>
				<long>reflex</long>
				<short>ref</short>
			</name>
				<ability>dexterity</ability>
			<total>+3</total>
			<base>+1</base>
			<abil_mod>+2</abil_mod>
			<feats>+0</feats>
			<magic_mod>+0</magic_mod>
			<misc_mod>+0</misc_mod>
			<misc_w_magic_mod>+0</misc_w_magic_mod>
			<race>+0</race>
			<epic_mod>+0</epic_mod>
			<temp_mod/>
		</saving_throw>
		<saving_throw>
			<name>
				<long>will</long>
				<short>will</short>
			</name>
				<ability>wisdom</ability>
			<total>+5</total>
			<base>+4</base>
			<abil_mod>+1</abil_mod>
			<feats>+0</feats>
			<magic_mod>+0</magic_mod>
			<misc_mod>+0</misc_mod>
			<misc_w_magic_mod>+0</misc_w_magic_mod>
			<race>+0</race>
			<epic_mod>+0</epic_mod>
			<temp_mod/>
		</saving_throw>
	</saving_throws>
	<!--
	  ====================================
	  ====================================
			ATTACK
	  ====================================
	  ====================================-->
	<attack>
			<conditional_modifiers>
			</conditional_modifiers>

		<melee>
			<total>+1</total>
			<total_short>+1</total_short>
			<bab>+2</bab>
			<!-- +2 -->
			<base_attack_bonus>+2</base_attack_bonus>
			<stat_mod>-1</stat_mod>
			<size_mod>+0</size_mod>
			<misc_mod>+0</misc_mod>
			<epic_mod>0</epic_mod>
			<!-- +0 -->
			<temp_mod/>
		</melee>
		<ranged>
			<total>+4</total>
			<bab>+2</bab>
			<!-- +2 -->
			<base_attack_bonus>+2</base_attack_bonus>
			<stat_mod>+2</stat_mod>
			<size_mod>+0</size_mod>
			<misc_mod>+0</misc_mod>
			<epic_mod>0</epic_mod>
			<!-- +0 -->
			<temp_mod/>
		</ranged>
			<!-- Either CMB block, or Grapple Block -->
			<cmb>
				<!-- Base stuff for standard block -->
				<title>CMB</title>
				<total>+4</total>
				<bab>+2</bab>
				<base_attack_bonus>+2</base_attack_bonus>
				<stat_mod>+2</stat_mod>
				<size_mod>+0</size_mod>
				<misc_mod></misc_mod>	
				<epic_mod/>
				<temp_mod/>
				<!-- Base values (not yet used) -->
				<grapple_base>+4</grapple_base>
				<trip_base>+4</trip_base>
				<disarm_base>+4</disarm_base>
				<sunder_base>+4</sunder_base>
				<bullrush_base>+0</bullrush_base>
				<overrun_base>+4</overrun_base>
				<!-- Defense values -->
				<!-- Pathfinder (final release) -->
				<!-- Attack values -->
				<grapple_attack>+4</grapple_attack>
				<trip_attack>+4</trip_attack>
				<disarm_attack>+4</disarm_attack>
				<sunder_attack>+4</sunder_attack>
				<bullrush_attack>+4</bullrush_attack>
				<overrun_attack>+4</overrun_attack>
				<!-- Defense values -->
				<defense>13</defense>
				<grapple_defense>13</grapple_defense>
				<trip_defense>
				13
				</trip_defense>
				<disarm_defense>13</disarm_defense>
				<sunder_defense>13</sunder_defense>
				<bullrush_defense>13</bullrush_defense>
				<overrun_defense>13</overrun_defense>

			</cmb>
		<!-- End CMB / Grapple Block -->
	</attack>
	<!--
	  ====================================
	  ====================================
			WEAPONS
	  ====================================
	  ====================================-->

	<weapons>
		<unarmed>
			<total>+1</total>
			<damage>1d3-1</damage>
			<critical>20/x2</critical>
			<!-- Should be changed to a variable due to improved crit -->
			<reach>5 ft.</reach>
						<!-- Commenting this out (will need a test as well)
			3.0 uses "Subdual", 3.5 uses "nonlethal".  We'll need a separate node for both.	-->
			<type>(nonlethal only)</type>
		</unarmed>
		<!-- Spirit Weapon - Melee -->

		<!-- Spirit Weapon - Ranged -->
	<!-- End Spirit Weapon - Ranged -->

	<!-- Blank Natural Attack -->

	<!-- Natural Attack -->

	<!--	Request to remove the Double Weapon Block OS-133		-->
		<weapon>
			<common>
				<name>
					<short>*Quarterstaff</short>
					<long>*Quarterstaff</long>
					<output>*Quarterstaff</output>
				</name>
				<category>Simple-Melee</category>
				<critical>
					<range>20</range>
					<multiplier>2/2</multiplier>
				</critical>
				<to_hit>
					<hit>-7;-7</hit>
					<magic_hit>+0</magic_hit>
					<total_hit>-7;-7</total_hit>
				</to_hit>
				<feat>
					<hit>+0</hit>
					<damage>+0</damage>
				</feat>
				<magic>
					<hit>+0</hit>
					<damage>+0</damage>
				</magic>
				<template>
					<hit>+0</hit>
					<damage>+0</damage>
				</template>
				<hand>Two-Weapons</hand>
				<num_attacks>1</num_attacks>
				<reach>5</reach>
				<reachunit> ft.</reachunit>
				<size>M</size>
					<special_properties>Head1: double, monk, Head2: double, monk</special_properties>
				<type>B/B</type>
				<weight>4</weight>
				<attacks>0</attacks>
				<heft>MEDIUM</heft>
				<range>0 ft.</range>
				<sizemod>+0</sizemod>
				<basehit>+1</basehit>
				<misc>+0</misc>
				<damage>1d6-1/1d6-1</damage>
				<damagebonus>-1/-1</damagebonus>
				<basedamagebonus>+0/+0</basedamagebonus>
				<thdamagebonus>-1</thdamagebonus>
				<ohdamagebonus>-1</ohdamagebonus>
				<rateoffire></rateoffire>
				<islight>FALSE</islight>
				<sequence>0</sequence>
			</common>
			<simple>
				<to_hit>-7;-7</to_hit>
				<damage>1d6-1/1d6-1</damage>
				<range>0 ft.</range>
				<!-- This is an Addition by Itwally for the Monk Flurry of Blows Fix per DATA-73 -->
				<name>*Quarterstaff</name>
				<class>Abj5</class>
		<!-- End DATA-73 Work Around-->
			</simple>
		</weapon>
	<!--	Request to remove the Double Weapon Block OS-133		-->
		<weapon>
			<common>
				<name>
					<short>*Quarterstaff (Head 1 only)</short>
					<long>*Quarterstaff (Head 1 only)</long>
					<output>*Quarterstaff (Head 1 only)</output>
				</name>
				<category>Simple-Melee</category>
				<critical>
					<range>20</range>
					<multiplier>2</multiplier>
				</critical>
				<to_hit>
					<hit>+1</hit>
					<magic_hit>+0</magic_hit>
					<total_hit>+1</total_hit>
				</to_hit>
				<feat>
					<hit>+0</hit>
					<damage>+0</damage>
				</feat>
				<magic>
					<hit>+0</hit>
					<damage>+0</damage>
				</magic>
				<template>
					<hit>+0</hit>
					<damage>+0</damage>
				</template>
				<hand>Two-Weapons</hand>
				<num_attacks>1</num_attacks>
				<reach>5</reach>
				<reachunit> ft.</reachunit>
				<size>M</size>
					<special_properties>double, monk</special_properties>
				<type>B</type>
				<weight>0</weight>
				<attacks>0</attacks>
				<heft>MEDIUM</heft>
				<range>0 ft.</range>
				<sizemod>+0</sizemod>
				<basehit>N/A</basehit>
				<misc>+0</misc>
				<damage>1d6-1</damage>
				<damagebonus>-1</damagebonus>
				<basedamagebonus>+0</basedamagebonus>
				<thdamagebonus>-1</thdamagebonus>
				<ohdamagebonus>-1</ohdamagebonus>
				<rateoffire></rateoffire>
				<islight>FALSE</islight>
				<sequence>1</sequence>
			</common>
			<melee>
				<invalidtext>
					<tohit>N/A</tohit>
					<damage>N/A</damage>
				</invalidtext>
				<hand>Two-Weapons</hand>
				<w1_h1_p>
					<!-- One weapon, 1 hand, primary hand -->
					<to_hit>N/A</to_hit>
					<damage>1d6-1</damage>
				</w1_h1_p>
				<w1_h1_o>
					<!-- One weapon, 1 handed, offhand -->
					<to_hit>N/A</to_hit>
					<damage>1d6-1</damage>
				</w1_h1_o>
				<w1_h2>
					<!-- One weapon, 2 handed -->
					<to_hit>+1</to_hit>
					<damage>1d6-1</damage>
				</w1_h2>
				<w2_p_oh>
					<!-- Two weapons, this weapon in primary hand, other hand with heavy weapon -->
					<to_hit>N/A</to_hit>
					<damage>1d6-1</damage>
				</w2_p_oh>
				<w2_p_ol>
					<!-- Two weapons, this weapon in primary hand, other hand with light weapon -->
					<to_hit>-3</to_hit>
					<damage>1d6-1</damage>
				</w2_p_ol>
				<w2_o>
					<!-- Two weapons, this weapon in off-hand -->
					<to_hit>-7</to_hit>
					<damage>1d6-1</damage>
				</w2_o>
			</melee>
		</weapon>
	<!--	Request to remove the Double Weapon Block OS-133		-->
		<weapon>
			<common>
				<name>
					<short>*Quarterstaff (Head 2 only)</short>
					<long>*Quarterstaff (Head 2 only)</long>
					<output>*Quarterstaff (Head 2 only)</output>
				</name>
				<category>Non-Standard-Melee</category>
				<critical>
					<range>20</range>
					<multiplier>2</multiplier>
				</critical>
				<to_hit>
					<hit>+1</hit>
					<magic_hit>+0</magic_hit>
					<total_hit>+1</total_hit>
				</to_hit>
				<feat>
					<hit>+0</hit>
					<damage>+0</damage>
				</feat>
				<magic>
					<hit>+0</hit>
					<damage>+0</damage>
				</magic>
				<template>
					<hit>+0</hit>
					<damage>+0</damage>
				</template>
				<hand>Two-Weapons</hand>
				<num_attacks>1</num_attacks>
				<reach>5</reach>
				<reachunit> ft.</reachunit>
				<size>M</size>
					<special_properties>double, monk</special_properties>
				<type>B</type>
				<weight>0</weight>
				<attacks>0</attacks>
				<heft>MEDIUM</heft>
				<range>0 ft.</range>
				<sizemod>+0</sizemod>
				<basehit>N/A</basehit>
				<misc>+0</misc>
				<damage>1d6-1</damage>
				<damagebonus>-1</damagebonus>
				<basedamagebonus>+0</basedamagebonus>
				<thdamagebonus>-1</thdamagebonus>
				<ohdamagebonus>-1</ohdamagebonus>
				<rateoffire></rateoffire>
				<islight>FALSE</islight>
				<sequence>2</sequence>
			</common>
			<simple>
				<to_hit>+1</to_hit>
				<damage>1d6-1</damage>
				<range>0 ft.</range>
				<!-- This is an Addition by Itwally for the Monk Flurry of Blows Fix per DATA-73 -->
				<name>*Quarterstaff (Head 2 only)</name>
				<class>Abj5</class>
		<!-- End DATA-73 Work Around-->
			</simple>
		</weapon>

		<weapon>
			<common>
				<name>
					<short>Dagger</short>
					<long>Dagger</long>
					<output>Dagger</output>
				</name>
				<category>Simple-Both (Melee)</category>
				<critical>
					<range>19-20</range>
					<multiplier>2</multiplier>
				</critical>
				<to_hit>
					<hit>+1</hit>
					<magic_hit>+0</magic_hit>
					<total_hit>+1</total_hit>
				</to_hit>
				<feat>
					<hit>+0</hit>
					<damage>+0</damage>
				</feat>
				<magic>
					<hit>+0</hit>
					<damage>+0</damage>
				</magic>
				<template>
					<hit>+0</hit>
					<damage>+0</damage>
				</template>
				<hand>Carried</hand>
				<num_attacks>1</num_attacks>
				<reach>5</reach>
				<reachunit> ft.</reachunit>
				<size>M</size>
					<special_properties></special_properties>
				<type>PS</type>
				<weight>0</weight>
				<attacks>0</attacks>
				<heft>MEDIUM</heft>
				<range>0 ft.</range>
				<sizemod>+0</sizemod>
				<basehit>+1</basehit>
				<misc>+0</misc>
				<damage>1d4-1</damage>
				<damagebonus>-1</damagebonus>
				<basedamagebonus>+0</basedamagebonus>
				<thdamagebonus>-1</thdamagebonus>
				<ohdamagebonus>-1</ohdamagebonus>
				<rateoffire></rateoffire>
				<islight>TRUE</islight>
				<sequence>3</sequence>
			</common>
			<melee>
				<invalidtext>
					<tohit>N/A</tohit>
					<damage>N/A</damage>
				</invalidtext>
				<hand>Carried</hand>
				<w1_h1_p>
					<!-- One weapon, 1 hand, primary hand -->
					<to_hit>+1</to_hit>
					<damage>1d4-1</damage>
				</w1_h1_p>
				<w1_h1_o>
					<!-- One weapon, 1 handed, offhand -->
					<to_hit>-3</to_hit>
					<damage>1d4-1</damage>
				</w1_h1_o>
				<w1_h2>
					<!-- One weapon, 2 handed -->
					<to_hit>+1</to_hit>
					<damage>1d4-1</damage>
				</w1_h2>
				<w2_p_oh>
					<!-- Two weapons, this weapon in primary hand, other hand with heavy weapon -->
					<to_hit>-5</to_hit>
					<damage>1d4-1</damage>
				</w2_p_oh>
				<w2_p_ol>
					<!-- Two weapons, this weapon in primary hand, other hand with light weapon -->
					<to_hit>-3</to_hit>
					<damage>1d4-1</damage>
				</w2_p_ol>
				<w2_o>
					<!-- Two weapons, this weapon in off-hand -->
					<to_hit>-7</to_hit>
					<damage>1d4-1</damage>
				</w2_o>
			</melee>
	<!-- End New Ranges Section -->

			<ranges>
				<rangetype>Thrown</rangetype>
				<range>
					<distance>10 ft.</distance>
					<to_hit>+4</to_hit>
					<damage>1d4-1</damage>
					<basehit>+4</basehit>
					<tohit_offhand>+0</tohit_offhand>
					<tohit_twohand>+4</tohit_twohand>
					<tohit_2weap_heavy>-2</tohit_2weap_heavy>
					<tohit_2weap_light>+0</tohit_2weap_light>
					<tohit_2weap_offhand>-4</tohit_2weap_offhand>
				</range>
				<range>
					<distance>20 ft.</distance>
					<to_hit>+2</to_hit>
					<damage>1d4-1</damage>
					<basehit>+2</basehit>
					<tohit_offhand>-2</tohit_offhand>
					<tohit_twohand>+2</tohit_twohand>
					<tohit_2weap_heavy>-4</tohit_2weap_heavy>
					<tohit_2weap_light>-2</tohit_2weap_light>
					<tohit_2weap_offhand>-6</tohit_2weap_offhand>
				</range>
				<range>
					<distance>30 ft.</distance>
					<to_hit>+0</to_hit>
					<damage>1d4-1</damage>
					<basehit>+0</basehit>
					<tohit_offhand>-4</tohit_offhand>
					<tohit_twohand>+0</tohit_twohand>
					<tohit_2weap_heavy>-6</tohit_2weap_heavy>
					<tohit_2weap_light>-4</tohit_2weap_light>
					<tohit_2weap_offhand>-8</tohit_2weap_offhand>
				</range>
				<range>
					<distance>40 ft.</distance>
					<to_hit>-2</to_hit>
					<damage>1d4-1</damage>
					<basehit>-2</basehit>
					<tohit_offhand>-6</tohit_offhand>
					<tohit_twohand>-2</tohit_twohand>
					<tohit_2weap_heavy>-8</tohit_2weap_heavy>
					<tohit_2weap_light>-6</tohit_2weap_light>
					<tohit_2weap_offhand>-10</tohit_2weap_offhand>
				</range>
				<range>
					<distance>50 ft.</distance>
					<to_hit>-4</to_hit>
					<damage>1d4-1</damage>
					<basehit>-4</basehit>
					<tohit_offhand>-8</tohit_offhand>
					<tohit_twohand>-4</tohit_twohand>
					<tohit_2weap_heavy>-10</tohit_2weap_heavy>
					<tohit_2weap_light>-8</tohit_2weap_light>
					<tohit_2weap_offhand>-12</tohit_2weap_offhand>
				</range>
			</ranges>
		</weapon>
	<!-- End New Ranges Section -->
	</weapons>
	<!--
	  ====================================
	  ====================================
			ARMOR
	  ====================================
	  ====================================-->
	<protection>
	</protection>
	<!--
	  ====================================
	  ====================================
			CLASS-DEPENDANT FEATURES
	  ====================================
	  ====================================-->
	<class_features>
		<!-- D&D 3.0 -->
		<!-- D&D 3.5 -->
	<!-- Bard -->




	<!-- Pathfinder -->
		<!-- Character Rage -->
		<!-- Character Rage -->

	<!-- Turning ability -->


	<!-- Eclipse Channeling -->

	<!-- Channel Energy -->

	<!-- 3.0 stunning fist -->

	<!-- 3.0 stunning fist -->

	<!-- 3.5 stunning fist -->

	<!-- 3.0 wholeness of body -->

	<!-- 3.5 wholeness of body -->

			<!-- Psionics -->

		
		


	</class_features>

	<!-- Abilites with check lists - master/child abilities -->
	<checklists>
		<checklist>
			<name>Protective Ward (Su)</name>
			<header>Protective Ward</header>
			<description>As a standard action, you can create a 10-foot-radius field of protective magic centered on you that lasts 4 rounds. All allies in this area (including you) receive a +2 deflection bonus to their AC. You can use this ability 7 times a day.</description>
			<type>WIZARDCLASSFEATURES.SPECIALQUALITY.SUPERNATURAL.ARCANESCHOOLPOWER.ARCANESCHOOLPOWERLVL1.AURA</type>
			<source>Paizo Inc. - Core Rulebook, p.80</source>
			<check_count>7</check_count>
			<check_type>Uses per day</check_type>
		</checklist>
	</checklists>

	<!-- Proficiency lists -->
	<proficiency_specials>
	</proficiency_specials>

	<!--
	  ====================================
	  ====================================
			EQUIPMENT
	  ====================================
	  ====================================-->
	<equipment>
		<item>
			<longname>Quarterstaff</longname>
			<id></id>
			<name>Quarterstaff</name>
			<carried>1.0</carried>
			<charges></charges>
			<charges_used></charges_used>
			<contents></contents>
			<contents_num>0</contents_num>
			<content_weight>0</content_weight>
			<cost>0</cost>
			<equipped>Y</equipped>
			<location>Equipped</location>
			<locationId></locationId>
			<maxcharges>0</maxcharges>
			<note></note>
			<quantity>1</quantity>
			<checkbox>1</checkbox>
			<size>
				<long>Medium</long>
				<short>M</short>
			</size>
			<special_properties>Head1: double, monk, Head2: double, monk</special_properties>
			<type>WEAPON.RESIZABLE.MELEE.SIMPLE.ONEHANDED.DOUBLE.BLUDGEONING.QUARTERSTAFF.POLEARM.WEAPON GROUP DOUBLE.WEAPON GROUP MONK.CUSTOM.MONK.WOODEN</type>
			<weight>4</weight>
			<total_wt>4</total_wt>
			<total_weight>4</total_weight>
			<bonuslist></bonuslist>
			<acmod>0</acmod>
			<maxdex>100</maxdex>
			<accheck>0</accheck>
			<edr>0</edr>
			<move></move>
			<spell_failure>0</spell_failure>
			<damage>1d6</damage>
			<damage_alt>1d6</damage_alt>
			<crit_range>1</crit_range>
			<crit_mult>x2</crit_mult>
			<crit_range_alt>1</crit_range_alt>
			<crit_mult_alt>x2</crit_mult_alt>
			<range>0 ft.</range>
			<attacks>0.0</attacks>
			<prof>Quarterstaff</prof>
			<source>Custom - Paizo Inc. - Core Rulebook, p.148</source>
			<quality></quality>
		</item>
		<item>
			<longname>Spell Component Pouch</longname>
			<id></id>
			<name>Spell Component Pouch</name>
			<carried>1.0</carried>
			<charges></charges>
			<charges_used></charges_used>
			<contents>0 lbs.</contents>
			<contents_num>0</contents_num>
			<content_weight>0</content_weight>
			<cost>5</cost>
			<equipped>Y</equipped>
			<location>Equipped</location>
			<locationId></locationId>
			<maxcharges>0</maxcharges>
			<note></note>
			<quantity>1</quantity>
			<checkbox>1</checkbox>
			<size>
				<long>Medium</long>
				<short>M</short>
			</size>
			<special_properties></special_properties>
			<type>GOODS.TOOLS.CONTAINER</type>
			<weight>2</weight>
			<total_wt>2</total_wt>
			<total_weight>2</total_weight>
			<bonuslist></bonuslist>
			<acmod>0</acmod>
			<maxdex>100</maxdex>
			<accheck>0</accheck>
			<edr>0</edr>
			<move></move>
			<spell_failure>0</spell_failure>
			<damage></damage>
			<damage_alt></damage_alt>
			<crit_range></crit_range>
			<crit_mult></crit_mult>
			<crit_range_alt></crit_range_alt>
			<crit_mult_alt></crit_mult_alt>
			<range>0 ft.</range>
			<attacks>0.0</attacks>
			<prof></prof>
			<source>Paizo Publishing LLC - Ultimate Equipment, p.79</source>
			<quality></quality>
		</item>
		<item>
			<longname>Dagger</longname>
			<id></id>
			<name>Dagger</name>
			<carried>1.0</carried>
			<charges></charges>
			<charges_used></charges_used>
			<contents></contents>
			<contents_num>0</contents_num>
			<content_weight>0</content_weight>
			<cost>2</cost>
			<equipped>N</equipped>
			<location>Carried</location>
			<locationId></locationId>
			<maxcharges>0</maxcharges>
			<note></note>
			<quantity>1</quantity>
			<checkbox>1</checkbox>
			<size>
				<long>Medium</long>
				<short>M</short>
			</size>
			<special_properties></special_properties>
			<type>WEAPON.RESIZABLE.MELEE.SIMPLE.LIGHT.FINESSEABLE.RANGED.THROWN.PIERCING.SLASHING.DAGGER.BLADELIGHT.WEAPON GROUP BLADES LIGHT.WEAPON GROUP THROWN.WEAPON GROUP MELEE LIGHT PIERCING.CUSTOM.METAL</type>
			<weight>1</weight>
			<total_wt>1</total_wt>
			<total_weight>1</total_weight>
			<bonuslist></bonuslist>
			<acmod>0</acmod>
			<maxdex>100</maxdex>
			<accheck>0</accheck>
			<edr>0</edr>
			<move></move>
			<spell_failure>0</spell_failure>
			<damage>1d4</damage>
			<damage_alt></damage_alt>
			<crit_range>2</crit_range>
			<crit_mult>x2</crit_mult>
			<crit_range_alt></crit_range_alt>
			<crit_mult_alt></crit_mult_alt>
			<range>10 ft.</range>
			<attacks>0.0</attacks>
			<prof>Dagger</prof>
			<source>Custom - Paizo Publishing LLC - Ultimate Equipment, p.26</source>
			<quality></quality>
		</item>
		<item>
			<longname>Noble&#39;s Outfit</longname>
			<id></id>
			<name>Noble&#39;s Outfit</name>
			<carried>1.0</carried>
			<charges></charges>
			<charges_used></charges_used>
			<contents></contents>
			<contents_num>0</contents_num>
			<content_weight>0</content_weight>
			<cost>75</cost>
			<equipped>N</equipped>
			<location>Carried</location>
			<locationId></locationId>
			<maxcharges>0</maxcharges>
			<note></note>
			<quantity>1</quantity>
			<checkbox>1</checkbox>
			<size>
				<long>Medium</long>
				<short>M</short>
			</size>
			<special_properties></special_properties>
			<type>GOODS.CLOTHING.RESIZABLE.CUSTOM</type>
			<weight>10</weight>
			<total_wt>10</total_wt>
			<total_weight>10</total_weight>
			<bonuslist></bonuslist>
			<acmod>0</acmod>
			<maxdex>100</maxdex>
			<accheck>0</accheck>
			<edr>0</edr>
			<move></move>
			<spell_failure>0</spell_failure>
			<damage></damage>
			<damage_alt></damage_alt>
			<crit_range></crit_range>
			<crit_mult></crit_mult>
			<crit_range_alt></crit_range_alt>
			<crit_mult_alt></crit_mult_alt>
			<range>0 ft.</range>
			<attacks>0.0</attacks>
			<prof></prof>
			<source>Custom - Paizo Publishing LLC - Ultimate Equipment, p.90</source>
			<quality></quality>
		</item>
		<item>
			<longname>Signet Ring</longname>
			<id></id>
			<name>Signet Ring</name>
			<carried>1.0</carried>
			<charges></charges>
			<charges_used></charges_used>
			<contents></contents>
			<contents_num>0</contents_num>
			<content_weight>0</content_weight>
			<cost>5</cost>
			<equipped>N</equipped>
			<location>Carried</location>
			<locationId></locationId>
			<maxcharges>0</maxcharges>
			<note></note>
			<quantity>1</quantity>
			<checkbox>1</checkbox>
			<size>
				<long>Medium</long>
				<short>M</short>
			</size>
			<special_properties></special_properties>
			<type>GOODS.GENERAL</type>
			<weight>0</weight>
			<total_wt>0</total_wt>
			<total_weight>0</total_weight>
			<bonuslist></bonuslist>
			<acmod>0</acmod>
			<maxdex>100</maxdex>
			<accheck>0</accheck>
			<edr>0</edr>
			<move></move>
			<spell_failure>0</spell_failure>
			<damage></damage>
			<damage_alt></damage_alt>
			<crit_range></crit_range>
			<crit_mult></crit_mult>
			<crit_range_alt></crit_range_alt>
			<crit_mult_alt></crit_mult_alt>
			<range>0 ft.</range>
			<attacks>0.0</attacks>
			<prof></prof>
			<source>Paizo Publishing LLC - Ultimate Equipment, p.72</source>
			<quality></quality>
		</item>
		<total>
			<weight>17 lbs.</weight>
			<value>87 gp</value>
			<load>Light</load>
			<capacity>90</capacity>
		</total>
		<equipmentsets>
		<equipmentset name="Default Set">
				<item>
					<longname>Quarterstaff</longname>
					<name>Quarterstaff</name>
					<carried>1.0</carried>
					<charges></charges>
					<charges_used></charges_used>
					<contents></contents>
					<contents_num>0</contents_num>
					<content_weight>0</content_weight>
					<cost>0</cost>
					<equipped>Y</equipped>
					<location>Equipped</location>
					<maxcharges>0</maxcharges>
					<note></note>
					<quantity>1</quantity>
					<checkbox>1</checkbox>
					<size>
						<long>Medium</long>
						<short>M</short>
					</size>
					<special_properties>Head1: double, monk, Head2: double, monk</special_properties>
					<type>WEAPON.RESIZABLE.MELEE.SIMPLE.ONEHANDED.DOUBLE.BLUDGEONING.QUARTERSTAFF.POLEARM.WEAPON GROUP DOUBLE.WEAPON GROUP MONK.CUSTOM.MONK.WOODEN</type>
					<weight>4</weight>
					<total_wt>4</total_wt>
					<total_weight>4</total_weight>
					<bonuslist></bonuslist>
					<acmod>0</acmod>
					<maxdex>100</maxdex>
					<accheck>0</accheck>
					<edr>0</edr>
					<move></move>
					<spell_failure>0</spell_failure>
					<damage>1d6</damage>
					<damage_alt>1d6</damage_alt>
					<crit_range>1</crit_range>
					<crit_mult>x2</crit_mult>
					<crit_range_alt>1</crit_range_alt>
					<crit_mult_alt>x2</crit_mult_alt>
					<range>0 ft.</range>
					<attacks>0.0</attacks>
					<prof>Quarterstaff</prof>
					<source>Custom - Paizo Inc. - Core Rulebook, p.148</source>
					<quality>EQ.0.QUALITY</quality>
				</item>
				<item>
					<longname>Spell Component Pouch</longname>
					<name>Spell Component Pouch</name>
					<carried>1.0</carried>
					<charges></charges>
					<charges_used></charges_used>
					<contents>0 lbs.</contents>
					<contents_num>0</contents_num>
					<content_weight>0</content_weight>
					<cost>5</cost>
					<equipped>Y</equipped>
					<location>Equipped</location>
					<maxcharges>0</maxcharges>
					<note></note>
					<quantity>1</quantity>
					<checkbox>1</checkbox>
					<size>
						<long>Medium</long>
						<short>M</short>
					</size>
					<special_properties></special_properties>
					<type>GOODS.TOOLS.CONTAINER</type>
					<weight>2</weight>
					<total_wt>2</total_wt>
					<total_weight>2</total_weight>
					<bonuslist></bonuslist>
					<acmod>0</acmod>
					<maxdex>100</maxdex>
					<accheck>0</accheck>
					<edr>0</edr>
					<move></move>
					<spell_failure>0</spell_failure>
					<damage></damage>
					<damage_alt></damage_alt>
					<crit_range></crit_range>
					<crit_mult></crit_mult>
					<crit_range_alt></crit_range_alt>
					<crit_mult_alt></crit_mult_alt>
					<range>0 ft.</range>
					<attacks>0.0</attacks>
					<prof></prof>
					<source>Paizo Publishing LLC - Ultimate Equipment, p.79</source>
					<quality>EQ.0.QUALITY</quality>
				</item>
				<item>
					<longname>Dagger</longname>
					<name>Dagger</name>
					<carried>1.0</carried>
					<charges></charges>
					<charges_used></charges_used>
					<contents></contents>
					<contents_num>0</contents_num>
					<content_weight>0</content_weight>
					<cost>2</cost>
					<equipped>N</equipped>
					<location>Carried</location>
					<maxcharges>0</maxcharges>
					<note></note>
					<quantity>1</quantity>
					<checkbox>1</checkbox>
					<size>
						<long>Medium</long>
						<short>M</short>
					</size>
					<special_properties></special_properties>
					<type>WEAPON.RESIZABLE.MELEE.SIMPLE.LIGHT.FINESSEABLE.RANGED.THROWN.PIERCING.SLASHING.DAGGER.BLADELIGHT.WEAPON GROUP BLADES LIGHT.WEAPON GROUP THROWN.WEAPON GROUP MELEE LIGHT PIERCING.CUSTOM.METAL</type>
					<weight>1</weight>
					<total_wt>1</total_wt>
					<total_weight>1</total_weight>
					<bonuslist></bonuslist>
					<acmod>0</acmod>
					<maxdex>100</maxdex>
					<accheck>0</accheck>
					<edr>0</edr>
					<move></move>
					<spell_failure>0</spell_failure>
					<damage>1d4</damage>
					<damage_alt></damage_alt>
					<crit_range>2</crit_range>
					<crit_mult>x2</crit_mult>
					<crit_range_alt></crit_range_alt>
					<crit_mult_alt></crit_mult_alt>
					<range>10 ft.</range>
					<attacks>0.0</attacks>
					<prof>Dagger</prof>
					<source>Custom - Paizo Publishing LLC - Ultimate Equipment, p.26</source>
					<quality>EQ.0.QUALITY</quality>
				</item>
				<item>
					<longname>Noble&#39;s Outfit</longname>
					<name>Noble&#39;s Outfit</name>
					<carried>1.0</carried>
					<charges></charges>
					<charges_used></charges_used>
					<contents></contents>
					<contents_num>0</contents_num>
					<content_weight>0</content_weight>
					<cost>75</cost>
					<equipped>N</equipped>
					<location>Carried</location>
					<maxcharges>0</maxcharges>
					<note></note>
					<quantity>1</quantity>
					<checkbox>1</checkbox>
					<size>
						<long>Medium</long>
						<short>M</short>
					</size>
					<special_properties></special_properties>
					<type>GOODS.CLOTHING.RESIZABLE.CUSTOM</type>
					<weight>10</weight>
					<total_wt>10</total_wt>
					<total_weight>10</total_weight>
					<bonuslist></bonuslist>
					<acmod>0</acmod>
					<maxdex>100</maxdex>
					<accheck>0</accheck>
					<edr>0</edr>
					<move></move>
					<spell_failure>0</spell_failure>
					<damage></damage>
					<damage_alt></damage_alt>
					<crit_range></crit_range>
					<crit_mult></crit_mult>
					<crit_range_alt></crit_range_alt>
					<crit_mult_alt></crit_mult_alt>
					<range>0 ft.</range>
					<attacks>0.0</attacks>
					<prof></prof>
					<source>Custom - Paizo Publishing LLC - Ultimate Equipment, p.90</source>
					<quality>EQ.0.QUALITY</quality>
				</item>
				<item>
					<longname>Signet Ring</longname>
					<name>Signet Ring</name>
					<carried>1.0</carried>
					<charges></charges>
					<charges_used></charges_used>
					<contents></contents>
					<contents_num>0</contents_num>
					<content_weight>0</content_weight>
					<cost>5</cost>
					<equipped>N</equipped>
					<location>Carried</location>
					<maxcharges>0</maxcharges>
					<note></note>
					<quantity>1</quantity>
					<checkbox>1</checkbox>
					<size>
						<long>Medium</long>
						<short>M</short>
					</size>
					<special_properties></special_properties>
					<type>GOODS.GENERAL</type>
					<weight>0</weight>
					<total_wt>0</total_wt>
					<total_weight>0</total_weight>
					<bonuslist></bonuslist>
					<acmod>0</acmod>
					<maxdex>100</maxdex>
					<accheck>0</accheck>
					<edr>0</edr>
					<move></move>
					<spell_failure>0</spell_failure>
					<damage></damage>
					<damage_alt></damage_alt>
					<crit_range></crit_range>
					<crit_mult></crit_mult>
					<crit_range_alt></crit_range_alt>
					<crit_mult_alt></crit_mult_alt>
					<range>0 ft.</range>
					<attacks>0.0</attacks>
					<prof></prof>
					<source>Paizo Publishing LLC - Ultimate Equipment, p.72</source>
					<quality>EQ.0.QUALITY</quality>
				</item>
			</equipmentset>
		</equipmentsets>
	</equipment>
	<weight_allowance>
		<light>30</light>
		<medium>60</medium>
		<heavy>90</heavy>
		<lift_over_head>90</lift_over_head>
		<lift_off_ground>180</lift_off_ground>
		<!-- And loses Dex bonus to AC and can only move 5 feet per round as a full-round action -->
		<push_drag>450</push_drag>
	</weight_allowance>
	<!--
	  ====================================
	  ====================================
			SPECIAL ABILITIES
	  ====================================
	  ====================================-->
	<special_abilities>
		<race></race>
		<class>
			<class>Abjurer</class>
			<ability></ability>
		</class>
	</special_abilities>
	<!--
	  ====================================
	  ====================================
			FEATS
	  ====================================
	  ====================================-->
	<feats>
		<!-- Visible standard feats (not including the auto feats) -->
		<feat>
			<name>Accursed</name>
			<description>[Not Implemented] Your curse weighs down your soul like a millstone around your neck.</description>
			<benefit>You gain spell resistance equal to 5 + your character level, as the curse interferes with all magic. Unlike most spell resistance, it can&#39;t voluntarily be lowered, though your own spells and magic items still automatically affect you. Goal:Your curse is lifted or you are able to purge the corruption of your fiendish blood (the circumstances of either vary widely based on the nature of the curse, and are up to the GM). Completion Benefit:You lose the spell resistance described above. You gain spell resistance equal to 11 + your character level, but only against harmful enchantment, necromancy, and transmutation spells and spell-like abilities-your aura resists further attempts to curse you. Harmless spells automatically bypass this spell resistance whether you desire it or not. This spell resistance can be voluntarily lowered.</benefit>
			<type>STORY</type>
			<associated></associated>
			<count>0</count>
			<auto>F</auto>
			<hidden>F</hidden>
			<virtual>F</virtual>
			<source>Paizo Publishing - Ultimate Campaign, p.67</source>
		</feat>
		<feat>
			<name>Acrobatic</name>
			<description>You are skilled at leaping, jumping, and flying.</description>
			<benefit>You get a +2 bonus on all Acrobatics and Fly skill checks. If you have 10 or more ranks in one of these skills, the bonus increases to +4 for that skill.</benefit>
			<type>GENERAL</type>
			<associated></associated>
			<count>0</count>
			<auto>F</auto>
			<hidden>F</hidden>
			<virtual>F</virtual>
			<source>Paizo Inc. - Core Rulebook, p.113</source>
		</feat>
		<feat>
			<name>Additional Traits</name>
			<description>You have more traits than normal</description>
			<benefit></benefit>
			<type>GENERAL</type>
			<associated></associated>
			<count>0</count>
			<auto>F</auto>
			<hidden>F</hidden>
			<virtual>F</virtual>
			<source>Paizo Inc. - Advanced Player&#39;s Guide, p.150</source>
		</feat>
		<feat>
			<name>Agile Maneuvers</name>
			<description>You learned to use your quickness in place of brute force when performing combat maneuvers.</description>
			<benefit>You add your Dexterity bonus to your base attack bonus and size bonus when determining your Combat Maneuver Bonus (see Chapter 8) instead of your Strength bonus.</benefit>
			<type>COMBAT</type>
			<associated></associated>
			<count>0</count>
			<auto>F</auto>
			<hidden>F</hidden>
			<virtual>F</virtual>
			<source>Paizo Inc. - Core Rulebook, p.117</source>
		</feat>
		<feat>
			<name>Aquatic Spell</name>
			<description>You can cast your spells underwater or into water with little difficulty.</description>
			<benefit>An aquatic spell functions normally underwater and requires no caster level check to cast, even if it has the fire descriptor. In addition, the spell can be cast from the surface into water and still be effective. An aquatic spell uses up a spell slot 1 level higher than the spell&#39;s actual level.</benefit>
			<type>METAMAGIC</type>
			<associated></associated>
			<count>0</count>
			<auto>F</auto>
			<hidden>F</hidden>
			<virtual>F</virtual>
			<source>Paizo Inc. - Ultimate Wilderness, p.106</source>
		</feat>

		<!-- Auto feats -->
		<feat>
			<name>Scribe Scroll</name>
			<description>You can create magic scrolls.</description>
			<benefit>You can create a scroll of any spell that you know. Scribing a scroll takes 2 hours if its base price is 250 gp or less, otherwise scribing a scroll takes 1 day for each 1,000 gp in its base price. To scribe a scroll, you must use up raw materials costing half of this base price. See the magic item creation rules in Chapter 15 for more information.</benefit>
			<type>ITEMCREATION</type>
			<associated></associated>
			<count>0</count>
			<auto>T</auto>
			<hidden>F</hidden>
			<virtual>F</virtual>
			<source>Paizo Inc. - Core Rulebook, p.132</source>
		</feat>

		<!-- Virtual Feats -->
		<!-- End Virtual Feats -->
		<!-- Hidden feats (all feats less the virtual, automatic and visible ones) -->
		<!-- Hidden VFEATS -->
		<!-- END Hidden VFEATS -->
		<feat>
			<name>CMB Output</name>
			<description></description>
			<benefit></benefit>
			<type>INTERNAL</type>
			<associated></associated>
			<count>0</count>
			<auto>T</auto>
			<hidden>T</hidden>
			<virtual>F</virtual>
			<source>Paizo Inc. - Core Rulebook</source>
		</feat>
	</feats>

	<!--
	  ====================================
	  ====================================
			ARCHETYPES
	  ====================================
	  ====================================-->
	<archetypes>
	</archetypes>
	<!--
	  ====================================
	  ====================================
			SPECIAL QUALITIES
	  ====================================
	  ====================================-->
	<special_qualities>
		<!-- Visible All "Special Ability" Ability Objects -->
		<special_quality>
			<name>Abjuration School</name>
			<description>You have chosen to specialize in abjuration spells.</description>
			<type>WIZARDCLASSFEATURES.SPECIALQUALITY.CLASSSPECIALIZATION.ARCANESCHOOL</type>
			<associated></associated>
			<count>0</count>
			<aspect></aspect>
			<auto>F</auto>
			<hidden>F</hidden>
			<virtual>F</virtual>
			<category>Special Ability</category>
			<source>Paizo Inc. - Core Rulebook, p.79</source>
		</special_quality>
		<special_quality>
			<name>Air Opposition School</name>
			<description>You have chosen air spells as an opposition school. Preparing an air spell takes up two spell slots of the same level. You take a -4 penalty on any skill checks made when crafting a magic item that has an air spell as a prerequisite.</description>
			<type>WIZARDCLASSFEATURES.SPECIALQUALITY.CLASSSPECIALIZATION.ARCANEOPPOSITIONSCHOOL.ELEMENTALOPPOSITIONSCHOOL</type>
			<associated></associated>
			<count>0</count>
			<aspect></aspect>
			<auto>F</auto>
			<hidden>F</hidden>
			<virtual>F</virtual>
			<category>Special Ability</category>
			<source>Paizo Inc. - Advanced Player&#39;s Guide, p.142</source>
		</special_quality>
		<special_quality>
			<name>Arcane Bond (Ex)</name>
			<description>(You have selected to establish a powerful arcane bond with an object.)</description>
			<type>CLASS FEATURE.WIZARD CLASS FEATURE.SPECIALQUALITY.SUPERNATURAL OR EXTRAORDINARY</type>
			<associated></associated>
			<count>0</count>
			<aspect></aspect>
			<auto>F</auto>
			<hidden>F</hidden>
			<virtual>F</virtual>
			<category>Special Ability</category>
			<source>Paizo Inc. - Core Rulebook, p.78</source>
		</special_quality>
		<special_quality>
			<name>Arcane School</name>
			<description><para>A wizard can choose to specialize in one school of magic, gaining additional spells and powers based on that school. This choice must be made at 1st level, and once made, it cannot be changed. A wizard that does not select a school receives the universalist school instead.</para><para>A wizard that chooses to specialize in one school of magic must select two other schools as his opposition schools, representing knowledge sacrificed in one area of arcane lore to gain mastery in another. A wizard who prepares spells from his opposition schools must use two spell slots of that level to prepare the spell. In addition, a specialist takes a -4 penalty on any skill checks made when crafting a magic item that has a spell from one of his opposition schools as a prerequisite. A universalist wizard can prepare spells from any school without restriction.</para><para>Each arcane school gives the wizard a number of school powers. In addition, specialist wizards receive an additional spell slot of each spell level he can cast, from 1st on up. Each day, a wizard can prepare a spell from his specialty school in that slot. This spell must be in the wizard&#39;s spellbook. A wizard can select a spell modified by a metamagic feat to prepare in his school slot, but it uses up a higher-level spell slot. Wizards with the universalist school do not receive a school slot.</para></description>
			<type>CLASS FEATURE.WIZARD CLASS FEATURE.SPECIALQUALITY.ARCANE SCHOOL</type>
			<associated></associated>
			<count>0</count>
			<aspect></aspect>
			<auto>F</auto>
			<hidden>F</hidden>
			<virtual>F</virtual>
			<category>Special Ability</category>
			<source>Paizo Inc. - Core Rulebook, p.78</source>
		</special_quality>
		<special_quality>
			<name>Arcane Bond (Object)</name>
			<description><para>Wizards who select a bonded object begin play with one at no cost. Objects that are the subject of an arcane bond must fall into one of the following categories: amulet, ring, staff, wand, or weapon. These objects are always masterwork quality. Weapons acquired at 1st level are not made of any special material. If the object is an amulet or ring, it must be worn to have effect, while staves, wands, and weapons must be held in one hand. If a wizard attempts to cast a spell without his bonded object worn or in hand, he must make a concentration check or lose the spell. The DC for this check is equal to 20 + the spell&#39;s level. If the object is a ring or amulet, it occupies the ring or neck slot accordingly.</para><para>A bonded object can be used once per day to cast any one spell that the wizard has in his spellbook and is capable of casting, even if the spell is not prepared. This spell is treated like any other spell cast by the wizard, including casting time, duration, and other effects dependent on the wizard&#39;s level. This spell cannot be modified by metamagic feats or other abilities. The bonded object cannot be used to cast spells from the wizard&#39;s opposition schools (see arcane school).</para><para>A wizard can add additional magic abilities to his bonded object as if he has the required item creation feats and if he meets the level prerequisites of the feat. If the bonded object is a wand, it loses its wand abilities when its last charge is consumed, but it is not destroyed and it retains all of its bonded object properties and can be used to craft a new wand. The magic properties of a bonded object, including any magic abilities added to the object, only function for the wizard who owns it. If a bonded object&#39;s owner dies, or the item is replaced, the object reverts to being an ordinary masterwork item of the appropriate type.</para><para>If a bonded object is damaged, it is restored to full hit points the next time the wizard prepares his spells. If the object of an arcane bond is lost or destroyed, it can be replaced after 1 week in a special ritual that costs 200 gp per wizard level plus the cost of the masterwork item. This ritual takes 8 hours to complete. Items replaced in this way do not possess any of the additional enchantments of the previous bonded item. A wizard can designate an existing magic item as his bonded item. This functions in the same way as replacing a lost or destroyed item except that the new magic item retains its abilities while gaining the benefits and drawbacks of becoming a bonded item.</para></description>
			<type>CLASS FEATURE.WIZARD CLASS FEATURE.ARCANEBOND.SPECIALQUALITY.SPECIAL QUALITY.UNDEADMASTERARCANEBOND</type>
			<associated></associated>
			<count>0</count>
			<aspect></aspect>
			<auto>F</auto>
			<hidden>F</hidden>
			<virtual>F</virtual>
			<category>Special Ability</category>
			<source>Paizo Inc. - Core Rulebook, p.78</source>
		</special_quality>
		<special_quality>
			<name>Bonus Feat</name>
			<description>Humans select one extra feat at 1st level.</description>
			<type>RACIALTRAITS.HUMAN RACIAL TRAIT.HUMAN RACIAL DEFAULT.SPECIALQUALITY</type>
			<associated></associated>
			<count>0</count>
			<aspect></aspect>
			<auto>F</auto>
			<hidden>F</hidden>
			<virtual>F</virtual>
			<category>Special Ability</category>
			<source>Paizo Inc. - Advanced Race Guide, p.70</source>
		</special_quality>
		<special_quality>
			<name>Cantrips</name>
			<description>Wizards can prepare a number of cantrips, or 0-level spells, each day. These spells are cast like any other spell, but they are not expended when cast and may be used again. A wizard can prepare a cantrip from an opposed school, but it uses up two of his available slots.</description>
			<type>CLASS FEATURE.WIZARD CLASS FEATURE.SPECIALQUALITY</type>
			<associated></associated>
			<count>0</count>
			<aspect></aspect>
			<auto>F</auto>
			<hidden>F</hidden>
			<virtual>F</virtual>
			<category>Special Ability</category>
			<source>Paizo Inc. - Core Rulebook, p.79</source>
		</special_quality>
		<special_quality>
			<name>Conjuration Opposition School</name>
			<description>You have chosen conjuration spells as an opposition school. Preparing an conjuration spell takes up two spell slots of the same level. You take a -4 penalty on any skill checks made when crafting a magic item that has an conjuration spell as a prerequisite.</description>
			<type>WIZARDCLASSFEATURES.SPECIALQUALITY.CLASSSPECIALIZATION.ARCANEOPPOSITIONSCHOOL</type>
			<associated></associated>
			<count>0</count>
			<aspect></aspect>
			<auto>F</auto>
			<hidden>F</hidden>
			<virtual>F</virtual>
			<category>Special Ability</category>
			<source>Paizo Inc. - Core Rulebook, p.78</source>
		</special_quality>
		<special_quality>
			<name>Protective Ward (Su)</name>
			<description>As a standard action, you can create a 10-foot-radius field of protective magic centered on you that lasts 4 rounds. All allies in this area (including you) receive a +2 deflection bonus to their AC. You can use this ability 7 times a day.</description>
			<type>WIZARDCLASSFEATURES.SPECIALQUALITY.SUPERNATURAL.ARCANESCHOOLPOWER.ARCANESCHOOLPOWERLVL1.AURA</type>
			<associated></associated>
			<count>0</count>
			<aspect>Ability Benefit: +2, CheckCount: 7, CheckType: Uses per day, </aspect>
			<auto>F</auto>
			<hidden>F</hidden>
			<virtual>F</virtual>
			<category>Special Ability</category>
			<source>Paizo Inc. - Core Rulebook, p.80</source>
		</special_quality>
		<special_quality>
			<name>Resistance (Ex)</name>
			<description>You gain resistance 5 to an energy type of your choice, chosen when you prepare spells. This resistance can be changed each day.</description>
			<type>WIZARDCLASSFEATURES.SPECIALQUALITY.EXTRAORDINARY.ARCANESCHOOLPOWER.ARCANESCHOOLPOWERLVL1</type>
			<associated></associated>
			<count>0</count>
			<aspect>Ability Benefit: 5, </aspect>
			<auto>F</auto>
			<hidden>F</hidden>
			<virtual>F</virtual>
			<category>Special Ability</category>
			<source>Paizo Inc. - Core Rulebook, p.79</source>
		</special_quality>
		<special_quality>
			<name>Skilled</name>
			<description>Humans gain an additional skill rank at 1st level and one additional rank whenever they gain a level.</description>
			<type>RACIALTRAITS.HUMAN RACIAL TRAIT.HUMAN RACIAL DEFAULT.SPECIALQUALITY</type>
			<associated></associated>
			<count>0</count>
			<aspect></aspect>
			<auto>F</auto>
			<hidden>F</hidden>
			<virtual>F</virtual>
			<category>Special Ability</category>
			<source>Paizo Inc. - Advanced Race Guide, p.70</source>
		</special_quality>
		<special_quality>
			<name>Spells</name>
			<description><para>A wizard casts arcane spells drawn from the sorcerer/wizard spell list presented in Chapter 10. A wizard must choose and prepare his spells ahead of time.</para><para>To learn, prepare, or cast a spell, the wizard must have an Intelligence score equal to at least 10 + the spell level. The Difficulty Class for a saving throw against a wizard&#39;s spell is 10 + the spell level + the wizard&#39;s Intelligence modifier.</para><para>A wizard can cast only a certain number of spells of each spell level per day. His base daily spell allotment is given on Table 3-16. In addition, he receives bonus spells per day if he has a high Intelligence score (see Table 1-3).</para><para>A wizard may know any number of spells. He must choose and prepare his spells ahead of time by getting 8 hours of sleep and spending 1 hour studying his spellbook. While studying, the wizard decides which spells to prepare.</para></description>
			<type>CLASS FEATURE.WIZARD CLASS FEATURE.SPECIALQUALITY</type>
			<associated></associated>
			<count>0</count>
			<aspect></aspect>
			<auto>F</auto>
			<hidden>F</hidden>
			<virtual>F</virtual>
			<category>Special Ability</category>
			<source>Paizo Inc. - Core Rulebook, p.78</source>
		</special_quality>
	</special_qualities>
	<!--
	  ====================================
	  ====================================
			SPECIAL ATTACKS
	  ====================================
	  ====================================-->
	<special_attacks>
	</special_attacks>

		<!--
	  ====================================
	  ====================================
			Resistance Table
	  ====================================
	  ====================================-->
		<resistances>
		</resistances>

		<!--
	  ====================================
	  ====================================
			Racial Traits
	  ====================================
	  ====================================-->

	<racial_traits>
	</racial_traits>

		<!--
	  ====================================
	  ====================================
			Animal Trick
	  ====================================
	  ====================================-->
	<animal_tricks>
	</animal_tricks>

	<!--
	  ====================================
	  ====================================
			TALENTS
	  ====================================
	  ====================================-->
	<talents>
	</talents>

	<!--
	  ====================================
	  ====================================
			Intelligent Item
	  ====================================
	  ====================================-->
	<intelligent_items>
	</intelligent_items>

	<!--
	  ====================================
	  ====================================
			Words of Power
	  ====================================
	  ====================================-->
	<words_of_powers>
	</words_of_powers>

	<!--
	  ====================================
	  ====================================
			SALIENT DIVINE ABILITIES
	  ====================================
	  ====================================-->
	<salient_divine_abilities>
	</salient_divine_abilities>
	<!--
	  ====================================
	  ====================================
			Occupations
	  ====================================
	  ====================================-->
	<occupations>
	</occupations>


	<!-- Eclipse Section -->
		<!--
	  ====================================
	  ====================================
			Eclipse Recurring Bonuses
	  ====================================
	  ====================================-->
	<charcreations>
	</charcreations>
		<!--
	  ====================================
	  ====================================
			DISADVANTAGES
	  ====================================
	  ====================================-->
	<disadvantages>
	</disadvantages>
	<!--
	  ====================================
	  ====================================
			Eclipse Abilities
	  ====================================
	  ====================================-->
	<eclipse_abilities>
	</eclipse_abilities>
	<!--
	  ====================================
	  ====================================
			Spell Caster Output
	  ====================================
	  ====================================-->
	<spellcasteroutputs>
	</spellcasteroutputs>
	<!--
	  ====================================
	  ====================================
			Martial Arts
	  ====================================
	  ====================================-->
	<martial_arts>
	</martial_arts>
	<!--
	  ====================================
	  ====================================
			Mystic Artist
	  ====================================
	  ====================================-->
	<mystic_artists>
	</mystic_artists>
	<!--
	  ====================================
	  ====================================
			Witchcraft Abilities
	  ====================================
	  ====================================-->
	<witchcrafts>
	</witchcrafts>
	<!--
	  ====================================
	  ====================================
			The Path of the Dragon
	  ====================================
	  ====================================-->
	<path_dragons>
	</path_dragons>
		<!--
	  ====================================
	  ====================================
			Dominion and Advanced Dominion
	  ====================================
	  ====================================-->
	<dominions>
	</dominions>
	<!--
	  ====================================
	  ====================================
			Channeling
	  ====================================
	  ====================================-->
	<channelings>
	</channelings>
	<!-- END ECLIPSE SECION -->

	<!--
	  ====================================
	  ====================================
			POWERS - CLASSFEATURES
	  ====================================
	  ====================================-->
	<powers_classfeatures>
	</powers_classfeatures>

		<!--
	  ====================================
	  ====================================
			POWERS - CLASSFEATURES
	  ====================================
	  ====================================-->
	<powers_classfeatures>
	</powers_classfeatures><!--
	  ====================================
	  ====================================
			POWERS - FEATPOWERS
	  ====================================
	  ====================================-->
	<powers_featpowers>
	</powers_featpowers>

	<!--
	  ====================================
	  ====================================
			4e Powers - At-Will
	  ====================================
	  ====================================-->
	<powers_atwills>
	</powers_atwills>

	<!--
	  ====================================
	  ====================================
			4e Powers - At-Will
	  ====================================
	  ====================================-->
	<powers_atwills>
	</powers_atwills>

	<!--
	  ====================================
	  ====================================
			4e Powers - Encounter
	  ====================================
	  ====================================-->

	<powers_encounters>
	</powers_encounters>
	<!--
	  ====================================
	  ====================================
			4e Powers - Daily
	  ====================================
	  ====================================-->
	<powers_dailies>
	</powers_dailies>
	<!--
	  ====================================
	  ====================================
			4e Powers - Utility
	  ====================================
	  ====================================-->

	<powers_utilities>
	</powers_utilities>

	<!--
	  ====================================
	  ====================================
			Demon Cant
	  ====================================
	  ====================================-->
	<demon_cants>
	</demon_cants>
	<!--
	  ====================================
	  ====================================
			Mage Gnosis
	  ====================================
	  ====================================-->
	<mage_gnosises>
	</mage_gnosises>
	<!--
	  ====================================
	  ====================================
			Vampire Disciplines
	  ====================================
	  ====================================-->
	<vampire_disciplines>
	</vampire_disciplines>
	<!--
	  ====================================
	  ====================================
			Werewolf Rites
	  ====================================
	  ====================================-->
	<werewolf_rites>
	</werewolf_rites>

	<!--
	  ====================================
	  ====================================
			Force Powers
	  ====================================
	  ====================================-->
	<force_powers>
	</force_powers>
	<!--
	  ====================================
	  ====================================
			Force Techniques
	  ====================================
	  ====================================-->
	<force_techniques>
	</force_techniques>
	<!--
	  ====================================
	  ====================================
			Force Secrets
	  ====================================
	  ====================================-->
	<force_secrets>
	</force_secrets>

	<!--
	====================================
	====================================
			MUTATIONS
	====================================
	====================================	-->
	<mutations>
	</mutations>




	<!--
	  ====================================
	  ====================================
			TRAITS
	  ====================================
	  ====================================-->
	<traits>
		<trait>
			<name>Absalom Bouncer</name>
			<description>When you make an attack that deals nonlethal damage with an unarmed strike, you gain a +1 bonus on your damage roll.</description>
			<source>Paizo Inc. - Pathfinder Player Companion: Advanced Class Origins, p.11</source>
		</trait>
		<trait>
			<name>Acadamae Neophyte</name>
			<description>Whenever you succeed at a Knowledge (planes) check to identify a creature and its special powers or vulnerabilities, you gain one additional piece of useful information (as if your skill check result had been 5 higher).</description>
			<source>Paizo Publishing - Pathfinder Player Companion: Monster Summoner&#39;s Handbook, p.10</source>
		</trait>
		<trait>
			<name>Acrobat</name>
			<description>Having trained from a young age, you&#39;re capable of amazing feats of daring. You gain a +1 bonus on Acrobatics checks, and you take only a -2 penalty instead of the normal -5 penalty when using the Climb skill to attempt an accelerated climb.</description>
			<source>Paizo Publishing - Ultimate Campaign, p.59</source>
		</trait>
		<trait>
			<name>Alabaster Outcast (Abacus)</name>
			<description>You are a member of one of Magnimar&#39;s wealthiest families... or rather, you used to be. A falling-out left you disowned and disinherited. Now you hope to get away from the city and find fortune enough to shame your former kinsfolk-goals which led you to the Pathfinder Society. Despite your exile, your name still carries considerable weight in Magnimar, and you gain a +1 trait bonus on Diplomacy and Intimidate checks made within the city. Additionally, you start play with a noble&#39;s outfit, a signet ring, and a single additional nonmagical item worth no more than 200 gp. Your last name is probably Derexhi, Kaddren, Mindurian, Niroden, Scarnetti, Valdemar, Vanderale, or Versade (but may be another of your choosing; see Magnimar, City of Monuments).</description>
			<source>Paizo Inc. - Pathfinder Player Companion: Varisia, Birthplace of Legends, p.30</source>
		</trait>
	</traits>

	<!--
	  ====================================
	  ====================================
			Afflictions
	  ====================================
	  ====================================-->
	<afflictions>
	</afflictions>

	<!--
	  ====================================
	  ====================================
			PFS Chronicles
	  ====================================
	  ====================================-->
	<pfs_chronicles>
	</pfs_chronicles>
	<!--
	  ====================================
	  ====================================
			PFS Boons
	  ====================================
	  ====================================-->
	<pfs_boons>
	</pfs_boons>
	<!--
	====================================
	  ====================================
			Temporary Bonus
	  ====================================
	  ====================================-->
	<tempbonuses>
	</tempbonuses>

	<!--
	  ====================================
	  ====================================
			MISCELLANEOUS
	  ====================================
	  ====================================-->


	<!-- Domains -->
	<weapon_proficiencies>Club, Heavy Crossbow, Light Crossbow, Dagger, Grapple, Quarterstaff, Ray Spells, Touch Spells, Splash Weapon, Unarmed Strike</weapon_proficiencies>
	<languages>Common</languages>


	<misc>
			<gold>4,993</gold>

		<funds>
			<fund></fund>
		</funds>
		<companions>
			<companion></companion>
		</companions>
<!--	This doesn't work - AM
		-->
		<magics>
			<magic></magic>
		</magics>
	</misc>
	<!--
	  ====================================
	  ====================================
			COMPANIONS
	  ====================================
	  ====================================-->
	<companions>


	</companions>
	<!--
	  ====================================
	  ====================================
			SPELLS
	  ====================================
	  ====================================-->
	<spells>
		<!-- ### BEGIN Innate spells ### -->
	<spells_innate number="none"/>
		<!-- ### END Innate spells ### -->
		<!-- ### BEGIN Known spells ### -->
		<known_spells>
		<class number="0" spelllistclass="Wizard" spellcasterlevel="5" spellcastertype="Arcane" memorize="true" concentration="+9">
			<level number="0" known="0" cast="4+0">
			</level>
			<level number="1" known="0" cast="4+1">
			</level>
			<level number="2" known="0" cast="3+1">
			</level>
			<level number="3" known="0" cast="2+1">
			</level>
			<level number="4" known="0" cast="0">
			</level>
			<level number="5" known="0" cast="0">
			</level>
			<level number="6" known="0" cast="0">
			</level>
			<level number="7" known="0" cast="0">
			</level>
			<level number="8" known="0" cast="0">
			</level>
			<level number="9" known="0" cast="0">
			</level>
		</class>
	</known_spells>
		<!-- ### END Known spells ### -->

		<!-- ### BEGIN memorized spells ### -->
	<memorized_spells/>
	<!-- ### END class Spellbook memorized spells ### -->
	</spells>
	<!-- ### Additional House Rules for Variables in the xsl:fo code ### -->
	<house_var>
		<spelldisplaydc>0.0</spelldisplaydc>
		<OldStyleAbilityStatBlockDisplay>0.0</OldStyleAbilityStatBlockDisplay>
	</house_var>
</character>
